Archive member included because of file (symbol)

/opt/altera/13.0sp1/nios2eds/bin/gnu/H-i686-pc-linux-gnu/bin/../lib/gcc/nios2-elf/4.1.2/../../../../nios2-elf/lib/mno-hw-mul/libc.a(lib_a-impure.o)
                              obj/default/lab1_IO/puttime.o (_impure_ptr)
/opt/altera/13.0sp1/nios2eds/bin/gnu/H-i686-pc-linux-gnu/bin/../lib/gcc/nios2-elf/4.1.2/../../../../nios2-elf/lib/mno-hw-mul/libc.a(lib_a-putc.o)
                              obj/default/lab1_IO/puttime.o (putc)
/opt/altera/13.0sp1/nios2eds/bin/gnu/H-i686-pc-linux-gnu/bin/../lib/gcc/nios2-elf/4.1.2/../../../../nios2-elf/lib/mno-hw-mul/libc.a(lib_a-wbuf.o)
                              /opt/altera/13.0sp1/nios2eds/bin/gnu/H-i686-pc-linux-gnu/bin/../lib/gcc/nios2-elf/4.1.2/../../../../nios2-elf/lib/mno-hw-mul/libc.a(lib_a-putc.o) (__swbuf_r)
/opt/altera/13.0sp1/nios2eds/bin/gnu/H-i686-pc-linux-gnu/bin/../lib/gcc/nios2-elf/4.1.2/../../../../nios2-elf/lib/mno-hw-mul/libc.a(lib_a-wsetup.o)
                              /opt/altera/13.0sp1/nios2eds/bin/gnu/H-i686-pc-linux-gnu/bin/../lib/gcc/nios2-elf/4.1.2/../../../../nios2-elf/lib/mno-hw-mul/libc.a(lib_a-wbuf.o) (__swsetup_r)
/opt/altera/13.0sp1/nios2eds/bin/gnu/H-i686-pc-linux-gnu/bin/../lib/gcc/nios2-elf/4.1.2/../../../../nios2-elf/lib/mno-hw-mul/libc.a(lib_a-fflush.o)
                              /opt/altera/13.0sp1/nios2eds/bin/gnu/H-i686-pc-linux-gnu/bin/../lib/gcc/nios2-elf/4.1.2/../../../../nios2-elf/lib/mno-hw-mul/libc.a(lib_a-wbuf.o) (_fflush_r)
/opt/altera/13.0sp1/nios2eds/bin/gnu/H-i686-pc-linux-gnu/bin/../lib/gcc/nios2-elf/4.1.2/../../../../nios2-elf/lib/mno-hw-mul/libc.a(lib_a-findfp.o)
                              /opt/altera/13.0sp1/nios2eds/bin/gnu/H-i686-pc-linux-gnu/bin/../lib/gcc/nios2-elf/4.1.2/../../../../nios2-elf/lib/mno-hw-mul/libc.a(lib_a-putc.o) (__sinit)
/opt/altera/13.0sp1/nios2eds/bin/gnu/H-i686-pc-linux-gnu/bin/../lib/gcc/nios2-elf/4.1.2/../../../../nios2-elf/lib/mno-hw-mul/libc.a(lib_a-freer.o)
                              /opt/altera/13.0sp1/nios2eds/bin/gnu/H-i686-pc-linux-gnu/bin/../lib/gcc/nios2-elf/4.1.2/../../../../nios2-elf/lib/mno-hw-mul/libc.a(lib_a-wsetup.o) (_free_r)
/opt/altera/13.0sp1/nios2eds/bin/gnu/H-i686-pc-linux-gnu/bin/../lib/gcc/nios2-elf/4.1.2/../../../../nios2-elf/lib/mno-hw-mul/libc.a(lib_a-fwalk.o)
                              /opt/altera/13.0sp1/nios2eds/bin/gnu/H-i686-pc-linux-gnu/bin/../lib/gcc/nios2-elf/4.1.2/../../../../nios2-elf/lib/mno-hw-mul/libc.a(lib_a-fflush.o) (_fwalk_reent)
/opt/altera/13.0sp1/nios2eds/bin/gnu/H-i686-pc-linux-gnu/bin/../lib/gcc/nios2-elf/4.1.2/../../../../nios2-elf/lib/mno-hw-mul/libc.a(lib_a-makebuf.o)
                              /opt/altera/13.0sp1/nios2eds/bin/gnu/H-i686-pc-linux-gnu/bin/../lib/gcc/nios2-elf/4.1.2/../../../../nios2-elf/lib/mno-hw-mul/libc.a(lib_a-wsetup.o) (__smakebuf_r)
/opt/altera/13.0sp1/nios2eds/bin/gnu/H-i686-pc-linux-gnu/bin/../lib/gcc/nios2-elf/4.1.2/../../../../nios2-elf/lib/mno-hw-mul/libc.a(lib_a-mallocr.o)
                              /opt/altera/13.0sp1/nios2eds/bin/gnu/H-i686-pc-linux-gnu/bin/../lib/gcc/nios2-elf/4.1.2/../../../../nios2-elf/lib/mno-hw-mul/libc.a(lib_a-findfp.o) (_malloc_r)
/opt/altera/13.0sp1/nios2eds/bin/gnu/H-i686-pc-linux-gnu/bin/../lib/gcc/nios2-elf/4.1.2/../../../../nios2-elf/lib/mno-hw-mul/libc.a(lib_a-memset.o)
                              /opt/altera/13.0sp1/nios2eds/bin/gnu/H-i686-pc-linux-gnu/bin/../lib/gcc/nios2-elf/4.1.2/../../../../nios2-elf/lib/mno-hw-mul/libc.a(lib_a-findfp.o) (memset)
/opt/altera/13.0sp1/nios2eds/bin/gnu/H-i686-pc-linux-gnu/bin/../lib/gcc/nios2-elf/4.1.2/../../../../nios2-elf/lib/mno-hw-mul/libc.a(lib_a-sbrkr.o)
                              /opt/altera/13.0sp1/nios2eds/bin/gnu/H-i686-pc-linux-gnu/bin/../lib/gcc/nios2-elf/4.1.2/../../../../nios2-elf/lib/mno-hw-mul/libc.a(lib_a-freer.o) (_sbrk_r)
/opt/altera/13.0sp1/nios2eds/bin/gnu/H-i686-pc-linux-gnu/bin/../lib/gcc/nios2-elf/4.1.2/../../../../nios2-elf/lib/mno-hw-mul/libc.a(lib_a-stdio.o)
                              /opt/altera/13.0sp1/nios2eds/bin/gnu/H-i686-pc-linux-gnu/bin/../lib/gcc/nios2-elf/4.1.2/../../../../nios2-elf/lib/mno-hw-mul/libc.a(lib_a-findfp.o) (__sclose)
/opt/altera/13.0sp1/nios2eds/bin/gnu/H-i686-pc-linux-gnu/bin/../lib/gcc/nios2-elf/4.1.2/../../../../nios2-elf/lib/mno-hw-mul/libc.a(lib_a-writer.o)
                              /opt/altera/13.0sp1/nios2eds/bin/gnu/H-i686-pc-linux-gnu/bin/../lib/gcc/nios2-elf/4.1.2/../../../../nios2-elf/lib/mno-hw-mul/libc.a(lib_a-stdio.o) (_write_r)
/opt/altera/13.0sp1/nios2eds/bin/gnu/H-i686-pc-linux-gnu/bin/../lib/gcc/nios2-elf/4.1.2/../../../../nios2-elf/lib/mno-hw-mul/libc.a(lib_a-closer.o)
                              /opt/altera/13.0sp1/nios2eds/bin/gnu/H-i686-pc-linux-gnu/bin/../lib/gcc/nios2-elf/4.1.2/../../../../nios2-elf/lib/mno-hw-mul/libc.a(lib_a-stdio.o) (_close_r)
[...]
Memory Configuration

Name             Origin             Length             Attributes
reset            0x01000000         0x00000020
sdram            0x01000020         0x00ffffe0
onchip_memory    0x02008000         0x00008000
*default*        0x00000000         0xffffffff

Linker script and memory map

LOAD bsp//obj/HAL/src/crt0.o
LOAD obj/default/lab1_IO/main.o
LOAD obj/default/lab1_IO/puthex.o
LOAD obj/default/lab1_IO/puttime.o
LOAD obj/default/lab1_IO/tick.o
LOAD obj/default/lab1_IO/delay_asm.o
LOAD obj/default/lab1_IO/hexasc_asm.o
LOAD /opt/altera/13.0sp1/nios2eds/bin/gnu/H-i686-pc-linux-gnu/bin/../lib/gcc/nios2-elf/4.1.2/../../../../nios2-elf/lib/mno-hw-mul/libstdc++.a
LOAD /opt/altera/13.0sp1/nios2eds/bin/gnu/H-i686-pc-linux-gnu/bin/../lib/gcc/nios2-elf/4.1.2/../../../../nios2-elf/lib/mno-hw-mul/libm.a
LOAD /opt/altera/13.0sp1/nios2eds/bin/gnu/H-i686-pc-linux-gnu/bin/../lib/gcc/nios2-elf/4.1.2/mno-hw-mul/libgcc.a
START GROUP
LOAD /opt/altera/13.0sp1/nios2eds/bin/gnu/H-i686-pc-linux-gnu/bin/../lib/gcc/nios2-elf/4.1.2/../../../../nios2-elf/lib/mno-hw-mul/libc.a
LOAD /opt/altera/13.0sp1/nios2eds/bin/gnu/H-i686-pc-linux-gnu/bin/../lib/gcc/nios2-elf/4.1.2/mno-hw-mul/libgcc.a
LOAD bsp//libhal_bsp.a
END GROUP
LOAD /opt/altera/13.0sp1/nios2eds/bin/gnu/H-i686-pc-linux-gnu/bin/../lib/gcc/nios2-elf/4.1.2/mno-hw-mul/libgcc.a
                0x01000000                __alt_mem_sdram = 0x1000000
                0x02008000                __alt_mem_onchip_memory = 0x2008000

.entry          0x01000000       0x20
 *(.entry)
 .entry         0x01000000       0x20 bsp//obj/HAL/src/crt0.o
                0x01000000                __reset

.exceptions     0x01000020      0x194
                0x01000020                PROVIDE (__ram_exceptions_start, ABSOLUTE (.))
                0x01000020                . = ALIGN (0x20)
 *(.irq)
 *(.exceptions.entry.label)
 .exceptions.entry.label
                0x01000020        0x0 bsp//libhal_bsp.a(alt_irq_entry.o)
                0x01000020                alt_irq_entry
 .exceptions.entry.label
                0x01000020        0x0 bsp//libhal_bsp.a(alt_exception_entry.o)
                0x01000020                alt_exception
 *(.exceptions.entry.user)
 *(.exceptions.entry)
 .exceptions.entry
                0x01000020       0x54 bsp//libhal_bsp.a(alt_exception_entry.o)
 *(.exceptions.irqtest.user)
 *(.exceptions.irqtest)
 .exceptions.irqtest
                0x01000074       0x10 bsp//libhal_bsp.a(alt_irq_entry.o)
 *(.exceptions.irqhandler.user)
 *(.exceptions.irqhandler)
 .exceptions.irqhandler
                0x01000084        0x4 bsp//libhal_bsp.a(alt_irq_entry.o)
 *(.exceptions.irqreturn.user)
 *(.exceptions.irqreturn)
 .exceptions.irqreturn
                0x01000088        0x4 bsp//libhal_bsp.a(alt_irq_entry.o)
 *(.exceptions.notirq.label)
 .exceptions.notirq.label
                0x0100008c        0x0 bsp//libhal_bsp.a(alt_irq_entry.o)
 *(.exceptions.notirq.user)
 *(.exceptions.notirq)
 .exceptions.notirq
                0x0100008c        0x8 bsp//libhal_bsp.a(alt_exception_entry.o)
 *(.exceptions.soft.user)
 *(.exceptions.soft)
 *(.exceptions.unknown.user)
 *(.exceptions.unknown)
 .exceptions.unknown
                0x01000094        0x4 bsp//libhal_bsp.a(alt_exception_entry.o)
 *(.exceptions.exit.label)
 .exceptions.exit.label
                0x01000098        0x0 bsp//libhal_bsp.a(alt_irq_entry.o)
 .exceptions.exit.label
                0x01000098        0x0 bsp//libhal_bsp.a(alt_exception_entry.o)
 *(.exceptions.exit.user)
 *(.exceptions.exit)
 .exceptions.exit
                0x01000098       0x54 bsp//libhal_bsp.a(alt_exception_entry.o)
 *(.exceptions)
 .exceptions    0x010000ec       0xc8 bsp//libhal_bsp.a(alt_irq_handler.o)
                0x010000ec                alt_irq_handler
                0x010001b4                PROVIDE (__ram_exceptions_end, ABSOLUTE (.))
                0x01000020                PROVIDE (__flash_exceptions_start, LOADADDR (.exceptions))

.text           0x010001b4     0x4e34
                0x010001b4                PROVIDE (stext, ABSOLUTE (.))
 *(.interp)
 *(.hash)
 *(.dynsym)
 *(.dynstr)
 *(.gnu.version)
 *(.gnu.version_d)
 *(.gnu.version_r)
 *(.rel.init)
 *(.rela.init)
 *(.rel.text .rel.text.* .rel.gnu.linkonce.t.*)
 *(.rela.text .rela.text.* .rela.gnu.linkonce.t.*)
 *(.rel.fini)
 *(.rela.fini)
 *(.rel.rodata .rel.rodata.* .rel.gnu.linkonce.r.*)
 *(.rela.rodata .rela.rodata.* .rela.gnu.linkonce.r.*)
 *(.rel.data .rel.data.* .rel.gnu.linkonce.d.*)
 *(.rela.data .rela.data.* .rela.gnu.linkonce.d.*)
 *(.rel.tdata .rel.tdata.* .rel.gnu.linkonce.td.*)
 *(.rela.tdata .rela.tdata.* .rela.gnu.linkonce.td.*)
 *(.rel.tbss .rel.tbss.* .rel.gnu.linkonce.tb.*)
 *(.rela.tbss .rela.tbss.* .rela.gnu.linkonce.tb.*)
 *(.rel.ctors)
 *(.rela.ctors)
 *(.rel.dtors)
 *(.rela.dtors)
 *(.rel.got)
 *(.rela.got)
 *(.rel.sdata .rel.sdata.* .rel.gnu.linkonce.s.*)
 *(.rela.sdata .rela.sdata.* .rela.gnu.linkonce.s.*)
 *(.rel.sbss .rel.sbss.* .rel.gnu.linkonce.sb.*)
 *(.rela.sbss .rela.sbss.* .rela.gnu.linkonce.sb.*)
 *(.rel.sdata2 .rel.sdata2.* .rel.gnu.linkonce.s2.*)
 *(.rela.sdata2 .rela.sdata2.* .rela.gnu.linkonce.s2.*)
 *(.rel.sbss2 .rel.sbss2.* .rel.gnu.linkonce.sb2.*)
 *(.rela.sbss2 .rela.sbss2.* .rela.gnu.linkonce.sb2.*)
 *(.rel.bss .rel.bss.* .rel.gnu.linkonce.b.*)
 *(.rela.bss .rela.bss.* .rela.gnu.linkonce.b.*)
 *(.rel.plt)
 *(.rela.plt)
 *(.rel.dyn)
 *(.init)
 *(.plt)
 *(.text .stub .text.* .gnu.linkonce.t.*)
 .text          0x010001b4       0x3c bsp//obj/HAL/src/crt0.o
                0x010001b4                _start
 .text          0x010001f0      0x148 obj/default/lab1_IO/main.o
                0x010001f0                pollkey
                0x010002b8                main
 .text          0x01000338       0xd8 obj/default/lab1_IO/puthex.o
                0x01000338                bcd2seven
                0x01000374                puthex
 .text          0x01000410       0xf0 obj/default/lab1_IO/puttime.o
                0x01000410                puttime
 .text          0x01000500       0xac obj/default/lab1_IO/tick.o
                0x01000500                tick
 .text          0x010005ac       0x20 obj/default/lab1_IO/delay_asm.o
                0x010005ac                delay
 .text          0x010005cc       0x20 obj/default/lab1_IO/hexasc_asm.o
                0x010005cc                hexasc
 .text          0x010005ec        0x0 /opt/altera/13.0sp1/nios2eds/bin/gnu/H-i686-pc-linux-gnu/bin/../lib/gcc/nios2-elf/4.1.2/../../../../nios2-elf/lib/mno-hw-mul/libc.a(lib_a-impure.o)
 .text          0x010005ec      0x1ec /opt/altera/13.0sp1/nios2eds/bin/gnu/H-i686-pc-linux-gnu/bin/../lib/gcc/nios2-elf/4.1.2/../../../../nios2-elf/lib/mno-hw-mul/libc.a(lib_a-putc.o)
                0x010005ec                putc
                0x010006f0                _putc_r
 .text          0x010007d8      0x14c /opt/altera/13.0sp1/nios2eds/bin/gnu/H-i686-pc-linux-gnu/bin/../lib/gcc/nios2-elf/4.1.2/../../../../nios2-elf/lib/mno-hw-mul/libc.a(lib_a-wbuf.o)
                0x010007d8                __swbuf_r
                0x01000908                __swbuf
 .text          0x01000924      0x13c /opt/altera/13.0sp1/nios2eds/bin/gnu/H-i686-pc-linux-gnu/bin/../lib/gcc/nios2-elf/4.1.2/../../../../nios2-elf/lib/mno-hw-mul/libc.a(lib_a-wsetup.o)
                0x01000924                __swsetup_r
 .text          0x01000a60      0x230 /opt/altera/13.0sp1/nios2eds/bin/gnu/H-i686-pc-linux-gnu/bin/../lib/gcc/nios2-elf/4.1.2/../../../../nios2-elf/lib/mno-hw-mul/libc.a(lib_a-fflush.o)
                0x01000a60                _fflush_r
                0x01000c5c                fflush
 .text          0x01000c90      0x2f4 /opt/altera/13.0sp1/nios2eds/bin/gnu/H-i686-pc-linux-gnu/bin/../lib/gcc/nios2-elf/4.1.2/../../../../nios2-elf/lib/mno-hw-mul/libc.a(lib_a-findfp.o)
                0x01000ce8                __sfp_lock_acquire
                0x01000cec                __sfp_lock_release
                0x01000cf0                __sinit_lock_acquire
                0x01000cf4                __sinit_lock_release
                0x01000cf8                __sinit
                0x01000dac                __fp_unlock_all
                0x01000dc4                __fp_lock_all
                0x01000ddc                _cleanup_r
                0x01000de8                _cleanup
                0x01000df8                __sfmoreglue
                0x01000e94                __sfp
 .text          0x01000f84      0x440 /opt/altera/13.0sp1/nios2eds/bin/gnu/H-i686-pc-linux-gnu/bin/../lib/gcc/nios2-elf/4.1.2/../../../../nios2-elf/lib/mno-hw-mul/libc.a(lib_a-freer.o)
                0x01000f84                _malloc_trim_r
                0x010010b0                _free_r
 .text          0x010013c4      0x180 /opt/altera/13.0sp1/nios2eds/bin/gnu/H-i686-pc-linux-gnu/bin/../lib/gcc/nios2-elf/4.1.2/../../../../nios2-elf/lib/mno-hw-mul/libc.a(lib_a-fwalk.o)
                0x010013c4                _fwalk_reent
                0x0100148c                _fwalk
 .text          0x01001544      0x194 /opt/altera/13.0sp1/nios2eds/bin/gnu/H-i686-pc-linux-gnu/bin/../lib/gcc/nios2-elf/4.1.2/../../../../nios2-elf/lib/mno-hw-mul/libc.a(lib_a-makebuf.o)
                0x01001544                __smakebuf_r
 .text          0x010016d8      0x740 /opt/altera/13.0sp1/nios2eds/bin/gnu/H-i686-pc-linux-gnu/bin/../lib/gcc/nios2-elf/4.1.2/../../../../nios2-elf/lib/mno-hw-mul/libc.a(lib_a-mallocr.o)
                0x010016d8                _malloc_r
 .text          0x01001e18       0x98 /opt/altera/13.0sp1/nios2eds/bin/gnu/H-i686-pc-linux-gnu/bin/../lib/gcc/nios2-elf/4.1.2/../../../../nios2-elf/lib/mno-hw-mul/libc.a(lib_a-memset.o)
                0x01001e18                memset
 .text          0x01001eb0       0x70 /opt/altera/13.0sp1/nios2eds/bin/gnu/H-i686-pc-linux-gnu/bin/../lib/gcc/nios2-elf/4.1.2/../../../../nios2-elf/lib/mno-hw-mul/libc.a(lib_a-sbrkr.o)
                0x01001eb0                _sbrk_r
 .text          0x01001f20      0x14c /opt/altera/13.0sp1/nios2eds/bin/gnu/H-i686-pc-linux-gnu/bin/../lib/gcc/nios2-elf/4.1.2/../../../../nios2-elf/lib/mno-hw-mul/libc.a(lib_a-stdio.o)
                0x01001f20                __sclose
                0x01001f28                __sseek
                0x01001f90                __swrite
                0x0100200c                __sread
 .text          0x0100206c       0x78 /opt/altera/13.0sp1/nios2eds/bin/gnu/H-i686-pc-linux-gnu/bin/../lib/gcc/nios2-elf/4.1.2/../../../../nios2-elf/lib/mno-hw-mul/libc.a(lib_a-writer.o)
                0x0100206c                _write_r
 .text          0x010020e4       0x70 /opt/altera/13.0sp1/nios2eds/bin/gnu/H-i686-pc-linux-gnu/bin/../lib/gcc/nios2-elf/4.1.2/../../../../nios2-elf/lib/mno-hw-mul/libc.a(lib_a-closer.o)
                0x010020e4                _close_r
 .text          0x01002154      0x124 /opt/altera/13.0sp1/nios2eds/bin/gnu/H-i686-pc-linux-gnu/bin/../lib/gcc/nios2-elf/4.1.2/../../../../nios2-elf/lib/mno-hw-mul/libc.a(lib_a-fclose.o)
                0x01002154                _fclose_r
                0x01002264                fclose
 .text          0x01002278       0x74 /opt/altera/13.0sp1/nios2eds/bin/gnu/H-i686-pc-linux-gnu/bin/../lib/gcc/nios2-elf/4.1.2/../../../../nios2-elf/lib/mno-hw-mul/libc.a(lib_a-fstatr.o)
                0x01002278                _fstat_r
 .text          0x010022ec        0x0 /opt/altera/13.0sp1/nios2eds/bin/gnu/H-i686-pc-linux-gnu/bin/../lib/gcc/nios2-elf/4.1.2/../../../../nios2-elf/lib/mno-hw-mul/libc.a(lib_a-int_errno.o)
 .text          0x010022ec       0x70 /opt/altera/13.0sp1/nios2eds/bin/gnu/H-i686-pc-linux-gnu/bin/../lib/gcc/nios2-elf/4.1.2/../../../../nios2-elf/lib/mno-hw-mul/libc.a(lib_a-isattyr.o)
                0x010022ec                _isatty_r
 .text          0x0100235c       0x78 /opt/altera/13.0sp1/nios2eds/bin/gnu/H-i686-pc-linux-gnu/bin/../lib/gcc/nios2-elf/4.1.2/../../../../nios2-elf/lib/mno-hw-mul/libc.a(lib_a-lseekr.o)
                0x0100235c                _lseek_r
 .text          0x010023d4       0x78 /opt/altera/13.0sp1/nios2eds/bin/gnu/H-i686-pc-linux-gnu/bin/../lib/gcc/nios2-elf/4.1.2/../../../../nios2-elf/lib/mno-hw-mul/libc.a(lib_a-readr.o)
                0x010023d4                _read_r
 .text          0x0100244c       0x38 /opt/altera/13.0sp1/nios2eds/bin/gnu/H-i686-pc-linux-gnu/bin/../lib/gcc/nios2-elf/4.1.2/mno-hw-mul/libgcc.a(lib2-mul.o)
                0x0100244c                __mulsi3
 .text          0x01002484      0x160 bsp//libhal_bsp.a(alt_close.o)
                0x01002484                close
 .text          0x010025e4       0x2c bsp//libhal_bsp.a(alt_dev.o)
 .text          0x01002610        0x0 bsp//libhal_bsp.a(alt_errno.o)
 .text          0x01002610      0x138 bsp//libhal_bsp.a(alt_fstat.o)
                0x01002610                fstat
 .text          0x01002748      0x124 bsp//libhal_bsp.a(alt_isatty.o)
                0x01002748                isatty
 .text          0x0100286c       0xec bsp//libhal_bsp.a(alt_load.o)
                0x0100286c                alt_load
 .text          0x01002958      0x154 bsp//libhal_bsp.a(alt_lseek.o)
                0x01002958                lseek
 .text          0x01002aac       0x6c bsp//libhal_bsp.a(alt_main.o)
                0x01002aac                alt_main
 .text          0x01002b18       0x40 bsp//libhal_bsp.a(alt_malloc_lock.o)
                0x01002b18                __malloc_lock
                0x01002b38                __malloc_unlock
 .text          0x01002b58      0x184 bsp//libhal_bsp.a(alt_read.o)
                0x01002b58                read
 .text          0x01002cdc       0x78 bsp//libhal_bsp.a(alt_release_fd.o)
                0x01002cdc                alt_release_fd
 .text          0x01002d54       0xbc bsp//libhal_bsp.a(alt_sbrk.o)
                0x01002d54                sbrk
 .text          0x01002e10      0x184 bsp//libhal_bsp.a(alt_write.o)
                0x01002e10                write
 .text          0x01002f94       0xd8 bsp//libhal_bsp.a(alt_sys_init.o)
                0x01002f94                alt_irq_init
                0x01002fc8                alt_sys_init
 .text          0x0100306c      0x148 bsp//libhal_bsp.a(altera_avalon_jtag_uart_fd.o)
                0x0100306c                altera_avalon_jtag_uart_read_fd
                0x010030c4                altera_avalon_jtag_uart_write_fd
                0x0100311c                altera_avalon_jtag_uart_close_fd
                0x01003164                altera_avalon_jtag_uart_ioctl_fd
 .text          0x010031b4      0x40c bsp//libhal_bsp.a(altera_avalon_jtag_uart_init.o)
                0x010031b4                altera_avalon_jtag_uart_init
                0x0100354c                altera_avalon_jtag_uart_close
 .text          0x010035c0       0xf4 bsp//libhal_bsp.a(altera_avalon_jtag_uart_ioctl.o)
                0x010035c0                altera_avalon_jtag_uart_ioctl
 .text          0x010036b4      0x224 bsp//libhal_bsp.a(altera_avalon_jtag_uart_read.o)
                0x010036b4                altera_avalon_jtag_uart_read
 .text          0x010038d8      0x240 bsp//libhal_bsp.a(altera_avalon_jtag_uart_write.o)
                0x010038d8                altera_avalon_jtag_uart_write
 .text          0x01003b18      0x100 bsp//libhal_bsp.a(altera_avalon_timer_sc.o)
                0x01003b88                alt_avalon_timer_sc_init
 .text          0x01003c18      0x154 bsp//libhal_bsp.a(alt_alarm_start.o)
                0x01003c18                alt_alarm_start
 .text          0x01003d6c       0x1c bsp//libhal_bsp.a(alt_dcache_flush_all.o)
                0x01003d6c                alt_dcache_flush_all
 .text          0x01003d88      0x114 bsp//libhal_bsp.a(alt_dev_llist_insert.o)
                0x01003d88                alt_dev_llist_insert
 .text          0x01003e9c       0x64 bsp//libhal_bsp.a(alt_do_ctors.o)
                0x01003e9c                _do_ctors
 .text          0x01003f00       0x64 bsp//libhal_bsp.a(alt_do_dtors.o)
                0x01003f00                _do_dtors
 .text          0x01003f64       0x1c bsp//libhal_bsp.a(alt_icache_flush_all.o)
                0x01003f64                alt_icache_flush_all
 .text          0x01003f80      0x1d4 bsp//libhal_bsp.a(alt_iic.o)
                0x01003f80                alt_ic_isr_register
                0x01003fd0                alt_ic_irq_enable
                0x0100406c                alt_ic_irq_disable
                0x0100410c                alt_ic_irq_enabled
 .text          0x01004154       0xf8 bsp//libhal_bsp.a(alt_iic_isr_register.o)
                0x01004154                alt_iic_isr_register
 .text          0x0100424c      0x150 bsp//libhal_bsp.a(alt_io_redirect.o)
                0x01004324                alt_io_redirect
 .text          0x0100439c        0x0 bsp//libhal_bsp.a(alt_irq_entry.o)
 .text          0x0100439c        0x0 bsp//libhal_bsp.a(alt_irq_handler.o)
 .text          0x0100439c        0x0 bsp//libhal_bsp.a(alt_irq_vars.o)
 .text          0x0100439c      0x2e4 bsp//libhal_bsp.a(alt_open.o)
                0x01004494                open
 .text          0x01004680      0x1a4 bsp//libhal_bsp.a(alt_tick.o)
                0x01004680                alt_alarm_stop
                0x01004718                alt_tick
 .text          0x01004824       0x20 bsp//libhal_bsp.a(altera_nios2_qsys_irq.o)
                0x01004824                altera_nios2_qsys_irq_init
 .text          0x01004844        0x0 bsp//libhal_bsp.a(alt_exception_entry.o)
 .text          0x01004844       0x94 bsp//libhal_bsp.a(alt_find_dev.o)
                0x01004844                alt_find_dev
 .text          0x010048d8      0x120 bsp//libhal_bsp.a(alt_find_file.o)
                0x010048d8                alt_find_file
 .text          0x010049f8       0xd0 bsp//libhal_bsp.a(alt_get_fd.o)
                0x010049f8                alt_get_fd
 .text          0x01004ac8       0x14 /opt/altera/13.0sp1/nios2eds/bin/gnu/H-i686-pc-linux-gnu/bin/../lib/gcc/nios2-elf/4.1.2/../../../../nios2-elf/lib/mno-hw-mul/libc.a(lib_a-atexit.o)
                0x01004ac8                atexit
 .text          0x01004adc       0x38 /opt/altera/13.0sp1/nios2eds/bin/gnu/H-i686-pc-linux-gnu/bin/../lib/gcc/nios2-elf/4.1.2/../../../../nios2-elf/lib/mno-hw-mul/libc.a(lib_a-exit.o)
                0x01004adc                exit
 .text          0x01004b14       0x74 /opt/altera/13.0sp1/nios2eds/bin/gnu/H-i686-pc-linux-gnu/bin/../lib/gcc/nios2-elf/4.1.2/../../../../nios2-elf/lib/mno-hw-mul/libc.a(lib_a-memcmp.o)
                0x01004b14                memcmp
 .text          0x01004b88       0xa0 /opt/altera/13.0sp1/nios2eds/bin/gnu/H-i686-pc-linux-gnu/bin/../lib/gcc/nios2-elf/4.1.2/../../../../nios2-elf/lib/mno-hw-mul/libc.a(lib_a-memcpy.o)
                0x01004b88                memcpy
 .text          0x01004c28       0x74 /opt/altera/13.0sp1/nios2eds/bin/gnu/H-i686-pc-linux-gnu/bin/../lib/gcc/nios2-elf/4.1.2/../../../../nios2-elf/lib/mno-hw-mul/libc.a(lib_a-strlen.o)
                0x01004c28                strlen
 .text          0x01004c9c      0x134 /opt/altera/13.0sp1/nios2eds/bin/gnu/H-i686-pc-linux-gnu/bin/../lib/gcc/nios2-elf/4.1.2/../../../../nios2-elf/lib/mno-hw-mul/libc.a(lib_a-__atexit.o)
                0x01004c9c                __register_exitproc
 .text          0x01004dd0      0x1b4 /opt/altera/13.0sp1/nios2eds/bin/gnu/H-i686-pc-linux-gnu/bin/../lib/gcc/nios2-elf/4.1.2/../../../../nios2-elf/lib/mno-hw-mul/libc.a(lib_a-__call_atexit.o)
                0x01004dd4                __call_exitprocs
 .text          0x01004f84       0x60 bsp//libhal_bsp.a(alt_exit.o)
                0x01004fc4                _exit
 *(.gnu.warning.*)
 *(.fini)
                0x01004fe4                PROVIDE (__etext, ABSOLUTE (.))
                0x01004fe4                PROVIDE (_etext, ABSOLUTE (.))
                0x01004fe4                PROVIDE (etext, ABSOLUTE (.))
 *(.eh_frame_hdr)
                0x01004fe4                . = ALIGN (0x4)
                0x01004fe4                PROVIDE (__preinit_array_start, ABSOLUTE (.))
 *(.preinit_array)
                0x01004fe4                PROVIDE (__preinit_array_end, ABSOLUTE (.))
                0x01004fe4                PROVIDE (__init_array_start, ABSOLUTE (.))
 *(.init_array)
                0x01004fe4                PROVIDE (__init_array_end, ABSOLUTE (.))
                0x01004fe4                PROVIDE (__fini_array_start, ABSOLUTE (.))
 *(.fini_array)
                0x01004fe4                PROVIDE (__fini_array_end, ABSOLUTE (.))
 *(.eh_frame)
 *(.gcc_except_table)
 *(.dynamic)
                0x01004fe4                PROVIDE (__CTOR_LIST__, ABSOLUTE (.))
 *(.ctors)
 *(SORT(.ctors.*))
 .ctors.65535   0x01004fe4        0x4 /opt/altera/13.0sp1/nios2eds/bin/gnu/H-i686-pc-linux-gnu/bin/../lib/gcc/nios2-elf/4.1.2/../../../../nios2-elf/lib/mno-hw-mul/libc.a(lib_a-__call_atexit.o)
                0x01004fe8                PROVIDE (__CTOR_END__, ABSOLUTE (.))
                0x01004fe8                PROVIDE (__DTOR_LIST__, ABSOLUTE (.))
 *(.dtors)
 *(SORT(.dtors.*))
                0x01004fe8                PROVIDE (__DTOR_END__, ABSOLUTE (.))
 *(.jcr)
                0x01004fe8                . = ALIGN (0x4)

.rodata         0x01004fe8       0x38
                0x01004fe8                PROVIDE (__ram_rodata_start, ABSOLUTE (.))
                0x01004fe8                . = ALIGN (0x4)
 *(.rodata .rodata.* .gnu.linkonce.r.*)
 .rodata.str1.4
                0x01004fe8        0x4 /opt/altera/13.0sp1/nios2eds/bin/gnu/H-i686-pc-linux-gnu/bin/../lib/gcc/nios2-elf/4.1.2/../../../../nios2-elf/lib/mno-hw-mul/libc.a(lib_a-impure.o)
 .rodata        0x01004fec        0xc bsp//libhal_bsp.a(alt_dev.o)
 .rodata        0x01004ff8       0x14 bsp//libhal_bsp.a(alt_main.o)
 .rodata        0x0100500c       0x14 bsp//libhal_bsp.a(alt_sys_init.o)
 *(.rodata1)
                0x01005020                . = ALIGN (0x4)
                0x01005020                PROVIDE (__ram_rodata_end, ABSOLUTE (.))
                0x01004fe8                PROVIDE (__flash_rodata_start, LOADADDR (.rodata))

.rwdata         0x01005020     0x1944 load address 0x01006964
                0x01005020                PROVIDE (__ram_rwdata_start, ABSOLUTE (.))
                0x01005020                . = ALIGN (0x4)
 *(.got.plt)
 *(.got)
 *(.data1)
 *(.data .data.* .gnu.linkonce.d.*)
 .data          0x01005020        0x0 bsp//obj/HAL/src/crt0.o
 .data          0x01005020        0x0 obj/default/lab1_IO/main.o
 .data          0x01005020       0x40 obj/default/lab1_IO/puthex.o
 .data          0x01005060        0x0 obj/default/lab1_IO/puttime.o
 .data          0x01005060        0x0 obj/default/lab1_IO/tick.o
 .data          0x01005060        0x0 obj/default/lab1_IO/delay_asm.o
 .data          0x01005060        0x0 obj/default/lab1_IO/hexasc_asm.o
 .data          0x01005060      0x400 /opt/altera/13.0sp1/nios2eds/bin/gnu/H-i686-pc-linux-gnu/bin/../lib/gcc/nios2-elf/4.1.2/../../../../nios2-elf/lib/mno-hw-mul/libc.a(lib_a-impure.o)
 .data          0x01005460        0x0 /opt/altera/13.0sp1/nios2eds/bin/gnu/H-i686-pc-linux-gnu/bin/../lib/gcc/nios2-elf/4.1.2/../../../../nios2-elf/lib/mno-hw-mul/libc.a(lib_a-putc.o)
 .data          0x01005460        0x0 /opt/altera/13.0sp1/nios2eds/bin/gnu/H-i686-pc-linux-gnu/bin/../lib/gcc/nios2-elf/4.1.2/../../../../nios2-elf/lib/mno-hw-mul/libc.a(lib_a-wbuf.o)
 .data          0x01005460        0x0 /opt/altera/13.0sp1/nios2eds/bin/gnu/H-i686-pc-linux-gnu/bin/../lib/gcc/nios2-elf/4.1.2/../../../../nios2-elf/lib/mno-hw-mul/libc.a(lib_a-wsetup.o)
 .data          0x01005460        0x0 /opt/altera/13.0sp1/nios2eds/bin/gnu/H-i686-pc-linux-gnu/bin/../lib/gcc/nios2-elf/4.1.2/../../../../nios2-elf/lib/mno-hw-mul/libc.a(lib_a-fflush.o)
 .data          0x01005460        0x0 /opt/altera/13.0sp1/nios2eds/bin/gnu/H-i686-pc-linux-gnu/bin/../lib/gcc/nios2-elf/4.1.2/../../../../nios2-elf/lib/mno-hw-mul/libc.a(lib_a-findfp.o)
 .data          0x01005460        0x0 /opt/altera/13.0sp1/nios2eds/bin/gnu/H-i686-pc-linux-gnu/bin/../lib/gcc/nios2-elf/4.1.2/../../../../nios2-elf/lib/mno-hw-mul/libc.a(lib_a-freer.o)
 .data          0x01005460        0x0 /opt/altera/13.0sp1/nios2eds/bin/gnu/H-i686-pc-linux-gnu/bin/../lib/gcc/nios2-elf/4.1.2/../../../../nios2-elf/lib/mno-hw-mul/libc.a(lib_a-fwalk.o)
 .data          0x01005460        0x0 /opt/altera/13.0sp1/nios2eds/bin/gnu/H-i686-pc-linux-gnu/bin/../lib/gcc/nios2-elf/4.1.2/../../../../nios2-elf/lib/mno-hw-mul/libc.a(lib_a-makebuf.o)
 .data          0x01005460      0x408 /opt/altera/13.0sp1/nios2eds/bin/gnu/H-i686-pc-linux-gnu/bin/../lib/gcc/nios2-elf/4.1.2/../../../../nios2-elf/lib/mno-hw-mul/libc.a(lib_a-mallocr.o)
                0x01005460                __malloc_av_
 .data          0x01005868        0x0 /opt/altera/13.0sp1/nios2eds/bin/gnu/H-i686-pc-linux-gnu/bin/../lib/gcc/nios2-elf/4.1.2/../../../../nios2-elf/lib/mno-hw-mul/libc.a(lib_a-memset.o)
 .data          0x01005868        0x0 /opt/altera/13.0sp1/nios2eds/bin/gnu/H-i686-pc-linux-gnu/bin/../lib/gcc/nios2-elf/4.1.2/../../../../nios2-elf/lib/mno-hw-mul/libc.a(lib_a-sbrkr.o)
 .data          0x01005868        0x0 /opt/altera/13.0sp1/nios2eds/bin/gnu/H-i686-pc-linux-gnu/bin/../lib/gcc/nios2-elf/4.1.2/../../../../nios2-elf/lib/mno-hw-mul/libc.a(lib_a-stdio.o)
 .data          0x01005868        0x0 /opt/altera/13.0sp1/nios2eds/bin/gnu/H-i686-pc-linux-gnu/bin/../lib/gcc/nios2-elf/4.1.2/../../../../nios2-elf/lib/mno-hw-mul/libc.a(lib_a-writer.o)
 .data          0x01005868        0x0 /opt/altera/13.0sp1/nios2eds/bin/gnu/H-i686-pc-linux-gnu/bin/../lib/gcc/nios2-elf/4.1.2/../../../../nios2-elf/lib/mno-hw-mul/libc.a(lib_a-closer.o)
 .data          0x01005868        0x0 /opt/altera/13.0sp1/nios2eds/bin/gnu/H-i686-pc-linux-gnu/bin/../lib/gcc/nios2-elf/4.1.2/../../../../nios2-elf/lib/mno-hw-mul/libc.a(lib_a-fclose.o)
 .data          0x01005868        0x0 /opt/altera/13.0sp1/nios2eds/bin/gnu/H-i686-pc-linux-gnu/bin/../lib/gcc/nios2-elf/4.1.2/../../../../nios2-elf/lib/mno-hw-mul/libc.a(lib_a-fstatr.o)
 .data          0x01005868        0x0 /opt/altera/13.0sp1/nios2eds/bin/gnu/H-i686-pc-linux-gnu/bin/../lib/gcc/nios2-elf/4.1.2/../../../../nios2-elf/lib/mno-hw-mul/libc.a(lib_a-int_errno.o)
 .data          0x01005868        0x0 /opt/altera/13.0sp1/nios2eds/bin/gnu/H-i686-pc-linux-gnu/bin/../lib/gcc/nios2-elf/4.1.2/../../../../nios2-elf/lib/mno-hw-mul/libc.a(lib_a-isattyr.o)
 .data          0x01005868        0x0 /opt/altera/13.0sp1/nios2eds/bin/gnu/H-i686-pc-linux-gnu/bin/../lib/gcc/nios2-elf/4.1.2/../../../../nios2-elf/lib/mno-hw-mul/libc.a(lib_a-lseekr.o)
 .data          0x01005868        0x0 /opt/altera/13.0sp1/nios2eds/bin/gnu/H-i686-pc-linux-gnu/bin/../lib/gcc/nios2-elf/4.1.2/../../../../nios2-elf/lib/mno-hw-mul/libc.a(lib_a-readr.o)
 .data          0x01005868        0x0 /opt/altera/13.0sp1/nios2eds/bin/gnu/H-i686-pc-linux-gnu/bin/../lib/gcc/nios2-elf/4.1.2/mno-hw-mul/libgcc.a(lib2-mul.o)
 .data          0x01005868        0x0 bsp//libhal_bsp.a(alt_close.o)
 .data          0x01005868       0x58 bsp//libhal_bsp.a(alt_dev.o)
                0x01005868                alt_dev_null
                0x01005890                alt_fd_list
 .data          0x010058c0        0x0 bsp//libhal_bsp.a(alt_errno.o)
 .data          0x010058c0        0x0 bsp//libhal_bsp.a(alt_fstat.o)
 .data          0x010058c0        0x0 bsp//libhal_bsp.a(alt_isatty.o)
 .data          0x010058c0        0x0 bsp//libhal_bsp.a(alt_load.o)
 .data          0x010058c0        0x0 bsp//libhal_bsp.a(alt_lseek.o)
 .data          0x010058c0        0x0 bsp//libhal_bsp.a(alt_main.o)
 .data          0x010058c0        0x0 bsp//libhal_bsp.a(alt_malloc_lock.o)
 .data          0x010058c0        0x0 bsp//libhal_bsp.a(alt_read.o)
 .data          0x010058c0        0x0 bsp//libhal_bsp.a(alt_release_fd.o)
 .data          0x010058c0        0x0 bsp//libhal_bsp.a(alt_sbrk.o)
 .data          0x010058c0        0x0 bsp//libhal_bsp.a(alt_write.o)
 .data          0x010058c0     0x1060 bsp//libhal_bsp.a(alt_sys_init.o)
 .data          0x01006920        0x0 bsp//libhal_bsp.a(altera_avalon_jtag_uart_fd.o)
 .data          0x01006920        0x0 bsp//libhal_bsp.a(altera_avalon_jtag_uart_init.o)
 .data          0x01006920        0x0 bsp//libhal_bsp.a(altera_avalon_jtag_uart_ioctl.o)
 .data          0x01006920        0x0 bsp//libhal_bsp.a(altera_avalon_jtag_uart_read.o)
 .data          0x01006920        0x0 bsp//libhal_bsp.a(altera_avalon_jtag_uart_write.o)
 .data          0x01006920        0x0 bsp//libhal_bsp.a(altera_avalon_timer_sc.o)
 .data          0x01006920        0x0 bsp//libhal_bsp.a(alt_alarm_start.o)
 .data          0x01006920        0x0 bsp//libhal_bsp.a(alt_dcache_flush_all.o)
 .data          0x01006920        0x0 bsp//libhal_bsp.a(alt_dev_llist_insert.o)
 .data          0x01006920        0x0 bsp//libhal_bsp.a(alt_do_ctors.o)
 .data          0x01006920        0x0 bsp//libhal_bsp.a(alt_do_dtors.o)
 .data          0x01006920        0x0 bsp//libhal_bsp.a(alt_icache_flush_all.o)
 .data          0x01006920        0x0 bsp//libhal_bsp.a(alt_iic.o)
 .data          0x01006920        0x0 bsp//libhal_bsp.a(alt_iic_isr_register.o)
 .data          0x01006920        0x0 bsp//libhal_bsp.a(alt_io_redirect.o)
 .data          0x01006920        0x0 bsp//libhal_bsp.a(alt_irq_entry.o)
 .data          0x01006920        0x0 bsp//libhal_bsp.a(alt_irq_handler.o)
 .data          0x01006920        0x0 bsp//libhal_bsp.a(alt_irq_vars.o)
 .data          0x01006920        0x0 bsp//libhal_bsp.a(alt_open.o)
 .data          0x01006920        0x0 bsp//libhal_bsp.a(alt_tick.o)
 .data          0x01006920        0x0 bsp//libhal_bsp.a(altera_nios2_qsys_irq.o)
 .data          0x01006920        0x0 bsp//libhal_bsp.a(alt_exception_entry.o)
 .data          0x01006920        0x0 bsp//libhal_bsp.a(alt_find_dev.o)
 .data          0x01006920        0x0 bsp//libhal_bsp.a(alt_find_file.o)
 .data          0x01006920        0x0 bsp//libhal_bsp.a(alt_get_fd.o)
 .data          0x01006920        0x0 /opt/altera/13.0sp1/nios2eds/bin/gnu/H-i686-pc-linux-gnu/bin/../lib/gcc/nios2-elf/4.1.2/../../../../nios2-elf/lib/mno-hw-mul/libc.a(lib_a-atexit.o)
 .data          0x01006920        0x0 /opt/altera/13.0sp1/nios2eds/bin/gnu/H-i686-pc-linux-gnu/bin/../lib/gcc/nios2-elf/4.1.2/../../../../nios2-elf/lib/mno-hw-mul/libc.a(lib_a-exit.o)
 .data          0x01006920        0x0 /opt/altera/13.0sp1/nios2eds/bin/gnu/H-i686-pc-linux-gnu/bin/../lib/gcc/nios2-elf/4.1.2/../../../../nios2-elf/lib/mno-hw-mul/libc.a(lib_a-memcmp.o)
 .data          0x01006920        0x0 /opt/altera/13.0sp1/nios2eds/bin/gnu/H-i686-pc-linux-gnu/bin/../lib/gcc/nios2-elf/4.1.2/../../../../nios2-elf/lib/mno-hw-mul/libc.a(lib_a-memcpy.o)
 .data          0x01006920        0x0 /opt/altera/13.0sp1/nios2eds/bin/gnu/H-i686-pc-linux-gnu/bin/../lib/gcc/nios2-elf/4.1.2/../../../../nios2-elf/lib/mno-hw-mul/libc.a(lib_a-strlen.o)
 .data          0x01006920        0x0 /opt/altera/13.0sp1/nios2eds/bin/gnu/H-i686-pc-linux-gnu/bin/../lib/gcc/nios2-elf/4.1.2/../../../../nios2-elf/lib/mno-hw-mul/libc.a(lib_a-__atexit.o)
 .data          0x01006920        0x0 /opt/altera/13.0sp1/nios2eds/bin/gnu/H-i686-pc-linux-gnu/bin/../lib/gcc/nios2-elf/4.1.2/../../../../nios2-elf/lib/mno-hw-mul/libc.a(lib_a-__call_atexit.o)
 .data          0x01006920        0x0 bsp//libhal_bsp.a(alt_exit.o)
                0x0100e920                _gp = ABSOLUTE ((. + 0x8000))
                0x0100e920                PROVIDE (gp, _gp)
 *(.rwdata .rwdata.*)
 *(.sdata .sdata.* .gnu.linkonce.s.*)
 .sdata         0x01006920        0xc obj/default/lab1_IO/main.o
                0x01006920                timeloc
                0x01006924                run
 .sdata         0x0100692c        0x8 /opt/altera/13.0sp1/nios2eds/bin/gnu/H-i686-pc-linux-gnu/bin/../lib/gcc/nios2-elf/4.1.2/../../../../nios2-elf/lib/mno-hw-mul/libc.a(lib_a-impure.o)
                0x0100692c                _impure_ptr
                0x01006930                _global_impure_ptr
 .sdata         0x01006934        0x8 /opt/altera/13.0sp1/nios2eds/bin/gnu/H-i686-pc-linux-gnu/bin/../lib/gcc/nios2-elf/4.1.2/../../../../nios2-elf/lib/mno-hw-mul/libc.a(lib_a-mallocr.o)
                0x01006934                __malloc_trim_threshold
                0x01006938                __malloc_sbrk_base
 .sdata         0x0100693c       0x14 bsp//libhal_bsp.a(alt_dev.o)
                0x0100693c                alt_fs_list
                0x01006944                alt_dev_list
                0x0100694c                alt_max_fd
 .sdata         0x01006950        0x4 bsp//libhal_bsp.a(alt_errno.o)
                0x01006950                alt_errno
 .sdata         0x01006954        0x4 bsp//libhal_bsp.a(alt_sbrk.o)
 .sdata         0x01006958        0x4 bsp//libhal_bsp.a(alt_irq_vars.o)
                0x01006958                alt_priority_mask
 .sdata         0x0100695c        0x8 bsp//libhal_bsp.a(alt_tick.o)
                0x0100695c                alt_alarm_list
 *(.sdata2 .sdata2.* .gnu.linkonce.s2.*)
                0x01006964                . = ALIGN (0x4)
                0x01006964                _edata = ABSOLUTE (.)
                0x01006964                PROVIDE (edata, ABSOLUTE (.))
                0x01006964                PROVIDE (__ram_rwdata_end, ABSOLUTE (.))
                0x01006964                PROVIDE (__flash_rwdata_start, LOADADDR (.rwdata))

.bss            0x010082a8      0x2e0
                0x010082a8                __bss_start = ABSOLUTE (.)
                0x010082a8                PROVIDE (__sbss_start, ABSOLUTE (.))
                0x010082a8                PROVIDE (___sbss_start, ABSOLUTE (.))
 *(.dynsbss)
 *(.sbss .sbss.* .gnu.linkonce.sb.*)
 .sbss          0x010082a8        0xc /opt/altera/13.0sp1/nios2eds/bin/gnu/H-i686-pc-linux-gnu/bin/../lib/gcc/nios2-elf/4.1.2/../../../../nios2-elf/lib/mno-hw-mul/libc.a(lib_a-mallocr.o)
                0x010082a8                __malloc_top_pad
                0x010082ac                __malloc_max_sbrked_mem
                0x010082b0                __malloc_max_total_mem
 .sbss          0x010082b4        0x4 /opt/altera/13.0sp1/nios2eds/bin/gnu/H-i686-pc-linux-gnu/bin/../lib/gcc/nios2-elf/4.1.2/../../../../nios2-elf/lib/mno-hw-mul/libc.a(lib_a-int_errno.o)
                0x010082b4                errno
 .sbss          0x010082b8        0xc bsp//libhal_bsp.a(alt_main.o)
                0x010082b8                alt_argc
                0x010082bc                alt_argv
                0x010082c0                alt_envp
 .sbss          0x010082c4        0x4 bsp//libhal_bsp.a(alt_irq_vars.o)
                0x010082c4                alt_irq_active
 .sbss          0x010082c8        0x8 bsp//libhal_bsp.a(alt_tick.o)
                0x010082c8                _alt_tick_rate
                0x010082cc                _alt_nticks
 *(.sbss2 .sbss2.* .gnu.linkonce.sb2.*)
 *(.scommon)
                0x010082d0                PROVIDE (__sbss_end, ABSOLUTE (.))
                0x010082d0                PROVIDE (___sbss_end, ABSOLUTE (.))
 *(.dynbss)
 *(.bss .bss.* .gnu.linkonce.b.*)
 .bss           0x010082d0        0x0 bsp//obj/HAL/src/crt0.o
 .bss           0x010082d0        0x0 obj/default/lab1_IO/main.o
 .bss           0x010082d0        0x0 obj/default/lab1_IO/puthex.o
 .bss           0x010082d0        0x0 obj/default/lab1_IO/puttime.o
 .bss           0x010082d0        0x0 obj/default/lab1_IO/tick.o
 .bss           0x010082d0        0x0 obj/default/lab1_IO/delay_asm.o
 .bss           0x010082d0        0x0 obj/default/lab1_IO/hexasc_asm.o
 .bss           0x010082d0        0x0 /opt/altera/13.0sp1/nios2eds/bin/gnu/H-i686-pc-linux-gnu/bin/../lib/gcc/nios2-elf/4.1.2/../../../../nios2-elf/lib/mno-hw-mul/libc.a(lib_a-impure.o)
 .bss           0x010082d0        0x0 /opt/altera/13.0sp1/nios2eds/bin/gnu/H-i686-pc-linux-gnu/bin/../lib/gcc/nios2-elf/4.1.2/../../../../nios2-elf/lib/mno-hw-mul/libc.a(lib_a-putc.o)
 .bss           0x010082d0        0x0 /opt/altera/13.0sp1/nios2eds/bin/gnu/H-i686-pc-linux-gnu/bin/../lib/gcc/nios2-elf/4.1.2/../../../../nios2-elf/lib/mno-hw-mul/libc.a(lib_a-wbuf.o)
 .bss           0x010082d0        0x0 /opt/altera/13.0sp1/nios2eds/bin/gnu/H-i686-pc-linux-gnu/bin/../lib/gcc/nios2-elf/4.1.2/../../../../nios2-elf/lib/mno-hw-mul/libc.a(lib_a-wsetup.o)
 .bss           0x010082d0        0x0 /opt/altera/13.0sp1/nios2eds/bin/gnu/H-i686-pc-linux-gnu/bin/../lib/gcc/nios2-elf/4.1.2/../../../../nios2-elf/lib/mno-hw-mul/libc.a(lib_a-fflush.o)
 .bss           0x010082d0        0x0 /opt/altera/13.0sp1/nios2eds/bin/gnu/H-i686-pc-linux-gnu/bin/../lib/gcc/nios2-elf/4.1.2/../../../../nios2-elf/lib/mno-hw-mul/libc.a(lib_a-findfp.o)
 .bss           0x010082d0        0x0 /opt/altera/13.0sp1/nios2eds/bin/gnu/H-i686-pc-linux-gnu/bin/../lib/gcc/nios2-elf/4.1.2/../../../../nios2-elf/lib/mno-hw-mul/libc.a(lib_a-freer.o)
 .bss           0x010082d0        0x0 /opt/altera/13.0sp1/nios2eds/bin/gnu/H-i686-pc-linux-gnu/bin/../lib/gcc/nios2-elf/4.1.2/../../../../nios2-elf/lib/mno-hw-mul/libc.a(lib_a-fwalk.o)
 .bss           0x010082d0        0x0 /opt/altera/13.0sp1/nios2eds/bin/gnu/H-i686-pc-linux-gnu/bin/../lib/gcc/nios2-elf/4.1.2/../../../../nios2-elf/lib/mno-hw-mul/libc.a(lib_a-makebuf.o)
 .bss           0x010082d0       0x28 /opt/altera/13.0sp1/nios2eds/bin/gnu/H-i686-pc-linux-gnu/bin/../lib/gcc/nios2-elf/4.1.2/../../../../nios2-elf/lib/mno-hw-mul/libc.a(lib_a-mallocr.o)
                0x010082d0                __malloc_current_mallinfo
 .bss           0x010082f8        0x0 /opt/altera/13.0sp1/nios2eds/bin/gnu/H-i686-pc-linux-gnu/bin/../lib/gcc/nios2-elf/4.1.2/../../../../nios2-elf/lib/mno-hw-mul/libc.a(lib_a-memset.o)
 .bss           0x010082f8        0x0 /opt/altera/13.0sp1/nios2eds/bin/gnu/H-i686-pc-linux-gnu/bin/../lib/gcc/nios2-elf/4.1.2/../../../../nios2-elf/lib/mno-hw-mul/libc.a(lib_a-sbrkr.o)
 .bss           0x010082f8        0x0 /opt/altera/13.0sp1/nios2eds/bin/gnu/H-i686-pc-linux-gnu/bin/../lib/gcc/nios2-elf/4.1.2/../../../../nios2-elf/lib/mno-hw-mul/libc.a(lib_a-stdio.o)
 .bss           0x010082f8        0x0 /opt/altera/13.0sp1/nios2eds/bin/gnu/H-i686-pc-linux-gnu/bin/../lib/gcc/nios2-elf/4.1.2/../../../../nios2-elf/lib/mno-hw-mul/libc.a(lib_a-writer.o)
 .bss           0x010082f8        0x0 /opt/altera/13.0sp1/nios2eds/bin/gnu/H-i686-pc-linux-gnu/bin/../lib/gcc/nios2-elf/4.1.2/../../../../nios2-elf/lib/mno-hw-mul/libc.a(lib_a-closer.o)
 .bss           0x010082f8        0x0 /opt/altera/13.0sp1/nios2eds/bin/gnu/H-i686-pc-linux-gnu/bin/../lib/gcc/nios2-elf/4.1.2/../../../../nios2-elf/lib/mno-hw-mul/libc.a(lib_a-fclose.o)
 .bss           0x010082f8        0x0 /opt/altera/13.0sp1/nios2eds/bin/gnu/H-i686-pc-linux-gnu/bin/../lib/gcc/nios2-elf/4.1.2/../../../../nios2-elf/lib/mno-hw-mul/libc.a(lib_a-fstatr.o)
 .bss           0x010082f8        0x0 /opt/altera/13.0sp1/nios2eds/bin/gnu/H-i686-pc-linux-gnu/bin/../lib/gcc/nios2-elf/4.1.2/../../../../nios2-elf/lib/mno-hw-mul/libc.a(lib_a-int_errno.o)
 .bss           0x010082f8        0x0 /opt/altera/13.0sp1/nios2eds/bin/gnu/H-i686-pc-linux-gnu/bin/../lib/gcc/nios2-elf/4.1.2/../../../../nios2-elf/lib/mno-hw-mul/libc.a(lib_a-isattyr.o)
 .bss           0x010082f8        0x0 /opt/altera/13.0sp1/nios2eds/bin/gnu/H-i686-pc-linux-gnu/bin/../lib/gcc/nios2-elf/4.1.2/../../../../nios2-elf/lib/mno-hw-mul/libc.a(lib_a-lseekr.o)
 .bss           0x010082f8        0x0 /opt/altera/13.0sp1/nios2eds/bin/gnu/H-i686-pc-linux-gnu/bin/../lib/gcc/nios2-elf/4.1.2/../../../../nios2-elf/lib/mno-hw-mul/libc.a(lib_a-readr.o)
 .bss           0x010082f8        0x0 /opt/altera/13.0sp1/nios2eds/bin/gnu/H-i686-pc-linux-gnu/bin/../lib/gcc/nios2-elf/4.1.2/mno-hw-mul/libgcc.a(lib2-mul.o)
 .bss           0x010082f8        0x0 bsp//libhal_bsp.a(alt_close.o)
 .bss           0x010082f8        0x0 bsp//libhal_bsp.a(alt_dev.o)
 .bss           0x010082f8        0x0 bsp//libhal_bsp.a(alt_errno.o)
 .bss           0x010082f8        0x0 bsp//libhal_bsp.a(alt_fstat.o)
 .bss           0x010082f8        0x0 bsp//libhal_bsp.a(alt_isatty.o)
 .bss           0x010082f8        0x0 bsp//libhal_bsp.a(alt_load.o)
 .bss           0x010082f8        0x0 bsp//libhal_bsp.a(alt_lseek.o)
 .bss           0x010082f8        0x0 bsp//libhal_bsp.a(alt_main.o)
 .bss           0x010082f8        0x0 bsp//libhal_bsp.a(alt_malloc_lock.o)
 .bss           0x010082f8        0x0 bsp//libhal_bsp.a(alt_read.o)
 .bss           0x010082f8        0x0 bsp//libhal_bsp.a(alt_release_fd.o)
 .bss           0x010082f8        0x0 bsp//libhal_bsp.a(alt_sbrk.o)
 .bss           0x010082f8        0x0 bsp//libhal_bsp.a(alt_write.o)
 .bss           0x010082f8        0x0 bsp//libhal_bsp.a(alt_sys_init.o)
 .bss           0x010082f8        0x0 bsp//libhal_bsp.a(altera_avalon_jtag_uart_fd.o)
 .bss           0x010082f8        0x0 bsp//libhal_bsp.a(altera_avalon_jtag_uart_init.o)
 .bss           0x010082f8        0x0 bsp//libhal_bsp.a(altera_avalon_jtag_uart_ioctl.o)
 .bss           0x010082f8        0x0 bsp//libhal_bsp.a(altera_avalon_jtag_uart_read.o)
 .bss           0x010082f8        0x0 bsp//libhal_bsp.a(altera_avalon_jtag_uart_write.o)
 .bss           0x010082f8        0x0 bsp//libhal_bsp.a(altera_avalon_timer_sc.o)
 .bss           0x010082f8        0x0 bsp//libhal_bsp.a(alt_alarm_start.o)
 .bss           0x010082f8        0x0 bsp//libhal_bsp.a(alt_dcache_flush_all.o)
 .bss           0x010082f8        0x0 bsp//libhal_bsp.a(alt_dev_llist_insert.o)
 .bss           0x010082f8        0x0 bsp//libhal_bsp.a(alt_do_ctors.o)
 .bss           0x010082f8        0x0 bsp//libhal_bsp.a(alt_do_dtors.o)
 .bss           0x010082f8        0x0 bsp//libhal_bsp.a(alt_icache_flush_all.o)
 .bss           0x010082f8        0x0 bsp//libhal_bsp.a(alt_iic.o)
 .bss           0x010082f8        0x0 bsp//libhal_bsp.a(alt_iic_isr_register.o)
 .bss           0x010082f8        0x0 bsp//libhal_bsp.a(alt_io_redirect.o)
 .bss           0x010082f8        0x0 bsp//libhal_bsp.a(alt_irq_entry.o)
 .bss           0x010082f8        0x0 bsp//libhal_bsp.a(alt_irq_handler.o)
 .bss           0x010082f8        0x0 bsp//libhal_bsp.a(alt_irq_vars.o)
 .bss           0x010082f8        0x0 bsp//libhal_bsp.a(alt_open.o)
 .bss           0x010082f8        0x0 bsp//libhal_bsp.a(alt_tick.o)
 .bss           0x010082f8        0x0 bsp//libhal_bsp.a(altera_nios2_qsys_irq.o)
 .bss           0x010082f8        0x0 bsp//libhal_bsp.a(alt_exception_entry.o)
 .bss           0x010082f8        0x0 bsp//libhal_bsp.a(alt_find_dev.o)
 .bss           0x010082f8        0x0 bsp//libhal_bsp.a(alt_find_file.o)
 .bss           0x010082f8        0x0 bsp//libhal_bsp.a(alt_get_fd.o)
 .bss           0x010082f8        0x0 /opt/altera/13.0sp1/nios2eds/bin/gnu/H-i686-pc-linux-gnu/bin/../lib/gcc/nios2-elf/4.1.2/../../../../nios2-elf/lib/mno-hw-mul/libc.a(lib_a-atexit.o)
 .bss           0x010082f8        0x0 /opt/altera/13.0sp1/nios2eds/bin/gnu/H-i686-pc-linux-gnu/bin/../lib/gcc/nios2-elf/4.1.2/../../../../nios2-elf/lib/mno-hw-mul/libc.a(lib_a-exit.o)
 .bss           0x010082f8        0x0 /opt/altera/13.0sp1/nios2eds/bin/gnu/H-i686-pc-linux-gnu/bin/../lib/gcc/nios2-elf/4.1.2/../../../../nios2-elf/lib/mno-hw-mul/libc.a(lib_a-memcmp.o)
 .bss           0x010082f8        0x0 /opt/altera/13.0sp1/nios2eds/bin/gnu/H-i686-pc-linux-gnu/bin/../lib/gcc/nios2-elf/4.1.2/../../../../nios2-elf/lib/mno-hw-mul/libc.a(lib_a-memcpy.o)
 .bss           0x010082f8        0x0 /opt/altera/13.0sp1/nios2eds/bin/gnu/H-i686-pc-linux-gnu/bin/../lib/gcc/nios2-elf/4.1.2/../../../../nios2-elf/lib/mno-hw-mul/libc.a(lib_a-strlen.o)
 .bss           0x010082f8        0x0 /opt/altera/13.0sp1/nios2eds/bin/gnu/H-i686-pc-linux-gnu/bin/../lib/gcc/nios2-elf/4.1.2/../../../../nios2-elf/lib/mno-hw-mul/libc.a(lib_a-__atexit.o)
 .bss           0x010082f8        0x0 /opt/altera/13.0sp1/nios2eds/bin/gnu/H-i686-pc-linux-gnu/bin/../lib/gcc/nios2-elf/4.1.2/../../../../nios2-elf/lib/mno-hw-mul/libc.a(lib_a-__call_atexit.o)
 .bss           0x010082f8        0x0 bsp//libhal_bsp.a(alt_exit.o)
 *(COMMON)
 COMMON         0x010082f8      0x100 bsp//libhal_bsp.a(alt_irq_handler.o)
                0x010082f8                alt_irq
 COMMON         0x010083f8      0x190 /opt/altera/13.0sp1/nios2eds/bin/gnu/H-i686-pc-linux-gnu/bin/../lib/gcc/nios2-elf/4.1.2/../../../../nios2-elf/lib/mno-hw-mul/libc.a(lib_a-atexit.o)
                0x010083f8                _atexit0
                0x01008588                . = ALIGN (0x4)
                0x01008588                __bss_end = ABSOLUTE (.)

.sdram          0x01008588        0x0
                0x01008588                PROVIDE (_alt_partition_sdram_start, ABSOLUTE (.))
 *(.sdram. sdram.*)
                0x01008588                . = ALIGN (0x4)
                0x01008588                PROVIDE (_alt_partition_sdram_end, ABSOLUTE (.))
                0x01008588                _end = ABSOLUTE (.)
                0x01008588                end = ABSOLUTE (.)
                0x01008588                __alt_stack_base = ABSOLUTE (.)
                0x01008588                PROVIDE (_alt_partition_sdram_load_addr, LOADADDR (.sdram))

.onchip_memory  0x02008000        0x0 load address 0x01008588
                0x02008000                PROVIDE (_alt_partition_onchip_memory_start, ABSOLUTE (.))
 *(.onchip_memory. onchip_memory.*)
                0x02008000                . = ALIGN (0x4)
                0x02008000                PROVIDE (_alt_partition_onchip_memory_end, ABSOLUTE (.))
                0x01008588                PROVIDE (_alt_partition_onchip_memory_load_addr, LOADADDR (.onchip_memory))

.stab
 *(.stab)

.stabstr
 *(.stabstr)

.stab.excl
 *(.stab.excl)

.stab.exclstr
 *(.stab.exclstr)

.stab.index
 *(.stab.index)

.stab.indexstr
 *(.stab.indexstr)

.comment        0x00000000       0x26
 *(.comment)
 .comment       0x00000000       0x26 obj/default/lab1_IO/main.o
                                 0x27 (size before relaxing)
 .comment       0x00000000       0x27 obj/default/lab1_IO/puthex.o
 .comment       0x00000000       0x27 obj/default/lab1_IO/puttime.o
 .comment       0x00000000       0x27 obj/default/lab1_IO/tick.o
 .comment       0x00000000       0x27 /opt/altera/13.0sp1/nios2eds/bin/gnu/H-i686-pc-linux-gnu/bin/../lib/gcc/nios2-elf/4.1.2/../../../../nios2-elf/lib/mno-hw-mul/libc.a(lib_a-impure.o)
 .comment       0x00000000       0x27 /opt/altera/13.0sp1/nios2eds/bin/gnu/H-i686-pc-linux-gnu/bin/../lib/gcc/nios2-elf/4.1.2/../../../../nios2-elf/lib/mno-hw-mul/libc.a(lib_a-putc.o)
 .comment       0x00000000       0x27 /opt/altera/13.0sp1/nios2eds/bin/gnu/H-i686-pc-linux-gnu/bin/../lib/gcc/nios2-elf/4.1.2/../../../../nios2-elf/lib/mno-hw-mul/libc.a(lib_a-wbuf.o)
 .comment       0x00000000       0x27 /opt/altera/13.0sp1/nios2eds/bin/gnu/H-i686-pc-linux-gnu/bin/../lib/gcc/nios2-elf/4.1.2/../../../../nios2-elf/lib/mno-hw-mul/libc.a(lib_a-wsetup.o)
 .comment       0x00000000       0x27 /opt/altera/13.0sp1/nios2eds/bin/gnu/H-i686-pc-linux-gnu/bin/../lib/gcc/nios2-elf/4.1.2/../../../../nios2-elf/lib/mno-hw-mul/libc.a(lib_a-fflush.o)
 .comment       0x00000000       0x27 /opt/altera/13.0sp1/nios2eds/bin/gnu/H-i686-pc-linux-gnu/bin/../lib/gcc/nios2-elf/4.1.2/../../../../nios2-elf/lib/mno-hw-mul/libc.a(lib_a-findfp.o)
 .comment       0x00000000       0x27 /opt/altera/13.0sp1/nios2eds/bin/gnu/H-i686-pc-linux-gnu/bin/../lib/gcc/nios2-elf/4.1.2/../../../../nios2-elf/lib/mno-hw-mul/libc.a(lib_a-freer.o)
 .comment       0x00000000       0x27 /opt/altera/13.0sp1/nios2eds/bin/gnu/H-i686-pc-linux-gnu/bin/../lib/gcc/nios2-elf/4.1.2/../../../../nios2-elf/lib/mno-hw-mul/libc.a(lib_a-fwalk.o)
 .comment       0x00000000       0x27 /opt/altera/13.0sp1/nios2eds/bin/gnu/H-i686-pc-linux-gnu/bin/../lib/gcc/nios2-elf/4.1.2/../../../../nios2-elf/lib/mno-hw-mul/libc.a(lib_a-makebuf.o)
 .comment       0x00000000       0x27 /opt/altera/13.0sp1/nios2eds/bin/gnu/H-i686-pc-linux-gnu/bin/../lib/gcc/nios2-elf/4.1.2/../../../../nios2-elf/lib/mno-hw-mul/libc.a(lib_a-mallocr.o)
 .comment       0x00000000       0x27 /opt/altera/13.0sp1/nios2eds/bin/gnu/H-i686-pc-linux-gnu/bin/../lib/gcc/nios2-elf/4.1.2/../../../../nios2-elf/lib/mno-hw-mul/libc.a(lib_a-memset.o)
 .comment       0x00000000       0x27 /opt/altera/13.0sp1/nios2eds/bin/gnu/H-i686-pc-linux-gnu/bin/../lib/gcc/nios2-elf/4.1.2/../../../../nios2-elf/lib/mno-hw-mul/libc.a(lib_a-sbrkr.o)
 .comment       0x00000000       0x27 /opt/altera/13.0sp1/nios2eds/bin/gnu/H-i686-pc-linux-gnu/bin/../lib/gcc/nios2-elf/4.1.2/../../../../nios2-elf/lib/mno-hw-mul/libc.a(lib_a-stdio.o)
 .comment       0x00000000       0x27 /opt/altera/13.0sp1/nios2eds/bin/gnu/H-i686-pc-linux-gnu/bin/../lib/gcc/nios2-elf/4.1.2/../../../../nios2-elf/lib/mno-hw-mul/libc.a(lib_a-writer.o)
 .comment       0x00000000       0x27 /opt/altera/13.0sp1/nios2eds/bin/gnu/H-i686-pc-linux-gnu/bin/../lib/gcc/nios2-elf/4.1.2/../../../../nios2-elf/lib/mno-hw-mul/libc.a(lib_a-closer.o)
 .comment       0x00000000       0x27 /opt/altera/13.0sp1/nios2eds/bin/gnu/H-i686-pc-linux-gnu/bin/../lib/gcc/nios2-elf/4.1.2/../../../../nios2-elf/lib/mno-hw-mul/libc.a(lib_a-fclose.o)
 .comment       0x00000000       0x27 /opt/altera/13.0sp1/nios2eds/bin/gnu/H-i686-pc-linux-gnu/bin/../lib/gcc/nios2-elf/4.1.2/../../../../nios2-elf/lib/mno-hw-mul/libc.a(lib_a-fstatr.o)
 .comment       0x00000000       0x27 /opt/altera/13.0sp1/nios2eds/bin/gnu/H-i686-pc-linux-gnu/bin/../lib/gcc/nios2-elf/4.1.2/../../../../nios2-elf/lib/mno-hw-mul/libc.a(lib_a-int_errno.o)
 .comment       0x00000000       0x27 /opt/altera/13.0sp1/nios2eds/bin/gnu/H-i686-pc-linux-gnu/bin/../lib/gcc/nios2-elf/4.1.2/../../../../nios2-elf/lib/mno-hw-mul/libc.a(lib_a-isattyr.o)
 .comment       0x00000000       0x27 /opt/altera/13.0sp1/nios2eds/bin/gnu/H-i686-pc-linux-gnu/bin/../lib/gcc/nios2-elf/4.1.2/../../../../nios2-elf/lib/mno-hw-mul/libc.a(lib_a-lseekr.o)
 .comment       0x00000000       0x27 /opt/altera/13.0sp1/nios2eds/bin/gnu/H-i686-pc-linux-gnu/bin/../lib/gcc/nios2-elf/4.1.2/../../../../nios2-elf/lib/mno-hw-mul/libc.a(lib_a-readr.o)
 .comment       0x00000000       0x27 /opt/altera/13.0sp1/nios2eds/bin/gnu/H-i686-pc-linux-gnu/bin/../lib/gcc/nios2-elf/4.1.2/mno-hw-mul/libgcc.a(lib2-mul.o)
 .comment       0x00000000       0x27 bsp//libhal_bsp.a(alt_close.o)
 .comment       0x00000000       0x27 bsp//libhal_bsp.a(alt_dev.o)
 .comment       0x00000000       0x27 bsp//libhal_bsp.a(alt_errno.o)
 .comment       0x00000000       0x27 bsp//libhal_bsp.a(alt_fstat.o)
 .comment       0x00000000       0x27 bsp//libhal_bsp.a(alt_isatty.o)
 .comment       0x00000000       0x27 bsp//libhal_bsp.a(alt_load.o)
 .comment       0x00000000       0x27 bsp//libhal_bsp.a(alt_lseek.o)
 .comment       0x00000000       0x27 bsp//libhal_bsp.a(alt_main.o)
 .comment       0x00000000       0x27 bsp//libhal_bsp.a(alt_malloc_lock.o)
 .comment       0x00000000       0x27 bsp//libhal_bsp.a(alt_read.o)
 .comment       0x00000000       0x27 bsp//libhal_bsp.a(alt_release_fd.o)
 .comment       0x00000000       0x27 bsp//libhal_bsp.a(alt_sbrk.o)
 .comment       0x00000000       0x27 bsp//libhal_bsp.a(alt_write.o)
 .comment       0x00000000       0x27 bsp//libhal_bsp.a(alt_sys_init.o)
 .comment       0x00000000       0x27 bsp//libhal_bsp.a(altera_avalon_jtag_uart_fd.o)
 .comment       0x00000000       0x27 bsp//libhal_bsp.a(altera_avalon_jtag_uart_init.o)
 .comment       0x00000000       0x27 bsp//libhal_bsp.a(altera_avalon_jtag_uart_ioctl.o)
 .comment       0x00000000       0x27 bsp//libhal_bsp.a(altera_avalon_jtag_uart_read.o)
 .comment       0x00000000       0x27 bsp//libhal_bsp.a(altera_avalon_jtag_uart_write.o)
 .comment       0x00000000       0x27 bsp//libhal_bsp.a(altera_avalon_timer_sc.o)
 .comment       0x00000000       0x27 bsp//libhal_bsp.a(alt_alarm_start.o)
 .comment       0x00000000       0x27 bsp//libhal_bsp.a(alt_dcache_flush_all.o)
 .comment       0x00000000       0x27 bsp//libhal_bsp.a(alt_dev_llist_insert.o)
 .comment       0x00000000       0x27 bsp//libhal_bsp.a(alt_do_ctors.o)
 .comment       0x00000000       0x27 bsp//libhal_bsp.a(alt_do_dtors.o)
 .comment       0x00000000       0x27 bsp//libhal_bsp.a(alt_icache_flush_all.o)
 .comment       0x00000000       0x27 bsp//libhal_bsp.a(alt_iic.o)
 .comment       0x00000000       0x27 bsp//libhal_bsp.a(alt_iic_isr_register.o)
 .comment       0x00000000       0x27 bsp//libhal_bsp.a(alt_io_redirect.o)
 .comment       0x00000000       0x27 bsp//libhal_bsp.a(alt_irq_handler.o)
 .comment       0x00000000       0x27 bsp//libhal_bsp.a(alt_irq_vars.o)
 .comment       0x00000000       0x27 bsp//libhal_bsp.a(alt_open.o)
 .comment       0x00000000       0x27 bsp//libhal_bsp.a(alt_tick.o)
 .comment       0x00000000       0x27 bsp//libhal_bsp.a(altera_nios2_qsys_irq.o)
 .comment       0x00000000       0x27 bsp//libhal_bsp.a(alt_find_dev.o)
 .comment       0x00000000       0x27 bsp//libhal_bsp.a(alt_find_file.o)
 .comment       0x00000000       0x27 bsp//libhal_bsp.a(alt_get_fd.o)
 .comment       0x00000000       0x27 /opt/altera/13.0sp1/nios2eds/bin/gnu/H-i686-pc-linux-gnu/bin/../lib/gcc/nios2-elf/4.1.2/../../../../nios2-elf/lib/mno-hw-mul/libc.a(lib_a-atexit.o)
 .comment       0x00000000       0x27 /opt/altera/13.0sp1/nios2eds/bin/gnu/H-i686-pc-linux-gnu/bin/../lib/gcc/nios2-elf/4.1.2/../../../../nios2-elf/lib/mno-hw-mul/libc.a(lib_a-exit.o)
 .comment       0x00000000       0x27 /opt/altera/13.0sp1/nios2eds/bin/gnu/H-i686-pc-linux-gnu/bin/../lib/gcc/nios2-elf/4.1.2/../../../../nios2-elf/lib/mno-hw-mul/libc.a(lib_a-memcmp.o)
 .comment       0x00000000       0x27 /opt/altera/13.0sp1/nios2eds/bin/gnu/H-i686-pc-linux-gnu/bin/../lib/gcc/nios2-elf/4.1.2/../../../../nios2-elf/lib/mno-hw-mul/libc.a(lib_a-memcpy.o)
 .comment       0x00000000       0x27 /opt/altera/13.0sp1/nios2eds/bin/gnu/H-i686-pc-linux-gnu/bin/../lib/gcc/nios2-elf/4.1.2/../../../../nios2-elf/lib/mno-hw-mul/libc.a(lib_a-strlen.o)
 .comment       0x00000000       0x27 /opt/altera/13.0sp1/nios2eds/bin/gnu/H-i686-pc-linux-gnu/bin/../lib/gcc/nios2-elf/4.1.2/../../../../nios2-elf/lib/mno-hw-mul/libc.a(lib_a-__atexit.o)
 .comment       0x00000000       0x27 /opt/altera/13.0sp1/nios2eds/bin/gnu/H-i686-pc-linux-gnu/bin/../lib/gcc/nios2-elf/4.1.2/../../../../nios2-elf/lib/mno-hw-mul/libc.a(lib_a-__call_atexit.o)
 .comment       0x00000000       0x27 bsp//libhal_bsp.a(alt_exit.o)

.debug
 *(.debug)

.line
 *(.line)

.debug_srcinfo
 *(.debug_srcinfo)

.debug_sfnames
 *(.debug_sfnames)

.debug_aranges  0x00000000      0x938
 *(.debug_aranges)
 .debug_aranges
                0x00000000       0x28 bsp//obj/HAL/src/crt0.o
 .debug_aranges
                0x00000028       0x20 obj/default/lab1_IO/main.o
 .debug_aranges
                0x00000048       0x20 obj/default/lab1_IO/puthex.o
 .debug_aranges
                0x00000068       0x20 obj/default/lab1_IO/puttime.o
 .debug_aranges
                0x00000088       0x20 obj/default/lab1_IO/tick.o
 .debug_aranges
                0x000000a8       0x20 obj/default/lab1_IO/delay_asm.o
 .debug_aranges
                0x000000c8       0x20 obj/default/lab1_IO/hexasc_asm.o
 .debug_aranges
                0x000000e8       0x20 /opt/altera/13.0sp1/nios2eds/bin/gnu/H-i686-pc-linux-gnu/bin/../lib/gcc/nios2-elf/4.1.2/../../../../nios2-elf/lib/mno-hw-mul/libc.a(lib_a-putc.o)
 .debug_aranges
                0x00000108       0x20 /opt/altera/13.0sp1/nios2eds/bin/gnu/H-i686-pc-linux-gnu/bin/../lib/gcc/nios2-elf/4.1.2/../../../../nios2-elf/lib/mno-hw-mul/libc.a(lib_a-wbuf.o)
 .debug_aranges
                0x00000128       0x20 /opt/altera/13.0sp1/nios2eds/bin/gnu/H-i686-pc-linux-gnu/bin/../lib/gcc/nios2-elf/4.1.2/../../../../nios2-elf/lib/mno-hw-mul/libc.a(lib_a-wsetup.o)
 .debug_aranges
                0x00000148       0x20 /opt/altera/13.0sp1/nios2eds/bin/gnu/H-i686-pc-linux-gnu/bin/../lib/gcc/nios2-elf/4.1.2/../../../../nios2-elf/lib/mno-hw-mul/libc.a(lib_a-fflush.o)
 .debug_aranges
                0x00000168       0x20 /opt/altera/13.0sp1/nios2eds/bin/gnu/H-i686-pc-linux-gnu/bin/../lib/gcc/nios2-elf/4.1.2/../../../../nios2-elf/lib/mno-hw-mul/libc.a(lib_a-findfp.o)
 .debug_aranges
                0x00000188       0x20 /opt/altera/13.0sp1/nios2eds/bin/gnu/H-i686-pc-linux-gnu/bin/../lib/gcc/nios2-elf/4.1.2/../../../../nios2-elf/lib/mno-hw-mul/libc.a(lib_a-freer.o)
 .debug_aranges
                0x000001a8       0x20 /opt/altera/13.0sp1/nios2eds/bin/gnu/H-i686-pc-linux-gnu/bin/../lib/gcc/nios2-elf/4.1.2/../../../../nios2-elf/lib/mno-hw-mul/libc.a(lib_a-fwalk.o)
 .debug_aranges
                0x000001c8       0x20 /opt/altera/13.0sp1/nios2eds/bin/gnu/H-i686-pc-linux-gnu/bin/../lib/gcc/nios2-elf/4.1.2/../../../../nios2-elf/lib/mno-hw-mul/libc.a(lib_a-makebuf.o)
 .debug_aranges
                0x000001e8       0x20 /opt/altera/13.0sp1/nios2eds/bin/gnu/H-i686-pc-linux-gnu/bin/../lib/gcc/nios2-elf/4.1.2/../../../../nios2-elf/lib/mno-hw-mul/libc.a(lib_a-mallocr.o)
 .debug_aranges
                0x00000208       0x20 /opt/altera/13.0sp1/nios2eds/bin/gnu/H-i686-pc-linux-gnu/bin/../lib/gcc/nios2-elf/4.1.2/../../../../nios2-elf/lib/mno-hw-mul/libc.a(lib_a-memset.o)
 .debug_aranges
                0x00000228       0x20 /opt/altera/13.0sp1/nios2eds/bin/gnu/H-i686-pc-linux-gnu/bin/../lib/gcc/nios2-elf/4.1.2/../../../../nios2-elf/lib/mno-hw-mul/libc.a(lib_a-sbrkr.o)
 .debug_aranges
                0x00000248       0x20 /opt/altera/13.0sp1/nios2eds/bin/gnu/H-i686-pc-linux-gnu/bin/../lib/gcc/nios2-elf/4.1.2/../../../../nios2-elf/lib/mno-hw-mul/libc.a(lib_a-stdio.o)
 .debug_aranges
                0x00000268       0x20 /opt/altera/13.0sp1/nios2eds/bin/gnu/H-i686-pc-linux-gnu/bin/../lib/gcc/nios2-elf/4.1.2/../../../../nios2-elf/lib/mno-hw-mul/libc.a(lib_a-writer.o)
 .debug_aranges
                0x00000288       0x20 /opt/altera/13.0sp1/nios2eds/bin/gnu/H-i686-pc-linux-gnu/bin/../lib/gcc/nios2-elf/4.1.2/../../../../nios2-elf/lib/mno-hw-mul/libc.a(lib_a-closer.o)
 .debug_aranges
                0x000002a8       0x20 /opt/altera/13.0sp1/nios2eds/bin/gnu/H-i686-pc-linux-gnu/bin/../lib/gcc/nios2-elf/4.1.2/../../../../nios2-elf/lib/mno-hw-mul/libc.a(lib_a-fclose.o)
 .debug_aranges
                0x000002c8       0x20 /opt/altera/13.0sp1/nios2eds/bin/gnu/H-i686-pc-linux-gnu/bin/../lib/gcc/nios2-elf/4.1.2/../../../../nios2-elf/lib/mno-hw-mul/libc.a(lib_a-fstatr.o)
 .debug_aranges
                0x000002e8       0x20 /opt/altera/13.0sp1/nios2eds/bin/gnu/H-i686-pc-linux-gnu/bin/../lib/gcc/nios2-elf/4.1.2/../../../../nios2-elf/lib/mno-hw-mul/libc.a(lib_a-isattyr.o)
 .debug_aranges
                0x00000308       0x20 /opt/altera/13.0sp1/nios2eds/bin/gnu/H-i686-pc-linux-gnu/bin/../lib/gcc/nios2-elf/4.1.2/../../../../nios2-elf/lib/mno-hw-mul/libc.a(lib_a-lseekr.o)
 .debug_aranges
                0x00000328       0x20 /opt/altera/13.0sp1/nios2eds/bin/gnu/H-i686-pc-linux-gnu/bin/../lib/gcc/nios2-elf/4.1.2/../../../../nios2-elf/lib/mno-hw-mul/libc.a(lib_a-readr.o)
 .debug_aranges
                0x00000348       0x20 /opt/altera/13.0sp1/nios2eds/bin/gnu/H-i686-pc-linux-gnu/bin/../lib/gcc/nios2-elf/4.1.2/mno-hw-mul/libgcc.a(lib2-mul.o)
 .debug_aranges
                0x00000368       0x20 bsp//libhal_bsp.a(alt_close.o)
 .debug_aranges
                0x00000388       0x20 bsp//libhal_bsp.a(alt_dev.o)
 .debug_aranges
                0x000003a8       0x20 bsp//libhal_bsp.a(alt_fstat.o)
 .debug_aranges
                0x000003c8       0x20 bsp//libhal_bsp.a(alt_isatty.o)
 .debug_aranges
                0x000003e8       0x20 bsp//libhal_bsp.a(alt_load.o)
 .debug_aranges
                0x00000408       0x20 bsp//libhal_bsp.a(alt_lseek.o)
 .debug_aranges
                0x00000428       0x20 bsp//libhal_bsp.a(alt_main.o)
 .debug_aranges
                0x00000448       0x20 bsp//libhal_bsp.a(alt_malloc_lock.o)
 .debug_aranges
                0x00000468       0x20 bsp//libhal_bsp.a(alt_read.o)
 .debug_aranges
                0x00000488       0x20 bsp//libhal_bsp.a(alt_release_fd.o)
 .debug_aranges
                0x000004a8       0x20 bsp//libhal_bsp.a(alt_sbrk.o)
 .debug_aranges
                0x000004c8       0x20 bsp//libhal_bsp.a(alt_write.o)
 .debug_aranges
                0x000004e8       0x20 bsp//libhal_bsp.a(alt_sys_init.o)
 .debug_aranges
                0x00000508       0x20 bsp//libhal_bsp.a(altera_avalon_jtag_uart_fd.o)
 .debug_aranges
                0x00000528       0x20 bsp//libhal_bsp.a(altera_avalon_jtag_uart_init.o)
 .debug_aranges
                0x00000548       0x20 bsp//libhal_bsp.a(altera_avalon_jtag_uart_ioctl.o)
 .debug_aranges
                0x00000568       0x20 bsp//libhal_bsp.a(altera_avalon_jtag_uart_read.o)
 .debug_aranges
                0x00000588       0x20 bsp//libhal_bsp.a(altera_avalon_jtag_uart_write.o)
 .debug_aranges
                0x000005a8       0x20 bsp//libhal_bsp.a(altera_avalon_timer_sc.o)
 .debug_aranges
                0x000005c8       0x20 bsp//libhal_bsp.a(alt_alarm_start.o)
 .debug_aranges
                0x000005e8       0x20 bsp//libhal_bsp.a(alt_dcache_flush_all.o)
 .debug_aranges
                0x00000608       0x20 bsp//libhal_bsp.a(alt_dev_llist_insert.o)
 .debug_aranges
                0x00000628       0x20 bsp//libhal_bsp.a(alt_do_ctors.o)
 .debug_aranges
                0x00000648       0x20 bsp//libhal_bsp.a(alt_do_dtors.o)
 .debug_aranges
                0x00000668       0x20 bsp//libhal_bsp.a(alt_icache_flush_all.o)
 .debug_aranges
                0x00000688       0x20 bsp//libhal_bsp.a(alt_iic.o)
 .debug_aranges
                0x000006a8       0x20 bsp//libhal_bsp.a(alt_iic_isr_register.o)
 .debug_aranges
                0x000006c8       0x20 bsp//libhal_bsp.a(alt_io_redirect.o)
 .debug_aranges
                0x000006e8       0x30 bsp//libhal_bsp.a(alt_irq_entry.o)
 .debug_aranges
                0x00000718       0x28 bsp//libhal_bsp.a(alt_irq_handler.o)
 .debug_aranges
                0x00000740       0x20 bsp//libhal_bsp.a(alt_open.o)
 .debug_aranges
                0x00000760       0x20 bsp//libhal_bsp.a(alt_tick.o)
 .debug_aranges
                0x00000780       0x20 bsp//libhal_bsp.a(altera_nios2_qsys_irq.o)
 .debug_aranges
                0x000007a0       0x38 bsp//libhal_bsp.a(alt_exception_entry.o)
 .debug_aranges
                0x000007d8       0x20 bsp//libhal_bsp.a(alt_find_dev.o)
 .debug_aranges
                0x000007f8       0x20 bsp//libhal_bsp.a(alt_find_file.o)
 .debug_aranges
                0x00000818       0x20 bsp//libhal_bsp.a(alt_get_fd.o)
 .debug_aranges
                0x00000838       0x20 /opt/altera/13.0sp1/nios2eds/bin/gnu/H-i686-pc-linux-gnu/bin/../lib/gcc/nios2-elf/4.1.2/../../../../nios2-elf/lib/mno-hw-mul/libc.a(lib_a-atexit.o)
 .debug_aranges
                0x00000858       0x20 /opt/altera/13.0sp1/nios2eds/bin/gnu/H-i686-pc-linux-gnu/bin/../lib/gcc/nios2-elf/4.1.2/../../../../nios2-elf/lib/mno-hw-mul/libc.a(lib_a-exit.o)
 .debug_aranges
                0x00000878       0x20 /opt/altera/13.0sp1/nios2eds/bin/gnu/H-i686-pc-linux-gnu/bin/../lib/gcc/nios2-elf/4.1.2/../../../../nios2-elf/lib/mno-hw-mul/libc.a(lib_a-memcmp.o)
 .debug_aranges
                0x00000898       0x20 /opt/altera/13.0sp1/nios2eds/bin/gnu/H-i686-pc-linux-gnu/bin/../lib/gcc/nios2-elf/4.1.2/../../../../nios2-elf/lib/mno-hw-mul/libc.a(lib_a-memcpy.o)
 .debug_aranges
                0x000008b8       0x20 /opt/altera/13.0sp1/nios2eds/bin/gnu/H-i686-pc-linux-gnu/bin/../lib/gcc/nios2-elf/4.1.2/../../../../nios2-elf/lib/mno-hw-mul/libc.a(lib_a-strlen.o)
 .debug_aranges
                0x000008d8       0x20 /opt/altera/13.0sp1/nios2eds/bin/gnu/H-i686-pc-linux-gnu/bin/../lib/gcc/nios2-elf/4.1.2/../../../../nios2-elf/lib/mno-hw-mul/libc.a(lib_a-__atexit.o)
 .debug_aranges
                0x000008f8       0x20 /opt/altera/13.0sp1/nios2eds/bin/gnu/H-i686-pc-linux-gnu/bin/../lib/gcc/nios2-elf/4.1.2/../../../../nios2-elf/lib/mno-hw-mul/libc.a(lib_a-__call_atexit.o)
 .debug_aranges
                0x00000918       0x20 bsp//libhal_bsp.a(alt_exit.o)

.debug_pubnames
                0x00000000      0xd7a
 *(.debug_pubnames)
 .debug_pubnames
                0x00000000       0x3b obj/default/lab1_IO/main.o
 .debug_pubnames
                0x0000003b       0x2b obj/default/lab1_IO/puthex.o
 .debug_pubnames
                0x00000066       0x1e obj/default/lab1_IO/puttime.o
 .debug_pubnames
                0x00000084       0x1b obj/default/lab1_IO/tick.o
 .debug_pubnames
                0x0000009f       0x39 /opt/altera/13.0sp1/nios2eds/bin/gnu/H-i686-pc-linux-gnu/bin/../lib/gcc/nios2-elf/4.1.2/../../../../nios2-elf/lib/mno-hw-mul/libc.a(lib_a-impure.o)
 .debug_pubnames
                0x000000d8       0x27 /opt/altera/13.0sp1/nios2eds/bin/gnu/H-i686-pc-linux-gnu/bin/../lib/gcc/nios2-elf/4.1.2/../../../../nios2-elf/lib/mno-hw-mul/libc.a(lib_a-putc.o)
 .debug_pubnames
                0x000000ff       0x2c /opt/altera/13.0sp1/nios2eds/bin/gnu/H-i686-pc-linux-gnu/bin/../lib/gcc/nios2-elf/4.1.2/../../../../nios2-elf/lib/mno-hw-mul/libc.a(lib_a-wbuf.o)
 .debug_pubnames
                0x0000012b       0x22 /opt/altera/13.0sp1/nios2eds/bin/gnu/H-i686-pc-linux-gnu/bin/../lib/gcc/nios2-elf/4.1.2/../../../../nios2-elf/lib/mno-hw-mul/libc.a(lib_a-wsetup.o)
 .debug_pubnames
                0x0000014d       0x2b /opt/altera/13.0sp1/nios2eds/bin/gnu/H-i686-pc-linux-gnu/bin/../lib/gcc/nios2-elf/4.1.2/../../../../nios2-elf/lib/mno-hw-mul/libc.a(lib_a-fflush.o)
 .debug_pubnames
                0x00000178       0xdb /opt/altera/13.0sp1/nios2eds/bin/gnu/H-i686-pc-linux-gnu/bin/../lib/gcc/nios2-elf/4.1.2/../../../../nios2-elf/lib/mno-hw-mul/libc.a(lib_a-findfp.o)
 .debug_pubnames
                0x00000253       0x31 /opt/altera/13.0sp1/nios2eds/bin/gnu/H-i686-pc-linux-gnu/bin/../lib/gcc/nios2-elf/4.1.2/../../../../nios2-elf/lib/mno-hw-mul/libc.a(lib_a-freer.o)
 .debug_pubnames
                0x00000284       0x2e /opt/altera/13.0sp1/nios2eds/bin/gnu/H-i686-pc-linux-gnu/bin/../lib/gcc/nios2-elf/4.1.2/../../../../nios2-elf/lib/mno-hw-mul/libc.a(lib_a-fwalk.o)
 .debug_pubnames
                0x000002b2       0x23 /opt/altera/13.0sp1/nios2eds/bin/gnu/H-i686-pc-linux-gnu/bin/../lib/gcc/nios2-elf/4.1.2/../../../../nios2-elf/lib/mno-hw-mul/libc.a(lib_a-makebuf.o)
 .debug_pubnames
                0x000002d5       0xce /opt/altera/13.0sp1/nios2eds/bin/gnu/H-i686-pc-linux-gnu/bin/../lib/gcc/nios2-elf/4.1.2/../../../../nios2-elf/lib/mno-hw-mul/libc.a(lib_a-mallocr.o)
 .debug_pubnames
                0x000003a3       0x1d /opt/altera/13.0sp1/nios2eds/bin/gnu/H-i686-pc-linux-gnu/bin/../lib/gcc/nios2-elf/4.1.2/../../../../nios2-elf/lib/mno-hw-mul/libc.a(lib_a-memset.o)
 .debug_pubnames
                0x000003c0       0x1e /opt/altera/13.0sp1/nios2eds/bin/gnu/H-i686-pc-linux-gnu/bin/../lib/gcc/nios2-elf/4.1.2/../../../../nios2-elf/lib/mno-hw-mul/libc.a(lib_a-sbrkr.o)
 .debug_pubnames
                0x000003de       0x44 /opt/altera/13.0sp1/nios2eds/bin/gnu/H-i686-pc-linux-gnu/bin/../lib/gcc/nios2-elf/4.1.2/../../../../nios2-elf/lib/mno-hw-mul/libc.a(lib_a-stdio.o)
 .debug_pubnames
                0x00000422       0x1f /opt/altera/13.0sp1/nios2eds/bin/gnu/H-i686-pc-linux-gnu/bin/../lib/gcc/nios2-elf/4.1.2/../../../../nios2-elf/lib/mno-hw-mul/libc.a(lib_a-writer.o)
 .debug_pubnames
                0x00000441       0x1f /opt/altera/13.0sp1/nios2eds/bin/gnu/H-i686-pc-linux-gnu/bin/../lib/gcc/nios2-elf/4.1.2/../../../../nios2-elf/lib/mno-hw-mul/libc.a(lib_a-closer.o)
 .debug_pubnames
                0x00000460       0x2b /opt/altera/13.0sp1/nios2eds/bin/gnu/H-i686-pc-linux-gnu/bin/../lib/gcc/nios2-elf/4.1.2/../../../../nios2-elf/lib/mno-hw-mul/libc.a(lib_a-fclose.o)
 .debug_pubnames
                0x0000048b       0x1f /opt/altera/13.0sp1/nios2eds/bin/gnu/H-i686-pc-linux-gnu/bin/../lib/gcc/nios2-elf/4.1.2/../../../../nios2-elf/lib/mno-hw-mul/libc.a(lib_a-fstatr.o)
 .debug_pubnames
                0x000004aa       0x1c /opt/altera/13.0sp1/nios2eds/bin/gnu/H-i686-pc-linux-gnu/bin/../lib/gcc/nios2-elf/4.1.2/../../../../nios2-elf/lib/mno-hw-mul/libc.a(lib_a-int_errno.o)
 .debug_pubnames
                0x000004c6       0x20 /opt/altera/13.0sp1/nios2eds/bin/gnu/H-i686-pc-linux-gnu/bin/../lib/gcc/nios2-elf/4.1.2/../../../../nios2-elf/lib/mno-hw-mul/libc.a(lib_a-isattyr.o)
 .debug_pubnames
                0x000004e6       0x1f /opt/altera/13.0sp1/nios2eds/bin/gnu/H-i686-pc-linux-gnu/bin/../lib/gcc/nios2-elf/4.1.2/../../../../nios2-elf/lib/mno-hw-mul/libc.a(lib_a-lseekr.o)
 .debug_pubnames
                0x00000505       0x1e /opt/altera/13.0sp1/nios2eds/bin/gnu/H-i686-pc-linux-gnu/bin/../lib/gcc/nios2-elf/4.1.2/../../../../nios2-elf/lib/mno-hw-mul/libc.a(lib_a-readr.o)
 .debug_pubnames
                0x00000523       0x1f /opt/altera/13.0sp1/nios2eds/bin/gnu/H-i686-pc-linux-gnu/bin/../lib/gcc/nios2-elf/4.1.2/mno-hw-mul/libgcc.a(lib2-mul.o)
 .debug_pubnames
                0x00000542       0x1c bsp//libhal_bsp.a(alt_close.o)
 .debug_pubnames
                0x0000055e       0x63 bsp//libhal_bsp.a(alt_dev.o)
 .debug_pubnames
                0x000005c1       0x20 bsp//libhal_bsp.a(alt_errno.o)
 .debug_pubnames
                0x000005e1       0x1c bsp//libhal_bsp.a(alt_fstat.o)
 .debug_pubnames
                0x000005fd       0x1d bsp//libhal_bsp.a(alt_isatty.o)
 .debug_pubnames
                0x0000061a       0x1f bsp//libhal_bsp.a(alt_load.o)
 .debug_pubnames
                0x00000639       0x1c bsp//libhal_bsp.a(alt_lseek.o)
 .debug_pubnames
                0x00000655       0x46 bsp//libhal_bsp.a(alt_main.o)
 .debug_pubnames
                0x0000069b       0x38 bsp//libhal_bsp.a(alt_malloc_lock.o)
 .debug_pubnames
                0x000006d3       0x1b bsp//libhal_bsp.a(alt_read.o)
 .debug_pubnames
                0x000006ee       0x25 bsp//libhal_bsp.a(alt_release_fd.o)
 .debug_pubnames
                0x00000713       0x1b bsp//libhal_bsp.a(alt_sbrk.o)
 .debug_pubnames
                0x0000072e       0x1c bsp//libhal_bsp.a(alt_write.o)
 .debug_pubnames
                0x0000074a       0x34 bsp//libhal_bsp.a(alt_sys_init.o)
 .debug_pubnames
                0x0000077e       0xa5 bsp//libhal_bsp.a(altera_avalon_jtag_uart_fd.o)
 .debug_pubnames
                0x00000823       0x55 bsp//libhal_bsp.a(altera_avalon_jtag_uart_init.o)
 .debug_pubnames
                0x00000878       0x34 bsp//libhal_bsp.a(altera_avalon_jtag_uart_ioctl.o)
 .debug_pubnames
                0x000008ac       0x33 bsp//libhal_bsp.a(altera_avalon_jtag_uart_read.o)
 .debug_pubnames
                0x000008df       0x34 bsp//libhal_bsp.a(altera_avalon_jtag_uart_write.o)
 .debug_pubnames
                0x00000913       0x2f bsp//libhal_bsp.a(altera_avalon_timer_sc.o)
 .debug_pubnames
                0x00000942       0x26 bsp//libhal_bsp.a(alt_alarm_start.o)
 .debug_pubnames
                0x00000968       0x2b bsp//libhal_bsp.a(alt_dcache_flush_all.o)
 .debug_pubnames
                0x00000993       0x2b bsp//libhal_bsp.a(alt_dev_llist_insert.o)
 .debug_pubnames
                0x000009be       0x20 bsp//libhal_bsp.a(alt_do_ctors.o)
 .debug_pubnames
                0x000009de       0x20 bsp//libhal_bsp.a(alt_do_dtors.o)
 .debug_pubnames
                0x000009fe       0x2b bsp//libhal_bsp.a(alt_icache_flush_all.o)
 .debug_pubnames
                0x00000a29       0x6e bsp//libhal_bsp.a(alt_iic.o)
 .debug_pubnames
                0x00000a97       0x2b bsp//libhal_bsp.a(alt_iic_isr_register.o)
 .debug_pubnames
                0x00000ac2       0x26 bsp//libhal_bsp.a(alt_io_redirect.o)
 .debug_pubnames
                0x00000ae8       0x32 bsp//libhal_bsp.a(alt_irq_handler.o)
 .debug_pubnames
                0x00000b1a       0x3b bsp//libhal_bsp.a(alt_irq_vars.o)
 .debug_pubnames
                0x00000b55       0x1b bsp//libhal_bsp.a(alt_open.o)
 .debug_pubnames
                0x00000b70       0x68 bsp//libhal_bsp.a(alt_tick.o)
 .debug_pubnames
                0x00000bd8       0x31 bsp//libhal_bsp.a(altera_nios2_qsys_irq.o)
 .debug_pubnames
                0x00000c09       0x23 bsp//libhal_bsp.a(alt_find_dev.o)
 .debug_pubnames
                0x00000c2c       0x24 bsp//libhal_bsp.a(alt_find_file.o)
 .debug_pubnames
                0x00000c50       0x21 bsp//libhal_bsp.a(alt_get_fd.o)
 .debug_pubnames
                0x00000c71       0x2a /opt/altera/13.0sp1/nios2eds/bin/gnu/H-i686-pc-linux-gnu/bin/../lib/gcc/nios2-elf/4.1.2/../../../../nios2-elf/lib/mno-hw-mul/libc.a(lib_a-atexit.o)
 .debug_pubnames
                0x00000c9b       0x1b /opt/altera/13.0sp1/nios2eds/bin/gnu/H-i686-pc-linux-gnu/bin/../lib/gcc/nios2-elf/4.1.2/../../../../nios2-elf/lib/mno-hw-mul/libc.a(lib_a-exit.o)
 .debug_pubnames
                0x00000cb6       0x1d /opt/altera/13.0sp1/nios2eds/bin/gnu/H-i686-pc-linux-gnu/bin/../lib/gcc/nios2-elf/4.1.2/../../../../nios2-elf/lib/mno-hw-mul/libc.a(lib_a-memcmp.o)
 .debug_pubnames
                0x00000cd3       0x1d /opt/altera/13.0sp1/nios2eds/bin/gnu/H-i686-pc-linux-gnu/bin/../lib/gcc/nios2-elf/4.1.2/../../../../nios2-elf/lib/mno-hw-mul/libc.a(lib_a-memcpy.o)
 .debug_pubnames
                0x00000cf0       0x1d /opt/altera/13.0sp1/nios2eds/bin/gnu/H-i686-pc-linux-gnu/bin/../lib/gcc/nios2-elf/4.1.2/../../../../nios2-elf/lib/mno-hw-mul/libc.a(lib_a-strlen.o)
 .debug_pubnames
                0x00000d0d       0x2a /opt/altera/13.0sp1/nios2eds/bin/gnu/H-i686-pc-linux-gnu/bin/../lib/gcc/nios2-elf/4.1.2/../../../../nios2-elf/lib/mno-hw-mul/libc.a(lib_a-__atexit.o)
 .debug_pubnames
                0x00000d37       0x27 /opt/altera/13.0sp1/nios2eds/bin/gnu/H-i686-pc-linux-gnu/bin/../lib/gcc/nios2-elf/4.1.2/../../../../nios2-elf/lib/mno-hw-mul/libc.a(lib_a-__call_atexit.o)
 .debug_pubnames
                0x00000d5e       0x1c bsp//libhal_bsp.a(alt_exit.o)

.debug_info     0x00000000    0x19600
 *(.debug_info .gnu.linkonce.wi.*)
 .debug_info    0x00000000       0x6d bsp//obj/HAL/src/crt0.o
 .debug_info    0x0000006d      0x1ad obj/default/lab1_IO/main.o
 .debug_info    0x0000021a      0x191 obj/default/lab1_IO/puthex.o
 .debug_info    0x000003ab      0xbf8 obj/default/lab1_IO/puttime.o
 .debug_info    0x00000fa3       0xb5 obj/default/lab1_IO/tick.o
 .debug_info    0x00001058       0x72 obj/default/lab1_IO/delay_asm.o
 .debug_info    0x000010ca       0x73 obj/default/lab1_IO/hexasc_asm.o
 .debug_info    0x0000113d      0x93d /opt/altera/13.0sp1/nios2eds/bin/gnu/H-i686-pc-linux-gnu/bin/../lib/gcc/nios2-elf/4.1.2/../../../../nios2-elf/lib/mno-hw-mul/libc.a(lib_a-impure.o)
 .debug_info    0x00001a7a      0x9c1 /opt/altera/13.0sp1/nios2eds/bin/gnu/H-i686-pc-linux-gnu/bin/../lib/gcc/nios2-elf/4.1.2/../../../../nios2-elf/lib/mno-hw-mul/libc.a(lib_a-putc.o)
 .debug_info    0x0000243b      0x9ae /opt/altera/13.0sp1/nios2eds/bin/gnu/H-i686-pc-linux-gnu/bin/../lib/gcc/nios2-elf/4.1.2/../../../../nios2-elf/lib/mno-hw-mul/libc.a(lib_a-wbuf.o)
 .debug_info    0x00002de9      0x95d /opt/altera/13.0sp1/nios2eds/bin/gnu/H-i686-pc-linux-gnu/bin/../lib/gcc/nios2-elf/4.1.2/../../../../nios2-elf/lib/mno-hw-mul/libc.a(lib_a-wsetup.o)
 .debug_info    0x00003746      0x9fe /opt/altera/13.0sp1/nios2eds/bin/gnu/H-i686-pc-linux-gnu/bin/../lib/gcc/nios2-elf/4.1.2/../../../../nios2-elf/lib/mno-hw-mul/libc.a(lib_a-fflush.o)
 .debug_info    0x00004144      0xb72 /opt/altera/13.0sp1/nios2eds/bin/gnu/H-i686-pc-linux-gnu/bin/../lib/gcc/nios2-elf/4.1.2/../../../../nios2-elf/lib/mno-hw-mul/libc.a(lib_a-findfp.o)
 .debug_info    0x00004cb6      0xbc9 /opt/altera/13.0sp1/nios2eds/bin/gnu/H-i686-pc-linux-gnu/bin/../lib/gcc/nios2-elf/4.1.2/../../../../nios2-elf/lib/mno-hw-mul/libc.a(lib_a-freer.o)
 .debug_info    0x0000587f      0xaed /opt/altera/13.0sp1/nios2eds/bin/gnu/H-i686-pc-linux-gnu/bin/../lib/gcc/nios2-elf/4.1.2/../../../../nios2-elf/lib/mno-hw-mul/libc.a(lib_a-fwalk.o)
 .debug_info    0x0000636c      0xb1a /opt/altera/13.0sp1/nios2eds/bin/gnu/H-i686-pc-linux-gnu/bin/../lib/gcc/nios2-elf/4.1.2/../../../../nios2-elf/lib/mno-hw-mul/libc.a(lib_a-makebuf.o)
 .debug_info    0x00006e86      0xcd0 /opt/altera/13.0sp1/nios2eds/bin/gnu/H-i686-pc-linux-gnu/bin/../lib/gcc/nios2-elf/4.1.2/../../../../nios2-elf/lib/mno-hw-mul/libc.a(lib_a-mallocr.o)
 .debug_info    0x00007b56      0x113 /opt/altera/13.0sp1/nios2eds/bin/gnu/H-i686-pc-linux-gnu/bin/../lib/gcc/nios2-elf/4.1.2/../../../../nios2-elf/lib/mno-hw-mul/libc.a(lib_a-memset.o)
 .debug_info    0x00007c69      0x962 /opt/altera/13.0sp1/nios2eds/bin/gnu/H-i686-pc-linux-gnu/bin/../lib/gcc/nios2-elf/4.1.2/../../../../nios2-elf/lib/mno-hw-mul/libc.a(lib_a-sbrkr.o)
 .debug_info    0x000085cb      0xaac /opt/altera/13.0sp1/nios2eds/bin/gnu/H-i686-pc-linux-gnu/bin/../lib/gcc/nios2-elf/4.1.2/../../../../nios2-elf/lib/mno-hw-mul/libc.a(lib_a-stdio.o)
 .debug_info    0x00009077      0x993 /opt/altera/13.0sp1/nios2eds/bin/gnu/H-i686-pc-linux-gnu/bin/../lib/gcc/nios2-elf/4.1.2/../../../../nios2-elf/lib/mno-hw-mul/libc.a(lib_a-writer.o)
 .debug_info    0x00009a0a      0x958 /opt/altera/13.0sp1/nios2eds/bin/gnu/H-i686-pc-linux-gnu/bin/../lib/gcc/nios2-elf/4.1.2/../../../../nios2-elf/lib/mno-hw-mul/libc.a(lib_a-closer.o)
 .debug_info    0x0000a362      0x994 /opt/altera/13.0sp1/nios2eds/bin/gnu/H-i686-pc-linux-gnu/bin/../lib/gcc/nios2-elf/4.1.2/../../../../nios2-elf/lib/mno-hw-mul/libc.a(lib_a-fclose.o)
 .debug_info    0x0000acf6      0xafc /opt/altera/13.0sp1/nios2eds/bin/gnu/H-i686-pc-linux-gnu/bin/../lib/gcc/nios2-elf/4.1.2/../../../../nios2-elf/lib/mno-hw-mul/libc.a(lib_a-fstatr.o)
 .debug_info    0x0000b7f2       0x8c /opt/altera/13.0sp1/nios2eds/bin/gnu/H-i686-pc-linux-gnu/bin/../lib/gcc/nios2-elf/4.1.2/../../../../nios2-elf/lib/mno-hw-mul/libc.a(lib_a-int_errno.o)
 .debug_info    0x0000b87e      0x958 /opt/altera/13.0sp1/nios2eds/bin/gnu/H-i686-pc-linux-gnu/bin/../lib/gcc/nios2-elf/4.1.2/../../../../nios2-elf/lib/mno-hw-mul/libc.a(lib_a-isattyr.o)
 .debug_info    0x0000c1d6      0x981 /opt/altera/13.0sp1/nios2eds/bin/gnu/H-i686-pc-linux-gnu/bin/../lib/gcc/nios2-elf/4.1.2/../../../../nios2-elf/lib/mno-hw-mul/libc.a(lib_a-lseekr.o)
 .debug_info    0x0000cb57      0x98c /opt/altera/13.0sp1/nios2eds/bin/gnu/H-i686-pc-linux-gnu/bin/../lib/gcc/nios2-elf/4.1.2/../../../../nios2-elf/lib/mno-hw-mul/libc.a(lib_a-readr.o)
 .debug_info    0x0000d4e3       0xf3 /opt/altera/13.0sp1/nios2eds/bin/gnu/H-i686-pc-linux-gnu/bin/../lib/gcc/nios2-elf/4.1.2/mno-hw-mul/libgcc.a(lib2-mul.o)
 .debug_info    0x0000d5d6      0x459 bsp//libhal_bsp.a(alt_close.o)
 .debug_info    0x0000da2f      0x671 bsp//libhal_bsp.a(alt_dev.o)
 .debug_info    0x0000e0a0      0x156 bsp//libhal_bsp.a(alt_errno.o)
 .debug_info    0x0000e1f6      0x652 bsp//libhal_bsp.a(alt_fstat.o)
 .debug_info    0x0000e848      0x658 bsp//libhal_bsp.a(alt_isatty.o)
 .debug_info    0x0000eea0      0x27f bsp//libhal_bsp.a(alt_load.o)
 .debug_info    0x0000f11f      0x48c bsp//libhal_bsp.a(alt_lseek.o)
 .debug_info    0x0000f5ab      0x217 bsp//libhal_bsp.a(alt_main.o)
 .debug_info    0x0000f7c2      0xc0a bsp//libhal_bsp.a(alt_malloc_lock.o)
 .debug_info    0x000103cc      0x67c bsp//libhal_bsp.a(alt_read.o)
 .debug_info    0x00010a48      0x3e4 bsp//libhal_bsp.a(alt_release_fd.o)
 .debug_info    0x00010e2c      0x2a9 bsp//libhal_bsp.a(alt_sbrk.o)
 .debug_info    0x000110d5      0x685 bsp//libhal_bsp.a(alt_write.o)
 .debug_info    0x0001175a      0x714 bsp//libhal_bsp.a(alt_sys_init.o)
 .debug_info    0x00011e6e      0x7cb bsp//libhal_bsp.a(altera_avalon_jtag_uart_fd.o)
 .debug_info    0x00012639      0x5f3 bsp//libhal_bsp.a(altera_avalon_jtag_uart_init.o)
 .debug_info    0x00012c2c      0x435 bsp//libhal_bsp.a(altera_avalon_jtag_uart_ioctl.o)
 .debug_info    0x00013061      0x538 bsp//libhal_bsp.a(altera_avalon_jtag_uart_read.o)
 .debug_info    0x00013599      0x530 bsp//libhal_bsp.a(altera_avalon_jtag_uart_write.o)
 .debug_info    0x00013ac9      0x37d bsp//libhal_bsp.a(altera_avalon_timer_sc.o)
 .debug_info    0x00013e46      0x434 bsp//libhal_bsp.a(alt_alarm_start.o)
 .debug_info    0x0001427a      0x14e bsp//libhal_bsp.a(alt_dcache_flush_all.o)
 .debug_info    0x000143c8      0x2a9 bsp//libhal_bsp.a(alt_dev_llist_insert.o)
 .debug_info    0x00014671      0x101 bsp//libhal_bsp.a(alt_do_ctors.o)
 .debug_info    0x00014772      0x100 bsp//libhal_bsp.a(alt_do_dtors.o)
 .debug_info    0x00014872      0x14e bsp//libhal_bsp.a(alt_icache_flush_all.o)
 .debug_info    0x000149c0      0x485 bsp//libhal_bsp.a(alt_iic.o)
 .debug_info    0x00014e45      0x306 bsp//libhal_bsp.a(alt_iic_isr_register.o)
 .debug_info    0x0001514b      0x687 bsp//libhal_bsp.a(alt_io_redirect.o)
 .debug_info    0x000157d2       0x76 bsp//libhal_bsp.a(alt_irq_entry.o)
 .debug_info    0x00015848      0x267 bsp//libhal_bsp.a(alt_irq_handler.o)
 .debug_info    0x00015aaf      0x159 bsp//libhal_bsp.a(alt_irq_vars.o)
 .debug_info    0x00015c08      0x517 bsp//libhal_bsp.a(alt_open.o)
 .debug_info    0x0001611f      0x3f0 bsp//libhal_bsp.a(alt_tick.o)
 .debug_info    0x0001650f      0x155 bsp//libhal_bsp.a(altera_nios2_qsys_irq.o)
 .debug_info    0x00016664       0x7c bsp//libhal_bsp.a(alt_exception_entry.o)
 .debug_info    0x000166e0      0x40a bsp//libhal_bsp.a(alt_find_dev.o)
 .debug_info    0x00016aea      0x411 bsp//libhal_bsp.a(alt_find_file.o)
 .debug_info    0x00016efb      0x452 bsp//libhal_bsp.a(alt_get_fd.o)
 .debug_info    0x0001734d      0x181 /opt/altera/13.0sp1/nios2eds/bin/gnu/H-i686-pc-linux-gnu/bin/../lib/gcc/nios2-elf/4.1.2/../../../../nios2-elf/lib/mno-hw-mul/libc.a(lib_a-atexit.o)
 .debug_info    0x000174ce      0x93f /opt/altera/13.0sp1/nios2eds/bin/gnu/H-i686-pc-linux-gnu/bin/../lib/gcc/nios2-elf/4.1.2/../../../../nios2-elf/lib/mno-hw-mul/libc.a(lib_a-exit.o)
 .debug_info    0x00017e0d      0x115 /opt/altera/13.0sp1/nios2eds/bin/gnu/H-i686-pc-linux-gnu/bin/../lib/gcc/nios2-elf/4.1.2/../../../../nios2-elf/lib/mno-hw-mul/libc.a(lib_a-memcmp.o)
 .debug_info    0x00017f22      0x106 /opt/altera/13.0sp1/nios2eds/bin/gnu/H-i686-pc-linux-gnu/bin/../lib/gcc/nios2-elf/4.1.2/../../../../nios2-elf/lib/mno-hw-mul/libc.a(lib_a-memcpy.o)
 .debug_info    0x00018028       0xdb /opt/altera/13.0sp1/nios2eds/bin/gnu/H-i686-pc-linux-gnu/bin/../lib/gcc/nios2-elf/4.1.2/../../../../nios2-elf/lib/mno-hw-mul/libc.a(lib_a-strlen.o)
 .debug_info    0x00018103      0x99c /opt/altera/13.0sp1/nios2eds/bin/gnu/H-i686-pc-linux-gnu/bin/../lib/gcc/nios2-elf/4.1.2/../../../../nios2-elf/lib/mno-hw-mul/libc.a(lib_a-__atexit.o)
 .debug_info    0x00018a9f      0x9e2 /opt/altera/13.0sp1/nios2eds/bin/gnu/H-i686-pc-linux-gnu/bin/../lib/gcc/nios2-elf/4.1.2/../../../../nios2-elf/lib/mno-hw-mul/libc.a(lib_a-__call_atexit.o)
 .debug_info    0x00019481      0x17f bsp//libhal_bsp.a(alt_exit.o)

.debug_abbrev   0x00000000     0x4e70
 *(.debug_abbrev)
 .debug_abbrev  0x00000000       0x12 bsp//obj/HAL/src/crt0.o
 .debug_abbrev  0x00000012       0x76 obj/default/lab1_IO/main.o
 .debug_abbrev  0x00000088       0x8a obj/default/lab1_IO/puthex.o
 .debug_abbrev  0x00000112      0x18c obj/default/lab1_IO/puttime.o
 .debug_abbrev  0x0000029e       0x5d obj/default/lab1_IO/tick.o
 .debug_abbrev  0x000002fb       0x14 obj/default/lab1_IO/delay_asm.o
 .debug_abbrev  0x0000030f       0x14 obj/default/lab1_IO/hexasc_asm.o
 .debug_abbrev  0x00000323      0x157 /opt/altera/13.0sp1/nios2eds/bin/gnu/H-i686-pc-linux-gnu/bin/../lib/gcc/nios2-elf/4.1.2/../../../../nios2-elf/lib/mno-hw-mul/libc.a(lib_a-impure.o)
 .debug_abbrev  0x0000047a      0x17f /opt/altera/13.0sp1/nios2eds/bin/gnu/H-i686-pc-linux-gnu/bin/../lib/gcc/nios2-elf/4.1.2/../../../../nios2-elf/lib/mno-hw-mul/libc.a(lib_a-putc.o)
 .debug_abbrev  0x000005f9      0x198 /opt/altera/13.0sp1/nios2eds/bin/gnu/H-i686-pc-linux-gnu/bin/../lib/gcc/nios2-elf/4.1.2/../../../../nios2-elf/lib/mno-hw-mul/libc.a(lib_a-wbuf.o)
 .debug_abbrev  0x00000791      0x170 /opt/altera/13.0sp1/nios2eds/bin/gnu/H-i686-pc-linux-gnu/bin/../lib/gcc/nios2-elf/4.1.2/../../../../nios2-elf/lib/mno-hw-mul/libc.a(lib_a-wsetup.o)
 .debug_abbrev  0x00000901      0x1c6 /opt/altera/13.0sp1/nios2eds/bin/gnu/H-i686-pc-linux-gnu/bin/../lib/gcc/nios2-elf/4.1.2/../../../../nios2-elf/lib/mno-hw-mul/libc.a(lib_a-fflush.o)
 .debug_abbrev  0x00000ac7      0x24c /opt/altera/13.0sp1/nios2eds/bin/gnu/H-i686-pc-linux-gnu/bin/../lib/gcc/nios2-elf/4.1.2/../../../../nios2-elf/lib/mno-hw-mul/libc.a(lib_a-findfp.o)
 .debug_abbrev  0x00000d13      0x1d9 /opt/altera/13.0sp1/nios2eds/bin/gnu/H-i686-pc-linux-gnu/bin/../lib/gcc/nios2-elf/4.1.2/../../../../nios2-elf/lib/mno-hw-mul/libc.a(lib_a-freer.o)
 .debug_abbrev  0x00000eec      0x1e3 /opt/altera/13.0sp1/nios2eds/bin/gnu/H-i686-pc-linux-gnu/bin/../lib/gcc/nios2-elf/4.1.2/../../../../nios2-elf/lib/mno-hw-mul/libc.a(lib_a-fwalk.o)
 .debug_abbrev  0x000010cf      0x197 /opt/altera/13.0sp1/nios2eds/bin/gnu/H-i686-pc-linux-gnu/bin/../lib/gcc/nios2-elf/4.1.2/../../../../nios2-elf/lib/mno-hw-mul/libc.a(lib_a-makebuf.o)
 .debug_abbrev  0x00001266      0x216 /opt/altera/13.0sp1/nios2eds/bin/gnu/H-i686-pc-linux-gnu/bin/../lib/gcc/nios2-elf/4.1.2/../../../../nios2-elf/lib/mno-hw-mul/libc.a(lib_a-mallocr.o)
 .debug_abbrev  0x0000147c       0xb8 /opt/altera/13.0sp1/nios2eds/bin/gnu/H-i686-pc-linux-gnu/bin/../lib/gcc/nios2-elf/4.1.2/../../../../nios2-elf/lib/mno-hw-mul/libc.a(lib_a-memset.o)
 .debug_abbrev  0x00001534      0x18c /opt/altera/13.0sp1/nios2eds/bin/gnu/H-i686-pc-linux-gnu/bin/../lib/gcc/nios2-elf/4.1.2/../../../../nios2-elf/lib/mno-hw-mul/libc.a(lib_a-sbrkr.o)
 .debug_abbrev  0x000016c0      0x1c9 /opt/altera/13.0sp1/nios2eds/bin/gnu/H-i686-pc-linux-gnu/bin/../lib/gcc/nios2-elf/4.1.2/../../../../nios2-elf/lib/mno-hw-mul/libc.a(lib_a-stdio.o)
 .debug_abbrev  0x00001889      0x184 /opt/altera/13.0sp1/nios2eds/bin/gnu/H-i686-pc-linux-gnu/bin/../lib/gcc/nios2-elf/4.1.2/../../../../nios2-elf/lib/mno-hw-mul/libc.a(lib_a-writer.o)
 .debug_abbrev  0x00001a0d      0x17f /opt/altera/13.0sp1/nios2eds/bin/gnu/H-i686-pc-linux-gnu/bin/../lib/gcc/nios2-elf/4.1.2/../../../../nios2-elf/lib/mno-hw-mul/libc.a(lib_a-closer.o)
 .debug_abbrev  0x00001b8c      0x1a7 /opt/altera/13.0sp1/nios2eds/bin/gnu/H-i686-pc-linux-gnu/bin/../lib/gcc/nios2-elf/4.1.2/../../../../nios2-elf/lib/mno-hw-mul/libc.a(lib_a-fclose.o)
 .debug_abbrev  0x00001d33      0x18e /opt/altera/13.0sp1/nios2eds/bin/gnu/H-i686-pc-linux-gnu/bin/../lib/gcc/nios2-elf/4.1.2/../../../../nios2-elf/lib/mno-hw-mul/libc.a(lib_a-fstatr.o)
 .debug_abbrev  0x00001ec1       0x3b /opt/altera/13.0sp1/nios2eds/bin/gnu/H-i686-pc-linux-gnu/bin/../lib/gcc/nios2-elf/4.1.2/../../../../nios2-elf/lib/mno-hw-mul/libc.a(lib_a-int_errno.o)
 .debug_abbrev  0x00001efc      0x17f /opt/altera/13.0sp1/nios2eds/bin/gnu/H-i686-pc-linux-gnu/bin/../lib/gcc/nios2-elf/4.1.2/../../../../nios2-elf/lib/mno-hw-mul/libc.a(lib_a-isattyr.o)
 .debug_abbrev  0x0000207b      0x18e /opt/altera/13.0sp1/nios2eds/bin/gnu/H-i686-pc-linux-gnu/bin/../lib/gcc/nios2-elf/4.1.2/../../../../nios2-elf/lib/mno-hw-mul/libc.a(lib_a-lseekr.o)
 .debug_abbrev  0x00002209      0x17f /opt/altera/13.0sp1/nios2eds/bin/gnu/H-i686-pc-linux-gnu/bin/../lib/gcc/nios2-elf/4.1.2/../../../../nios2-elf/lib/mno-hw-mul/libc.a(lib_a-readr.o)
 .debug_abbrev  0x00002388       0x7b /opt/altera/13.0sp1/nios2eds/bin/gnu/H-i686-pc-linux-gnu/bin/../lib/gcc/nios2-elf/4.1.2/mno-hw-mul/libgcc.a(lib2-mul.o)
 .debug_abbrev  0x00002403       0xfb bsp//libhal_bsp.a(alt_close.o)
 .debug_abbrev  0x000024fe       0xc7 bsp//libhal_bsp.a(alt_dev.o)
 .debug_abbrev  0x000025c5       0x5e bsp//libhal_bsp.a(alt_errno.o)
 .debug_abbrev  0x00002623       0xfb bsp//libhal_bsp.a(alt_fstat.o)
 .debug_abbrev  0x0000271e       0xfb bsp//libhal_bsp.a(alt_isatty.o)
 .debug_abbrev  0x00002819       0x88 bsp//libhal_bsp.a(alt_load.o)
 .debug_abbrev  0x000028a1       0xfb bsp//libhal_bsp.a(alt_lseek.o)
 .debug_abbrev  0x0000299c       0xb7 bsp//libhal_bsp.a(alt_main.o)
 .debug_abbrev  0x00002a53      0x181 bsp//libhal_bsp.a(alt_malloc_lock.o)
 .debug_abbrev  0x00002bd4       0xfb bsp//libhal_bsp.a(alt_read.o)
 .debug_abbrev  0x00002ccf       0xc1 bsp//libhal_bsp.a(alt_release_fd.o)
 .debug_abbrev  0x00002d90      0x115 bsp//libhal_bsp.a(alt_sbrk.o)
 .debug_abbrev  0x00002ea5      0x100 bsp//libhal_bsp.a(alt_write.o)
 .debug_abbrev  0x00002fa5      0x142 bsp//libhal_bsp.a(alt_sys_init.o)
 .debug_abbrev  0x000030e7       0xf7 bsp//libhal_bsp.a(altera_avalon_jtag_uart_fd.o)
 .debug_abbrev  0x000031de      0x17c bsp//libhal_bsp.a(altera_avalon_jtag_uart_init.o)
 .debug_abbrev  0x0000335a       0xf0 bsp//libhal_bsp.a(altera_avalon_jtag_uart_ioctl.o)
 .debug_abbrev  0x0000344a      0x191 bsp//libhal_bsp.a(altera_avalon_jtag_uart_read.o)
 .debug_abbrev  0x000035db      0x18d bsp//libhal_bsp.a(altera_avalon_jtag_uart_write.o)
 .debug_abbrev  0x00003768      0x137 bsp//libhal_bsp.a(altera_avalon_timer_sc.o)
 .debug_abbrev  0x0000389f      0x172 bsp//libhal_bsp.a(alt_alarm_start.o)
 .debug_abbrev  0x00003a11       0x3f bsp//libhal_bsp.a(alt_dcache_flush_all.o)
 .debug_abbrev  0x00003a50       0xf6 bsp//libhal_bsp.a(alt_dev_llist_insert.o)
 .debug_abbrev  0x00003b46       0x76 bsp//libhal_bsp.a(alt_do_ctors.o)
 .debug_abbrev  0x00003bbc       0x76 bsp//libhal_bsp.a(alt_do_dtors.o)
 .debug_abbrev  0x00003c32       0x3f bsp//libhal_bsp.a(alt_icache_flush_all.o)
 .debug_abbrev  0x00003c71      0x134 bsp//libhal_bsp.a(alt_iic.o)
 .debug_abbrev  0x00003da5      0x14e bsp//libhal_bsp.a(alt_iic_isr_register.o)
 .debug_abbrev  0x00003ef3       0xf0 bsp//libhal_bsp.a(alt_io_redirect.o)
 .debug_abbrev  0x00003fe3       0x12 bsp//libhal_bsp.a(alt_irq_entry.o)
 .debug_abbrev  0x00003ff5      0x10c bsp//libhal_bsp.a(alt_irq_handler.o)
 .debug_abbrev  0x00004101       0x44 bsp//libhal_bsp.a(alt_irq_vars.o)
 .debug_abbrev  0x00004145      0x112 bsp//libhal_bsp.a(alt_open.o)
 .debug_abbrev  0x00004257      0x150 bsp//libhal_bsp.a(alt_tick.o)
 .debug_abbrev  0x000043a7       0x3f bsp//libhal_bsp.a(altera_nios2_qsys_irq.o)
 .debug_abbrev  0x000043e6       0x12 bsp//libhal_bsp.a(alt_exception_entry.o)
 .debug_abbrev  0x000043f8       0xcf bsp//libhal_bsp.a(alt_find_dev.o)
 .debug_abbrev  0x000044c7       0xcf bsp//libhal_bsp.a(alt_find_file.o)
 .debug_abbrev  0x00004596       0xfb bsp//libhal_bsp.a(alt_get_fd.o)
 .debug_abbrev  0x00004691       0xb7 /opt/altera/13.0sp1/nios2eds/bin/gnu/H-i686-pc-linux-gnu/bin/../lib/gcc/nios2-elf/4.1.2/../../../../nios2-elf/lib/mno-hw-mul/libc.a(lib_a-atexit.o)
 .debug_abbrev  0x00004748      0x16e /opt/altera/13.0sp1/nios2eds/bin/gnu/H-i686-pc-linux-gnu/bin/../lib/gcc/nios2-elf/4.1.2/../../../../nios2-elf/lib/mno-hw-mul/libc.a(lib_a-exit.o)
 .debug_abbrev  0x000048b6       0x7c /opt/altera/13.0sp1/nios2eds/bin/gnu/H-i686-pc-linux-gnu/bin/../lib/gcc/nios2-elf/4.1.2/../../../../nios2-elf/lib/mno-hw-mul/libc.a(lib_a-memcmp.o)
 .debug_abbrev  0x00004932       0xb5 /opt/altera/13.0sp1/nios2eds/bin/gnu/H-i686-pc-linux-gnu/bin/../lib/gcc/nios2-elf/4.1.2/../../../../nios2-elf/lib/mno-hw-mul/libc.a(lib_a-memcpy.o)
 .debug_abbrev  0x000049e7       0x8b /opt/altera/13.0sp1/nios2eds/bin/gnu/H-i686-pc-linux-gnu/bin/../lib/gcc/nios2-elf/4.1.2/../../../../nios2-elf/lib/mno-hw-mul/libc.a(lib_a-strlen.o)
 .debug_abbrev  0x00004a72      0x1ae /opt/altera/13.0sp1/nios2eds/bin/gnu/H-i686-pc-linux-gnu/bin/../lib/gcc/nios2-elf/4.1.2/../../../../nios2-elf/lib/mno-hw-mul/libc.a(lib_a-__atexit.o)
 .debug_abbrev  0x00004c20      0x1de /opt/altera/13.0sp1/nios2eds/bin/gnu/H-i686-pc-linux-gnu/bin/../lib/gcc/nios2-elf/4.1.2/../../../../nios2-elf/lib/mno-hw-mul/libc.a(lib_a-__call_atexit.o)
 .debug_abbrev  0x00004dfe       0x72 bsp//libhal_bsp.a(alt_exit.o)

.debug_line     0x00000000     0xbfb6
 *(.debug_line)
 .debug_line    0x00000000       0x66 bsp//obj/HAL/src/crt0.o
 .debug_line    0x00000066      0x29d obj/default/lab1_IO/main.o
 .debug_line    0x00000303       0xb3 obj/default/lab1_IO/puthex.o
 .debug_line    0x000003b6      0x204 obj/default/lab1_IO/puttime.o
 .debug_line    0x000005ba       0x9b obj/default/lab1_IO/tick.o
 .debug_line    0x00000655       0x48 obj/default/lab1_IO/delay_asm.o
 .debug_line    0x0000069d       0x49 obj/default/lab1_IO/hexasc_asm.o
 .debug_line    0x000006e6      0x230 /opt/altera/13.0sp1/nios2eds/bin/gnu/H-i686-pc-linux-gnu/bin/../lib/gcc/nios2-elf/4.1.2/../../../../nios2-elf/lib/mno-hw-mul/libc.a(lib_a-impure.o)
 .debug_line    0x00000916      0x2c7 /opt/altera/13.0sp1/nios2eds/bin/gnu/H-i686-pc-linux-gnu/bin/../lib/gcc/nios2-elf/4.1.2/../../../../nios2-elf/lib/mno-hw-mul/libc.a(lib_a-putc.o)
 .debug_line    0x00000bdd      0x353 /opt/altera/13.0sp1/nios2eds/bin/gnu/H-i686-pc-linux-gnu/bin/../lib/gcc/nios2-elf/4.1.2/../../../../nios2-elf/lib/mno-hw-mul/libc.a(lib_a-wbuf.o)
 .debug_line    0x00000f30      0x2f3 /opt/altera/13.0sp1/nios2eds/bin/gnu/H-i686-pc-linux-gnu/bin/../lib/gcc/nios2-elf/4.1.2/../../../../nios2-elf/lib/mno-hw-mul/libc.a(lib_a-wsetup.o)
 .debug_line    0x00001223      0x410 /opt/altera/13.0sp1/nios2eds/bin/gnu/H-i686-pc-linux-gnu/bin/../lib/gcc/nios2-elf/4.1.2/../../../../nios2-elf/lib/mno-hw-mul/libc.a(lib_a-fflush.o)
 .debug_line    0x00001633      0x60c /opt/altera/13.0sp1/nios2eds/bin/gnu/H-i686-pc-linux-gnu/bin/../lib/gcc/nios2-elf/4.1.2/../../../../nios2-elf/lib/mno-hw-mul/libc.a(lib_a-findfp.o)
 .debug_line    0x00001c3f      0x5ee /opt/altera/13.0sp1/nios2eds/bin/gnu/H-i686-pc-linux-gnu/bin/../lib/gcc/nios2-elf/4.1.2/../../../../nios2-elf/lib/mno-hw-mul/libc.a(lib_a-freer.o)
 .debug_line    0x0000222d      0x34d /opt/altera/13.0sp1/nios2eds/bin/gnu/H-i686-pc-linux-gnu/bin/../lib/gcc/nios2-elf/4.1.2/../../../../nios2-elf/lib/mno-hw-mul/libc.a(lib_a-fwalk.o)
 .debug_line    0x0000257a      0x3c6 /opt/altera/13.0sp1/nios2eds/bin/gnu/H-i686-pc-linux-gnu/bin/../lib/gcc/nios2-elf/4.1.2/../../../../nios2-elf/lib/mno-hw-mul/libc.a(lib_a-makebuf.o)
 .debug_line    0x00002940      0x80d /opt/altera/13.0sp1/nios2eds/bin/gnu/H-i686-pc-linux-gnu/bin/../lib/gcc/nios2-elf/4.1.2/../../../../nios2-elf/lib/mno-hw-mul/libc.a(lib_a-mallocr.o)
 .debug_line    0x0000314d      0x304 /opt/altera/13.0sp1/nios2eds/bin/gnu/H-i686-pc-linux-gnu/bin/../lib/gcc/nios2-elf/4.1.2/../../../../nios2-elf/lib/mno-hw-mul/libc.a(lib_a-memset.o)
 .debug_line    0x00003451      0x29c /opt/altera/13.0sp1/nios2eds/bin/gnu/H-i686-pc-linux-gnu/bin/../lib/gcc/nios2-elf/4.1.2/../../../../nios2-elf/lib/mno-hw-mul/libc.a(lib_a-sbrkr.o)
 .debug_line    0x000036ed      0x38f /opt/altera/13.0sp1/nios2eds/bin/gnu/H-i686-pc-linux-gnu/bin/../lib/gcc/nios2-elf/4.1.2/../../../../nios2-elf/lib/mno-hw-mul/libc.a(lib_a-stdio.o)
 .debug_line    0x00003a7c      0x29d /opt/altera/13.0sp1/nios2eds/bin/gnu/H-i686-pc-linux-gnu/bin/../lib/gcc/nios2-elf/4.1.2/../../../../nios2-elf/lib/mno-hw-mul/libc.a(lib_a-writer.o)
 .debug_line    0x00003d19      0x29d /opt/altera/13.0sp1/nios2eds/bin/gnu/H-i686-pc-linux-gnu/bin/../lib/gcc/nios2-elf/4.1.2/../../../../nios2-elf/lib/mno-hw-mul/libc.a(lib_a-closer.o)