Archive member included because of file (symbol)

/opt/altera/13.0sp1/nios2eds/bin/gnu/H-i686-pc-linux-gnu/bin/../lib/gcc/nios2-elf/4.1.2/../../../../nios2-elf/lib/mno-hw-mul/libsmallc.a(lib_a-impure.o)
                              obj/default/lab1/puttime.o (_impure_ptr)
/opt/altera/13.0sp1/nios2eds/bin/gnu/H-i686-pc-linux-gnu/bin/../lib/gcc/nios2-elf/4.1.2/../../../../nios2-elf/lib/mno-hw-mul/libsmallc.a(lib_a-putc.o)
                              obj/default/lab1/puttime.o (putc)
/opt/altera/13.0sp1/nios2eds/bin/gnu/H-i686-pc-linux-gnu/bin/../lib/gcc/nios2-elf/4.1.2/../../../../nios2-elf/lib/mno-hw-mul/libsmallc.a(lib_a-fvwrite_small_dev.o)
                              /opt/altera/13.0sp1/nios2eds/bin/gnu/H-i686-pc-linux-gnu/bin/../lib/gcc/nios2-elf/4.1.2/../../../../nios2-elf/lib/mno-hw-mul/libsmallc.a(lib_a-putc.o) (__sfvwrite_small_dev)
/opt/altera/13.0sp1/nios2eds/bin/gnu/H-i686-pc-linux-gnu/bin/../lib/gcc/nios2-elf/4.1.2/../../../../nios2-elf/lib/mno-hw-mul/libsmallc.a(lib_a-writer.o)
                              /opt/altera/13.0sp1/nios2eds/bin/gnu/H-i686-pc-linux-gnu/bin/../lib/gcc/nios2-elf/4.1.2/../../../../nios2-elf/lib/mno-hw-mul/libsmallc.a(lib_a-fvwrite_small_dev.o) (_write_r)
/opt/altera/13.0sp1/nios2eds/bin/gnu/H-i686-pc-linux-gnu/bin/../lib/gcc/nios2-elf/4.1.2/../../../../nios2-elf/lib/mno-hw-mul/libsmallc.a(lib_a-int_errno.o)
                              /opt/altera/13.0sp1/nios2eds/bin/gnu/H-i686-pc-linux-gnu/bin/../lib/gcc/nios2-elf/4.1.2/../../../../nios2-elf/lib/mno-hw-mul/libsmallc.a(lib_a-writer.o) (errno)
bsp//libhal_bsp.a(alt_load.o)
                              bsp//obj/HAL/src/crt0.o (alt_load)
bsp//libhal_bsp.a(alt_main.o)
                              bsp//obj/HAL/src/crt0.o (alt_main)
bsp//libhal_bsp.a(alt_write.o)
                              /opt/altera/13.0sp1/nios2eds/bin/gnu/H-i686-pc-linux-gnu/bin/../lib/gcc/nios2-elf/4.1.2/../../../../nios2-elf/lib/mno-hw-mul/libsmallc.a(lib_a-writer.o) (write)
bsp//libhal_bsp.a(alt_sys_init.o)
                              bsp//libhal_bsp.a(alt_write.o) (jtag_uart_0)
bsp//libhal_bsp.a(altera_avalon_jtag_uart_write.o)
                              bsp//libhal_bsp.a(alt_write.o) (altera_avalon_jtag_uart_write)
bsp//libhal_bsp.a(altera_avalon_timer_sc.o)
                              bsp//libhal_bsp.a(alt_sys_init.o) (alt_avalon_timer_sc_init)
bsp//libhal_bsp.a(altera_up_avalon_character_lcd.o)
                              bsp//libhal_bsp.a(alt_sys_init.o) (alt_up_character_lcd_init)
bsp//libhal_bsp.a(alt_dcache_flush_all.o)
                              bsp//libhal_bsp.a(alt_load.o) (alt_dcache_flush_all)
bsp//libhal_bsp.a(alt_dev.o)  bsp//libhal_bsp.a(alt_sys_init.o) (alt_dev_list)
bsp//libhal_bsp.a(alt_dev_llist_insert.o)
                              bsp//libhal_bsp.a(alt_sys_init.o) (alt_dev_llist_insert)
bsp//libhal_bsp.a(alt_errno.o)
                              bsp//libhal_bsp.a(alt_write.o) (alt_errno)
bsp//libhal_bsp.a(alt_find_dev.o)
                              bsp//libhal_bsp.a(altera_up_avalon_character_lcd.o) (alt_find_dev)
bsp//libhal_bsp.a(alt_icache_flush_all.o)
                              bsp//libhal_bsp.a(alt_load.o) (alt_icache_flush_all)
bsp//libhal_bsp.a(alt_iic.o)  bsp//libhal_bsp.a(altera_avalon_timer_sc.o) (alt_ic_isr_register)
bsp//libhal_bsp.a(alt_iic_isr_register.o)
                              bsp//libhal_bsp.a(alt_iic.o) (alt_iic_isr_register)
bsp//libhal_bsp.a(alt_irq_entry.o)
                              bsp//libhal_bsp.a(alt_iic_isr_register.o) (alt_irq_entry)
bsp//libhal_bsp.a(alt_irq_handler.o)
                              bsp//libhal_bsp.a(alt_iic_isr_register.o) (alt_irq_handler)
bsp//libhal_bsp.a(alt_irq_vars.o)
                              bsp//libhal_bsp.a(alt_iic.o) (alt_irq_active)
bsp//libhal_bsp.a(alt_tick.o)
                              bsp//libhal_bsp.a(altera_avalon_timer_sc.o) (_alt_tick_rate)
bsp//libhal_bsp.a(altera_nios2_qsys_irq.o)
                              bsp//libhal_bsp.a(alt_sys_init.o) (altera_nios2_qsys_irq_init)
bsp//libhal_bsp.a(alt_exception_entry.o)
                              bsp//libhal_bsp.a(alt_irq_entry.o) (alt_exception)
/opt/altera/13.0sp1/nios2eds/bin/gnu/H-i686-pc-linux-gnu/bin/../lib/gcc/nios2-elf/4.1.2/../../../../nios2-elf/lib/mno-hw-mul/libsmallc.a(lib_a-memcmp.o)
                              bsp//libhal_bsp.a(alt_find_dev.o) (memcmp)
/opt/altera/13.0sp1/nios2eds/bin/gnu/H-i686-pc-linux-gnu/bin/../lib/gcc/nios2-elf/4.1.2/../../../../nios2-elf/lib/mno-hw-mul/libsmallc.a(lib_a-strlen.o)
                              bsp//libhal_bsp.a(alt_find_dev.o) (strlen)

Allocating common symbols
Common symbol       size              file

alt_irq             0x100             bsp//libhal_bsp.a(alt_irq_handler.o)
errno               0x4               /opt/altera/13.0sp1/nios2eds/bin/gnu/H-i686-pc-linux-gnu/bin/../lib/gcc/nios2-elf/4.1.2/../../../../nios2-elf/lib/mno-hw-mul/libsmallc.a(lib_a-int_errno.o)

Memory Configuration

Name             Origin             Length             Attributes
onchip_memory    0x00000000         0x00006400
sram             0x00100000         0x00080000
reset            0x01000000         0x00000020
sdram            0x01000020         0x007fffe0
*default*        0x00000000         0xffffffff

Linker script and memory map

LOAD bsp//obj/HAL/src/crt0.o
                0x0100000c                exit = _exit
LOAD obj/default/lab1/main.o
LOAD obj/default/lab1/puthex.o
LOAD obj/default/lab1/puttime.o
LOAD obj/default/lab1/tick.o
LOAD obj/default/lab1/delay_asm.o
LOAD obj/default/lab1/hexasc_asm.o
LOAD /opt/altera/13.0sp1/nios2eds/bin/gnu/H-i686-pc-linux-gnu/bin/../lib/gcc/nios2-elf/4.1.2/../../../../nios2-elf/lib/mno-hw-mul/libstdc++.a
LOAD /opt/altera/13.0sp1/nios2eds/bin/gnu/H-i686-pc-linux-gnu/bin/../lib/gcc/nios2-elf/4.1.2/../../../../nios2-elf/lib/mno-hw-mul/libm.a
LOAD /opt/altera/13.0sp1/nios2eds/bin/gnu/H-i686-pc-linux-gnu/bin/../lib/gcc/nios2-elf/4.1.2/mno-hw-mul/libgcc.a
START GROUP
LOAD /opt/altera/13.0sp1/nios2eds/bin/gnu/H-i686-pc-linux-gnu/bin/../lib/gcc/nios2-elf/4.1.2/../../../../nios2-elf/lib/mno-hw-mul/libsmallc.a
LOAD /opt/altera/13.0sp1/nios2eds/bin/gnu/H-i686-pc-linux-gnu/bin/../lib/gcc/nios2-elf/4.1.2/mno-hw-mul/libgcc.a
LOAD bsp//libhal_bsp.a
END GROUP
LOAD /opt/altera/13.0sp1/nios2eds/bin/gnu/H-i686-pc-linux-gnu/bin/../lib/gcc/nios2-elf/4.1.2/mno-hw-mul/libgcc.a
                0x00000000                __alt_mem_onchip_memory = 0x0
                0x00100000                __alt_mem_sram = 0x100000
                0x01000000                __alt_mem_sdram = 0x1000000

.entry          0x01000000       0x20
 *(.entry)
 .entry         0x01000000       0x20 bsp//obj/HAL/src/crt0.o
                0x01000000                __reset
                0x0100000c                _exit

.exceptions     0x01000020      0x194
                0x01000020                PROVIDE (__ram_exceptions_start, ABSOLUTE (.))
                0x01000020                . = ALIGN (0x20)
 *(.irq)
 *(.exceptions.entry.label)
 .exceptions.entry.label
                0x01000020        0x0 bsp//libhal_bsp.a(alt_irq_entry.o)
                0x01000020                alt_irq_entry
 .exceptions.entry.label
                0x01000020        0x0 bsp//libhal_bsp.a(alt_exception_entry.o)
                0x01000020                alt_exception
 *(.exceptions.entry.user)
 *(.exceptions.entry)
 .exceptions.entry
                0x01000020       0x54 bsp//libhal_bsp.a(alt_exception_entry.o)
 *(.exceptions.irqtest.user)
 *(.exceptions.irqtest)
 .exceptions.irqtest
                0x01000074       0x10 bsp//libhal_bsp.a(alt_irq_entry.o)
 *(.exceptions.irqhandler.user)
 *(.exceptions.irqhandler)
 .exceptions.irqhandler
                0x01000084        0x4 bsp//libhal_bsp.a(alt_irq_entry.o)
 *(.exceptions.irqreturn.user)
 *(.exceptions.irqreturn)
 .exceptions.irqreturn
                0x01000088        0x4 bsp//libhal_bsp.a(alt_irq_entry.o)
 *(.exceptions.notirq.label)
 .exceptions.notirq.label
                0x0100008c        0x0 bsp//libhal_bsp.a(alt_irq_entry.o)
 *(.exceptions.notirq.user)
 *(.exceptions.notirq)
 .exceptions.notirq
                0x0100008c        0x8 bsp//libhal_bsp.a(alt_exception_entry.o)
 *(.exceptions.soft.user)
 *(.exceptions.soft)
 *(.exceptions.unknown.user)
 *(.exceptions.unknown)
 .exceptions.unknown
                0x01000094        0x4 bsp//libhal_bsp.a(alt_exception_entry.o)
 *(.exceptions.exit.label)
 .exceptions.exit.label
                0x01000098        0x0 bsp//libhal_bsp.a(alt_irq_entry.o)
 .exceptions.exit.label
                0x01000098        0x0 bsp//libhal_bsp.a(alt_exception_entry.o)
 *(.exceptions.exit.user)
 *(.exceptions.exit)
 .exceptions.exit
                0x01000098       0x54 bsp//libhal_bsp.a(alt_exception_entry.o)
 *(.exceptions)
 .exceptions    0x010000ec       0xc8 bsp//libhal_bsp.a(alt_irq_handler.o)
                0x010000ec                alt_irq_handler
                0x010001b4                PROVIDE (__ram_exceptions_end, ABSOLUTE (.))
                0x01000020                PROVIDE (__flash_exceptions_start, LOADADDR (.exceptions))

.text           0x010001b4     0x1614
                0x010001b4                PROVIDE (stext, ABSOLUTE (.))
 *(.interp)
 *(.hash)
 *(.dynsym)
 *(.dynstr)
 *(.gnu.version)
 *(.gnu.version_d)
 *(.gnu.version_r)
 *(.rel.init)
 *(.rela.init)
 *(.rel.text .rel.text.* .rel.gnu.linkonce.t.*)
 *(.rela.text .rela.text.* .rela.gnu.linkonce.t.*)
 *(.rel.fini)
 *(.rela.fini)
 *(.rel.rodata .rel.rodata.* .rel.gnu.linkonce.r.*)
 *(.rela.rodata .rela.rodata.* .rela.gnu.linkonce.r.*)
 *(.rel.data .rel.data.* .rel.gnu.linkonce.d.*)
 *(.rela.data .rela.data.* .rela.gnu.linkonce.d.*)
 *(.rel.tdata .rel.tdata.* .rel.gnu.linkonce.td.*)
 *(.rela.tdata .rela.tdata.* .rela.gnu.linkonce.td.*)
 *(.rel.tbss .rel.tbss.* .rel.gnu.linkonce.tb.*)
 *(.rela.tbss .rela.tbss.* .rela.gnu.linkonce.tb.*)
 *(.rel.ctors)
 *(.rela.ctors)
 *(.rel.dtors)
 *(.rela.dtors)
 *(.rel.got)
 *(.rela.got)
 *(.rel.sdata .rel.sdata.* .rel.gnu.linkonce.s.*)
 *(.rela.sdata .rela.sdata.* .rela.gnu.linkonce.s.*)
 *(.rel.sbss .rel.sbss.* .rel.gnu.linkonce.sb.*)
 *(.rela.sbss .rela.sbss.* .rela.gnu.linkonce.sb.*)
 *(.rel.sdata2 .rel.sdata2.* .rel.gnu.linkonce.s2.*)
 *(.rela.sdata2 .rela.sdata2.* .rela.gnu.linkonce.s2.*)
 *(.rel.sbss2 .rel.sbss2.* .rel.gnu.linkonce.sb2.*)
 *(.rela.sbss2 .rela.sbss2.* .rela.gnu.linkonce.sb2.*)
 *(.rel.bss .rel.bss.* .rel.gnu.linkonce.b.*)
 *(.rela.bss .rela.bss.* .rela.gnu.linkonce.b.*)
 *(.rel.plt)
 *(.rela.plt)
 *(.rel.dyn)
 *(.init)
 *(.plt)
 *(.text .stub .text.* .gnu.linkonce.t.*)
 .text          0x010001b4       0x3c bsp//obj/HAL/src/crt0.o
                0x010001b4                _start
 .text          0x010001f0       0x40 obj/default/lab1/main.o
                0x010001f0                main
 .text          0x01000230       0xd4 obj/default/lab1/puthex.o
                0x01000230                bcd2seven
                0x0100026c                puthex
 .text          0x01000304       0xf0 obj/default/lab1/puttime.o
                0x01000304                puttime
 .text          0x010003f4       0xac obj/default/lab1/tick.o
                0x010003f4                tick
 .text          0x010004a0       0x20 obj/default/lab1/delay_asm.o
                0x010004a0                delay
 .text          0x010004c0       0x20 obj/default/lab1/hexasc_asm.o
                0x010004c0                hexasc
 .text          0x010004e0        0x0 /opt/altera/13.0sp1/nios2eds/bin/gnu/H-i686-pc-linux-gnu/bin/../lib/gcc/nios2-elf/4.1.2/../../../../nios2-elf/lib/mno-hw-mul/libsmallc.a(lib_a-impure.o)
 .text          0x010004e0       0xe4 /opt/altera/13.0sp1/nios2eds/bin/gnu/H-i686-pc-linux-gnu/bin/../lib/gcc/nios2-elf/4.1.2/../../../../nios2-elf/lib/mno-hw-mul/libsmallc.a(lib_a-putc.o)
                0x010004e0                putc
                0x01000550                _putc_r
 .text          0x010005c4       0xbc /opt/altera/13.0sp1/nios2eds/bin/gnu/H-i686-pc-linux-gnu/bin/../lib/gcc/nios2-elf/4.1.2/../../../../nios2-elf/lib/mno-hw-mul/libsmallc.a(lib_a-fvwrite_small_dev.o)
                0x010005c4                __sfvwrite_small_dev
 .text          0x01000680       0x78 /opt/altera/13.0sp1/nios2eds/bin/gnu/H-i686-pc-linux-gnu/bin/../lib/gcc/nios2-elf/4.1.2/../../../../nios2-elf/lib/mno-hw-mul/libsmallc.a(lib_a-writer.o)
                0x01000680                _write_r
 .text          0x010006f8        0x0 /opt/altera/13.0sp1/nios2eds/bin/gnu/H-i686-pc-linux-gnu/bin/../lib/gcc/nios2-elf/4.1.2/../../../../nios2-elf/lib/mno-hw-mul/libsmallc.a(lib_a-int_errno.o)
 .text          0x010006f8       0xec bsp//libhal_bsp.a(alt_load.o)
                0x010006f8                alt_load
 .text          0x010007e4       0x40 bsp//libhal_bsp.a(alt_main.o)
                0x010007e4                alt_main
 .text          0x01000824      0x110 bsp//libhal_bsp.a(alt_write.o)
                0x01000824                write
 .text          0x01000934       0xc8 bsp//libhal_bsp.a(alt_sys_init.o)
                0x01000934                alt_irq_init
                0x01000968                alt_sys_init
 .text          0x010009fc       0xa4 bsp//libhal_bsp.a(altera_avalon_jtag_uart_write.o)
                0x010009fc                altera_avalon_jtag_uart_write
 .text          0x01000aa0      0x100 bsp//libhal_bsp.a(altera_avalon_timer_sc.o)
                0x01000b10                alt_avalon_timer_sc_init
 .text          0x01000ba0      0x530 bsp//libhal_bsp.a(altera_up_avalon_character_lcd.o)
                0x01000ba0                get_DDRAM_addr
                0x01000c1c                alt_up_character_lcd_send_cmd
                0x01000c50                alt_up_character_lcd_init
                0x01000c84                alt_up_character_lcd_open_dev
                0x01000cc4                alt_up_character_lcd_write
                0x01000d3c                alt_up_character_lcd_string
                0x01000db4                alt_up_character_lcd_write_fd
                0x01000e00                alt_up_character_lcd_set_cursor_pos
                0x01000e78                alt_up_character_lcd_shift_cursor
                0x01000f28                alt_up_character_lcd_shift_display
                0x01000fd8                alt_up_character_lcd_erase_pos
                0x01001068                alt_up_character_lcd_cursor_off
                0x0100109c                alt_up_character_lcd_cursor_blink_on
 .text          0x010010d0       0x1c bsp//libhal_bsp.a(alt_dcache_flush_all.o)
                0x010010d0                alt_dcache_flush_all
 .text          0x010010ec       0x2c bsp//libhal_bsp.a(alt_dev.o)
 .text          0x01001118      0x114 bsp//libhal_bsp.a(alt_dev_llist_insert.o)
                0x01001118                alt_dev_llist_insert
 .text          0x0100122c        0x0 bsp//libhal_bsp.a(alt_errno.o)
 .text          0x0100122c       0x94 bsp//libhal_bsp.a(alt_find_dev.o)
                0x0100122c                alt_find_dev
 .text          0x010012c0       0x1c bsp//libhal_bsp.a(alt_icache_flush_all.o)
                0x010012c0                alt_icache_flush_all
 .text          0x010012dc      0x1d4 bsp//libhal_bsp.a(alt_iic.o)
                0x010012dc                alt_ic_isr_register
                0x0100132c                alt_ic_irq_enable
                0x010013c8                alt_ic_irq_disable
                0x01001468                alt_ic_irq_enabled
 .text          0x010014b0       0xf8 bsp//libhal_bsp.a(alt_iic_isr_register.o)
                0x010014b0                alt_iic_isr_register
 .text          0x010015a8        0x0 bsp//libhal_bsp.a(alt_irq_entry.o)
 .text          0x010015a8        0x0 bsp//libhal_bsp.a(alt_irq_handler.o)
 .text          0x010015a8        0x0 bsp//libhal_bsp.a(alt_irq_vars.o)
 .text          0x010015a8      0x1a4 bsp//libhal_bsp.a(alt_tick.o)
                0x010015a8                alt_alarm_stop
                0x01001640                alt_tick
 .text          0x0100174c       0x20 bsp//libhal_bsp.a(altera_nios2_qsys_irq.o)
                0x0100174c                altera_nios2_qsys_irq_init
 .text          0x0100176c        0x0 bsp//libhal_bsp.a(alt_exception_entry.o)
 .text          0x0100176c       0x3c /opt/altera/13.0sp1/nios2eds/bin/gnu/H-i686-pc-linux-gnu/bin/../lib/gcc/nios2-elf/4.1.2/../../../../nios2-elf/lib/mno-hw-mul/libsmallc.a(lib_a-memcmp.o)
                0x0100176c                memcmp
 .text          0x010017a8       0x20 /opt/altera/13.0sp1/nios2eds/bin/gnu/H-i686-pc-linux-gnu/bin/../lib/gcc/nios2-elf/4.1.2/../../../../nios2-elf/lib/mno-hw-mul/libsmallc.a(lib_a-strlen.o)
                0x010017a8                strlen
 *(.gnu.warning.*)
 *(.fini)
                0x010017c8                PROVIDE (__etext, ABSOLUTE (.))
                0x010017c8                PROVIDE (_etext, ABSOLUTE (.))
                0x010017c8                PROVIDE (etext, ABSOLUTE (.))
 *(.eh_frame_hdr)
                0x010017c8                . = ALIGN (0x4)
                0x010017c8                PROVIDE (__preinit_array_start, ABSOLUTE (.))
 *(.preinit_array)
                0x010017c8                PROVIDE (__preinit_array_end, ABSOLUTE (.))
                0x010017c8                PROVIDE (__init_array_start, ABSOLUTE (.))
 *(.init_array)
                0x010017c8                PROVIDE (__init_array_end, ABSOLUTE (.))
                0x010017c8                PROVIDE (__fini_array_start, ABSOLUTE (.))
 *(.fini_array)
                0x010017c8                PROVIDE (__fini_array_end, ABSOLUTE (.))
 *(.eh_frame)
 *(.gcc_except_table)
 *(.dynamic)
                0x010017c8                PROVIDE (__CTOR_LIST__, ABSOLUTE (.))
 *(.ctors)
 *(SORT(.ctors.*))
                0x010017c8                PROVIDE (__CTOR_END__, ABSOLUTE (.))
                0x010017c8                PROVIDE (__DTOR_LIST__, ABSOLUTE (.))
 *(.dtors)
 *(SORT(.dtors.*))
                0x010017c8                PROVIDE (__DTOR_END__, ABSOLUTE (.))
 *(.jcr)
                0x010017c8                . = ALIGN (0x4)

.rodata         0x010017c8       0x1c
                0x010017c8                PROVIDE (__ram_rodata_start, ABSOLUTE (.))
                0x010017c8                . = ALIGN (0x4)
 *(.rodata .rodata.* .gnu.linkonce.r.*)
 .rodata        0x010017c8       0x10 bsp//libhal_bsp.a(alt_sys_init.o)
 .rodata        0x010017d8        0xc bsp//libhal_bsp.a(alt_dev.o)
 *(.rodata1)
                0x010017e4                . = ALIGN (0x4)
                0x010017e4                PROVIDE (__ram_rodata_end, ABSOLUTE (.))
                0x010017c8                PROVIDE (__flash_rodata_start, LOADADDR (.rodata))

.rwdata         0x010017e4      0x1d8 load address 0x010019bc
                0x010017e4                PROVIDE (__ram_rwdata_start, ABSOLUTE (.))
                0x010017e4                . = ALIGN (0x4)
 *(.got.plt)
 *(.got)
 *(.data1)
 *(.data .data.* .gnu.linkonce.d.*)
 .data          0x010017e4        0x0 bsp//obj/HAL/src/crt0.o
 .data          0x010017e4        0x0 obj/default/lab1/main.o
 .data          0x010017e4       0x40 obj/default/lab1/puthex.o
 .data          0x01001824        0x0 obj/default/lab1/puttime.o
 .data          0x01001824        0x0 obj/default/lab1/tick.o
 .data          0x01001824        0x0 obj/default/lab1/delay_asm.o
 .data          0x01001824        0x0 obj/default/lab1/hexasc_asm.o
 .data          0x01001824       0xe0 /opt/altera/13.0sp1/nios2eds/bin/gnu/H-i686-pc-linux-gnu/bin/../lib/gcc/nios2-elf/4.1.2/../../../../nios2-elf/lib/mno-hw-mul/libsmallc.a(lib_a-impure.o)
 .data          0x01001904        0x0 /opt/altera/13.0sp1/nios2eds/bin/gnu/H-i686-pc-linux-gnu/bin/../lib/gcc/nios2-elf/4.1.2/../../../../nios2-elf/lib/mno-hw-mul/libsmallc.a(lib_a-putc.o)
 .data          0x01001904        0x0 /opt/altera/13.0sp1/nios2eds/bin/gnu/H-i686-pc-linux-gnu/bin/../lib/gcc/nios2-elf/4.1.2/../../../../nios2-elf/lib/mno-hw-mul/libsmallc.a(lib_a-fvwrite_small_dev.o)
 .data          0x01001904        0x0 /opt/altera/13.0sp1/nios2eds/bin/gnu/H-i686-pc-linux-gnu/bin/../lib/gcc/nios2-elf/4.1.2/../../../../nios2-elf/lib/mno-hw-mul/libsmallc.a(lib_a-writer.o)
 .data          0x01001904        0x0 /opt/altera/13.0sp1/nios2eds/bin/gnu/H-i686-pc-linux-gnu/bin/../lib/gcc/nios2-elf/4.1.2/../../../../nios2-elf/lib/mno-hw-mul/libsmallc.a(lib_a-int_errno.o)
 .data          0x01001904        0x0 bsp//libhal_bsp.a(alt_load.o)
 .data          0x01001904        0x0 bsp//libhal_bsp.a(alt_main.o)
 .data          0x01001904        0x0 bsp//libhal_bsp.a(alt_write.o)
 .data          0x01001904       0x2c bsp//libhal_bsp.a(alt_sys_init.o)
 .data          0x01001930        0x0 bsp//libhal_bsp.a(altera_avalon_jtag_uart_write.o)
 .data          0x01001930        0x0 bsp//libhal_bsp.a(altera_avalon_timer_sc.o)
 .data          0x01001930        0x0 bsp//libhal_bsp.a(altera_up_avalon_character_lcd.o)
 .data          0x01001930        0x0 bsp//libhal_bsp.a(alt_dcache_flush_all.o)
 .data          0x01001930       0x58 bsp//libhal_bsp.a(alt_dev.o)
                0x01001930                alt_dev_null
                0x01001958                alt_fd_list
 .data          0x01001988        0x0 bsp//libhal_bsp.a(alt_dev_llist_insert.o)
 .data          0x01001988        0x0 bsp//libhal_bsp.a(alt_errno.o)
 .data          0x01001988        0x0 bsp//libhal_bsp.a(alt_find_dev.o)
 .data          0x01001988        0x0 bsp//libhal_bsp.a(alt_icache_flush_all.o)
 .data          0x01001988        0x0 bsp//libhal_bsp.a(alt_iic.o)
 .data          0x01001988        0x0 bsp//libhal_bsp.a(alt_iic_isr_register.o)
 .data          0x01001988        0x0 bsp//libhal_bsp.a(alt_irq_entry.o)
 .data          0x01001988        0x0 bsp//libhal_bsp.a(alt_irq_handler.o)
 .data          0x01001988        0x0 bsp//libhal_bsp.a(alt_irq_vars.o)
 .data          0x01001988        0x0 bsp//libhal_bsp.a(alt_tick.o)
 .data          0x01001988        0x0 bsp//libhal_bsp.a(altera_nios2_qsys_irq.o)
 .data          0x01001988        0x0 bsp//libhal_bsp.a(alt_exception_entry.o)
 .data          0x01001988        0x0 /opt/altera/13.0sp1/nios2eds/bin/gnu/H-i686-pc-linux-gnu/bin/../lib/gcc/nios2-elf/4.1.2/../../../../nios2-elf/lib/mno-hw-mul/libsmallc.a(lib_a-memcmp.o)
 .data          0x01001988        0x0 /opt/altera/13.0sp1/nios2eds/bin/gnu/H-i686-pc-linux-gnu/bin/../lib/gcc/nios2-elf/4.1.2/../../../../nios2-elf/lib/mno-hw-mul/libsmallc.a(lib_a-strlen.o)
                0x01009988                _gp = ABSOLUTE ((. + 0x8000))
                0x01009988                PROVIDE (gp, _gp)
 *(.rwdata .rwdata.*)
 *(.sdata .sdata.* .gnu.linkonce.s.*)
 .sdata         0x01001988        0x4 obj/default/lab1/main.o
                0x01001988                timeloc
 .sdata         0x0100198c        0x8 /opt/altera/13.0sp1/nios2eds/bin/gnu/H-i686-pc-linux-gnu/bin/../lib/gcc/nios2-elf/4.1.2/../../../../nios2-elf/lib/mno-hw-mul/libsmallc.a(lib_a-impure.o)
                0x0100198c                _impure_ptr
                0x01001990                _global_impure_ptr
 .sdata         0x01001994        0x4 bsp//libhal_bsp.a(alt_sys_init.o)
                0x01001994                jtag_uart_0
 .sdata         0x01001998       0x14 bsp//libhal_bsp.a(alt_dev.o)
                0x01001998                alt_fs_list
                0x010019a0                alt_dev_list
                0x010019a8                alt_max_fd
 .sdata         0x010019ac        0x4 bsp//libhal_bsp.a(alt_errno.o)
                0x010019ac                alt_errno
 .sdata         0x010019b0        0x4 bsp//libhal_bsp.a(alt_irq_vars.o)
                0x010019b0                alt_priority_mask
 .sdata         0x010019b4        0x8 bsp//libhal_bsp.a(alt_tick.o)
                0x010019b4                alt_alarm_list
 *(.sdata2 .sdata2.* .gnu.linkonce.s2.*)
                0x010019bc                . = ALIGN (0x4)
                0x010019bc                _edata = ABSOLUTE (.)
                0x010019bc                PROVIDE (edata, ABSOLUTE (.))
                0x010019bc                PROVIDE (__ram_rwdata_end, ABSOLUTE (.))
                0x010019bc                PROVIDE (__flash_rwdata_start, LOADADDR (.rwdata))

.bss            0x01001b94      0x11c
                0x01001b94                __bss_start = ABSOLUTE (.)
                0x01001b94                PROVIDE (__sbss_start, ABSOLUTE (.))
                0x01001b94                PROVIDE (___sbss_start, ABSOLUTE (.))
 *(.dynsbss)
 *(.sbss .sbss.* .gnu.linkonce.sb.*)
 .sbss          0x01001b94        0x4 /opt/altera/13.0sp1/nios2eds/bin/gnu/H-i686-pc-linux-gnu/bin/../lib/gcc/nios2-elf/4.1.2/../../../../nios2-elf/lib/mno-hw-mul/libsmallc.a(lib_a-int_errno.o)
                0x01001b94                errno
 .sbss          0x01001b98        0xc bsp//libhal_bsp.a(alt_main.o)
                0x01001b98                alt_argc
                0x01001b9c                alt_argv
                0x01001ba0                alt_envp
 .sbss          0x01001ba4        0x4 bsp//libhal_bsp.a(alt_irq_vars.o)
                0x01001ba4                alt_irq_active
 .sbss          0x01001ba8        0x8 bsp//libhal_bsp.a(alt_tick.o)
                0x01001ba8                _alt_tick_rate
                0x01001bac                _alt_nticks
 *(.sbss2 .sbss2.* .gnu.linkonce.sb2.*)
 *(.scommon)
                0x01001bb0                PROVIDE (__sbss_end, ABSOLUTE (.))
                0x01001bb0                PROVIDE (___sbss_end, ABSOLUTE (.))
 *(.dynbss)
 *(.bss .bss.* .gnu.linkonce.b.*)
 .bss           0x01001bb0        0x0 bsp//obj/HAL/src/crt0.o
 .bss           0x01001bb0        0x0 obj/default/lab1/main.o
 .bss           0x01001bb0        0x0 obj/default/lab1/puthex.o
 .bss           0x01001bb0        0x0 obj/default/lab1/puttime.o
 .bss           0x01001bb0        0x0 obj/default/lab1/tick.o
 .bss           0x01001bb0        0x0 obj/default/lab1/delay_asm.o
 .bss           0x01001bb0        0x0 obj/default/lab1/hexasc_asm.o
 .bss           0x01001bb0        0x0 /opt/altera/13.0sp1/nios2eds/bin/gnu/H-i686-pc-linux-gnu/bin/../lib/gcc/nios2-elf/4.1.2/../../../../nios2-elf/lib/mno-hw-mul/libsmallc.a(lib_a-impure.o)
 .bss           0x01001bb0        0x0 /opt/altera/13.0sp1/nios2eds/bin/gnu/H-i686-pc-linux-gnu/bin/../lib/gcc/nios2-elf/4.1.2/../../../../nios2-elf/lib/mno-hw-mul/libsmallc.a(lib_a-putc.o)
 .bss           0x01001bb0        0x0 /opt/altera/13.0sp1/nios2eds/bin/gnu/H-i686-pc-linux-gnu/bin/../lib/gcc/nios2-elf/4.1.2/../../../../nios2-elf/lib/mno-hw-mul/libsmallc.a(lib_a-fvwrite_small_dev.o)
 .bss           0x01001bb0        0x0 /opt/altera/13.0sp1/nios2eds/bin/gnu/H-i686-pc-linux-gnu/bin/../lib/gcc/nios2-elf/4.1.2/../../../../nios2-elf/lib/mno-hw-mul/libsmallc.a(lib_a-writer.o)
 .bss           0x01001bb0        0x0 /opt/altera/13.0sp1/nios2eds/bin/gnu/H-i686-pc-linux-gnu/bin/../lib/gcc/nios2-elf/4.1.2/../../../../nios2-elf/lib/mno-hw-mul/libsmallc.a(lib_a-int_errno.o)
 .bss           0x01001bb0        0x0 bsp//libhal_bsp.a(alt_load.o)
 .bss           0x01001bb0        0x0 bsp//libhal_bsp.a(alt_main.o)
 .bss           0x01001bb0        0x0 bsp//libhal_bsp.a(alt_write.o)
 .bss           0x01001bb0        0x0 bsp//libhal_bsp.a(alt_sys_init.o)
 .bss           0x01001bb0        0x0 bsp//libhal_bsp.a(altera_avalon_jtag_uart_write.o)
 .bss           0x01001bb0        0x0 bsp//libhal_bsp.a(altera_avalon_timer_sc.o)
 .bss           0x01001bb0        0x0 bsp//libhal_bsp.a(altera_up_avalon_character_lcd.o)
 .bss           0x01001bb0        0x0 bsp//libhal_bsp.a(alt_dcache_flush_all.o)
 .bss           0x01001bb0        0x0 bsp//libhal_bsp.a(alt_dev.o)
 .bss           0x01001bb0        0x0 bsp//libhal_bsp.a(alt_dev_llist_insert.o)
 .bss           0x01001bb0        0x0 bsp//libhal_bsp.a(alt_errno.o)
 .bss           0x01001bb0        0x0 bsp//libhal_bsp.a(alt_find_dev.o)
 .bss           0x01001bb0        0x0 bsp//libhal_bsp.a(alt_icache_flush_all.o)
 .bss           0x01001bb0        0x0 bsp//libhal_bsp.a(alt_iic.o)
 .bss           0x01001bb0        0x0 bsp//libhal_bsp.a(alt_iic_isr_register.o)
 .bss           0x01001bb0        0x0 bsp//libhal_bsp.a(alt_irq_entry.o)
 .bss           0x01001bb0        0x0 bsp//libhal_bsp.a(alt_irq_handler.o)
 .bss           0x01001bb0        0x0 bsp//libhal_bsp.a(alt_irq_vars.o)
 .bss           0x01001bb0        0x0 bsp//libhal_bsp.a(alt_tick.o)
 .bss           0x01001bb0        0x0 bsp//libhal_bsp.a(altera_nios2_qsys_irq.o)
 .bss           0x01001bb0        0x0 bsp//libhal_bsp.a(alt_exception_entry.o)
 .bss           0x01001bb0        0x0 /opt/altera/13.0sp1/nios2eds/bin/gnu/H-i686-pc-linux-gnu/bin/../lib/gcc/nios2-elf/4.1.2/../../../../nios2-elf/lib/mno-hw-mul/libsmallc.a(lib_a-memcmp.o)
 .bss           0x01001bb0        0x0 /opt/altera/13.0sp1/nios2eds/bin/gnu/H-i686-pc-linux-gnu/bin/../lib/gcc/nios2-elf/4.1.2/../../../../nios2-elf/lib/mno-hw-mul/libsmallc.a(lib_a-strlen.o)
 *(COMMON)
 COMMON         0x01001bb0      0x100 bsp//libhal_bsp.a(alt_irq_handler.o)
                0x01001bb0                alt_irq
                0x01001cb0                . = ALIGN (0x4)
                0x01001cb0                __bss_end = ABSOLUTE (.)

.onchip_memory  0x00000000        0x0 load address 0x01001cb0
                0x00000000                PROVIDE (_alt_partition_onchip_memory_start, ABSOLUTE (.))
 *(.onchip_memory. onchip_memory.*)
                0x00000000                . = ALIGN (0x4)
                0x00000000                PROVIDE (_alt_partition_onchip_memory_end, ABSOLUTE (.))
                0x01001cb0                PROVIDE (_alt_partition_onchip_memory_load_addr, LOADADDR (.onchip_memory))

.sram           0x00100000        0x0 load address 0x01001cb0
                0x00100000                PROVIDE (_alt_partition_sram_start, ABSOLUTE (.))
 *(.sram. sram.*)
                0x00100000                . = ALIGN (0x4)
                0x00100000                PROVIDE (_alt_partition_sram_end, ABSOLUTE (.))
                0x01001cb0                PROVIDE (_alt_partition_sram_load_addr, LOADADDR (.sram))

.sdram          0x01001cb0        0x0
                0x01001cb0                PROVIDE (_alt_partition_sdram_start, ABSOLUTE (.))
 *(.sdram. sdram.*)
                0x01001cb0                . = ALIGN (0x4)
                0x01001cb0                PROVIDE (_alt_partition_sdram_end, ABSOLUTE (.))
                0x01001cb0                _end = ABSOLUTE (.)
                0x01001cb0                end = ABSOLUTE (.)
                0x01001cb0                __alt_stack_base = ABSOLUTE (.)
                0x01001cb0                PROVIDE (_alt_partition_sdram_load_addr, LOADADDR (.sdram))

.stab
 *(.stab)

.stabstr
 *(.stabstr)

.stab.excl
 *(.stab.excl)

.stab.exclstr
 *(.stab.exclstr)

.stab.index
 *(.stab.index)

.stab.indexstr
 *(.stab.indexstr)

.comment        0x00000000       0x26
 *(.comment)
 .comment       0x00000000       0x26 obj/default/lab1/main.o
                                 0x27 (size before relaxing)
 .comment       0x00000000       0x27 obj/default/lab1/puthex.o
 .comment       0x00000000       0x27 obj/default/lab1/puttime.o
 .comment       0x00000000       0x27 obj/default/lab1/tick.o
 .comment       0x00000000       0x27 /opt/altera/13.0sp1/nios2eds/bin/gnu/H-i686-pc-linux-gnu/bin/../lib/gcc/nios2-elf/4.1.2/../../../../nios2-elf/lib/mno-hw-mul/libsmallc.a(lib_a-impure.o)
 .comment       0x00000000       0x27 /opt/altera/13.0sp1/nios2eds/bin/gnu/H-i686-pc-linux-gnu/bin/../lib/gcc/nios2-elf/4.1.2/../../../../nios2-elf/lib/mno-hw-mul/libsmallc.a(lib_a-putc.o)
 .comment       0x00000000       0x27 /opt/altera/13.0sp1/nios2eds/bin/gnu/H-i686-pc-linux-gnu/bin/../lib/gcc/nios2-elf/4.1.2/../../../../nios2-elf/lib/mno-hw-mul/libsmallc.a(lib_a-fvwrite_small_dev.o)
 .comment       0x00000000       0x27 /opt/altera/13.0sp1/nios2eds/bin/gnu/H-i686-pc-linux-gnu/bin/../lib/gcc/nios2-elf/4.1.2/../../../../nios2-elf/lib/mno-hw-mul/libsmallc.a(lib_a-writer.o)
 .comment       0x00000000       0x27 /opt/altera/13.0sp1/nios2eds/bin/gnu/H-i686-pc-linux-gnu/bin/../lib/gcc/nios2-elf/4.1.2/../../../../nios2-elf/lib/mno-hw-mul/libsmallc.a(lib_a-int_errno.o)
 .comment       0x00000000       0x27 bsp//libhal_bsp.a(alt_load.o)
 .comment       0x00000000       0x27 bsp//libhal_bsp.a(alt_main.o)
 .comment       0x00000000       0x27 bsp//libhal_bsp.a(alt_write.o)
 .comment       0x00000000       0x27 bsp//libhal_bsp.a(alt_sys_init.o)
 .comment       0x00000000       0x27 bsp//libhal_bsp.a(altera_avalon_jtag_uart_write.o)
 .comment       0x00000000       0x27 bsp//libhal_bsp.a(altera_avalon_timer_sc.o)
 .comment       0x00000000       0x27 bsp//libhal_bsp.a(altera_up_avalon_character_lcd.o)
 .comment       0x00000000       0x27 bsp//libhal_bsp.a(alt_dcache_flush_all.o)
 .comment       0x00000000       0x27 bsp//libhal_bsp.a(alt_dev.o)
 .comment       0x00000000       0x27 bsp//libhal_bsp.a(alt_dev_llist_insert.o)
 .comment       0x00000000       0x27 bsp//libhal_bsp.a(alt_errno.o)
 .comment       0x00000000       0x27 bsp//libhal_bsp.a(alt_find_dev.o)
 .comment       0x00000000       0x27 bsp//libhal_bsp.a(alt_icache_flush_all.o)
 .comment       0x00000000       0x27 bsp//libhal_bsp.a(alt_iic.o)
 .comment       0x00000000       0x27 bsp//libhal_bsp.a(alt_iic_isr_register.o)
 .comment       0x00000000       0x27 bsp//libhal_bsp.a(alt_irq_handler.o)
 .comment       0x00000000       0x27 bsp//libhal_bsp.a(alt_irq_vars.o)
 .comment       0x00000000       0x27 bsp//libhal_bsp.a(alt_tick.o)
 .comment       0x00000000       0x27 bsp//libhal_bsp.a(altera_nios2_qsys_irq.o)
 .comment       0x00000000       0x27 /opt/altera/13.0sp1/nios2eds/bin/gnu/H-i686-pc-linux-gnu/bin/../lib/gcc/nios2-elf/4.1.2/../../../../nios2-elf/lib/mno-hw-mul/libsmallc.a(lib_a-memcmp.o)
 .comment       0x00000000       0x27 /opt/altera/13.0sp1/nios2eds/bin/gnu/H-i686-pc-linux-gnu/bin/../lib/gcc/nios2-elf/4.1.2/../../../../nios2-elf/lib/mno-hw-mul/libsmallc.a(lib_a-strlen.o)

.debug
 *(.debug)

.line
 *(.line)

.debug_srcinfo
 *(.debug_srcinfo)

.debug_sfnames
 *(.debug_sfnames)

.debug_aranges  0x00000000      0x418
 *(.debug_aranges)
 .debug_aranges
                0x00000000       0x28 bsp//obj/HAL/src/crt0.o
 .debug_aranges
                0x00000028       0x20 obj/default/lab1/main.o
 .debug_aranges
                0x00000048       0x20 obj/default/lab1/puthex.o
 .debug_aranges
                0x00000068       0x20 obj/default/lab1/puttime.o
 .debug_aranges
                0x00000088       0x20 obj/default/lab1/tick.o
 .debug_aranges
                0x000000a8       0x20 obj/default/lab1/delay_asm.o
 .debug_aranges
                0x000000c8       0x20 obj/default/lab1/hexasc_asm.o
 .debug_aranges
                0x000000e8       0x20 /opt/altera/13.0sp1/nios2eds/bin/gnu/H-i686-pc-linux-gnu/bin/../lib/gcc/nios2-elf/4.1.2/../../../../nios2-elf/lib/mno-hw-mul/libsmallc.a(lib_a-putc.o)
 .debug_aranges
                0x00000108       0x20 /opt/altera/13.0sp1/nios2eds/bin/gnu/H-i686-pc-linux-gnu/bin/../lib/gcc/nios2-elf/4.1.2/../../../../nios2-elf/lib/mno-hw-mul/libsmallc.a(lib_a-fvwrite_small_dev.o)
 .debug_aranges
                0x00000128       0x20 /opt/altera/13.0sp1/nios2eds/bin/gnu/H-i686-pc-linux-gnu/bin/../lib/gcc/nios2-elf/4.1.2/../../../../nios2-elf/lib/mno-hw-mul/libsmallc.a(lib_a-writer.o)
 .debug_aranges
                0x00000148       0x20 bsp//libhal_bsp.a(alt_load.o)
 .debug_aranges
                0x00000168       0x20 bsp//libhal_bsp.a(alt_main.o)
 .debug_aranges
                0x00000188       0x20 bsp//libhal_bsp.a(alt_write.o)
 .debug_aranges
                0x000001a8       0x20 bsp//libhal_bsp.a(alt_sys_init.o)
 .debug_aranges
                0x000001c8       0x20 bsp//libhal_bsp.a(altera_avalon_jtag_uart_write.o)
 .debug_aranges
                0x000001e8       0x20 bsp//libhal_bsp.a(altera_avalon_timer_sc.o)
 .debug_aranges
                0x00000208       0x20 bsp//libhal_bsp.a(altera_up_avalon_character_lcd.o)
 .debug_aranges
                0x00000228       0x20 bsp//libhal_bsp.a(alt_dcache_flush_all.o)
 .debug_aranges
                0x00000248       0x20 bsp//libhal_bsp.a(alt_dev.o)
 .debug_aranges
                0x00000268       0x20 bsp//libhal_bsp.a(alt_dev_llist_insert.o)
 .debug_aranges
                0x00000288       0x20 bsp//libhal_bsp.a(alt_find_dev.o)
 .debug_aranges
                0x000002a8       0x20 bsp//libhal_bsp.a(alt_icache_flush_all.o)
 .debug_aranges
                0x000002c8       0x20 bsp//libhal_bsp.a(alt_iic.o)
 .debug_aranges
                0x000002e8       0x20 bsp//libhal_bsp.a(alt_iic_isr_register.o)
 .debug_aranges
                0x00000308       0x30 bsp//libhal_bsp.a(alt_irq_entry.o)
 .debug_aranges
                0x00000338       0x28 bsp//libhal_bsp.a(alt_irq_handler.o)
 .debug_aranges
                0x00000360       0x20 bsp//libhal_bsp.a(alt_tick.o)
 .debug_aranges
                0x00000380       0x20 bsp//libhal_bsp.a(altera_nios2_qsys_irq.o)
 .debug_aranges
                0x000003a0       0x38 bsp//libhal_bsp.a(alt_exception_entry.o)
 .debug_aranges
                0x000003d8       0x20 /opt/altera/13.0sp1/nios2eds/bin/gnu/H-i686-pc-linux-gnu/bin/../lib/gcc/nios2-elf/4.1.2/../../../../nios2-elf/lib/mno-hw-mul/libsmallc.a(lib_a-memcmp.o)
 .debug_aranges
                0x000003f8       0x20 /opt/altera/13.0sp1/nios2eds/bin/gnu/H-i686-pc-linux-gnu/bin/../lib/gcc/nios2-elf/4.1.2/../../../../nios2-elf/lib/mno-hw-mul/libsmallc.a(lib_a-strlen.o)

.debug_pubnames
                0x00000000      0x746
 *(.debug_pubnames)
 .debug_pubnames
                0x00000000       0x27 obj/default/lab1/main.o
 .debug_pubnames
                0x00000027       0x2b obj/default/lab1/puthex.o
 .debug_pubnames
                0x00000052       0x1e obj/default/lab1/puttime.o
 .debug_pubnames
                0x00000070       0x1b obj/default/lab1/tick.o
 .debug_pubnames
                0x0000008b       0x39 /opt/altera/13.0sp1/nios2eds/bin/gnu/H-i686-pc-linux-gnu/bin/../lib/gcc/nios2-elf/4.1.2/../../../../nios2-elf/lib/mno-hw-mul/libsmallc.a(lib_a-impure.o)
 .debug_pubnames
                0x000000c4       0x27 /opt/altera/13.0sp1/nios2eds/bin/gnu/H-i686-pc-linux-gnu/bin/../lib/gcc/nios2-elf/4.1.2/../../../../nios2-elf/lib/mno-hw-mul/libsmallc.a(lib_a-putc.o)
 .debug_pubnames
                0x000000eb       0x2b /opt/altera/13.0sp1/nios2eds/bin/gnu/H-i686-pc-linux-gnu/bin/../lib/gcc/nios2-elf/4.1.2/../../../../nios2-elf/lib/mno-hw-mul/libsmallc.a(lib_a-fvwrite_small_dev.o)
 .debug_pubnames
                0x00000116       0x1f /opt/altera/13.0sp1/nios2eds/bin/gnu/H-i686-pc-linux-gnu/bin/../lib/gcc/nios2-elf/4.1.2/../../../../nios2-elf/lib/mno-hw-mul/libsmallc.a(lib_a-writer.o)
 .debug_pubnames
                0x00000135       0x1c /opt/altera/13.0sp1/nios2eds/bin/gnu/H-i686-pc-linux-gnu/bin/../lib/gcc/nios2-elf/4.1.2/../../../../nios2-elf/lib/mno-hw-mul/libsmallc.a(lib_a-int_errno.o)
 .debug_pubnames
                0x00000151       0x1f bsp//libhal_bsp.a(alt_load.o)
 .debug_pubnames
                0x00000170       0x46 bsp//libhal_bsp.a(alt_main.o)
 .debug_pubnames
                0x000001b6       0x1c bsp//libhal_bsp.a(alt_write.o)
 .debug_pubnames
                0x000001d2       0x44 bsp//libhal_bsp.a(alt_sys_init.o)
 .debug_pubnames
                0x00000216       0x34 bsp//libhal_bsp.a(altera_avalon_jtag_uart_write.o)
 .debug_pubnames
                0x0000024a       0x2f bsp//libhal_bsp.a(altera_avalon_timer_sc.o)
 .debug_pubnames
                0x00000279      0x1cd bsp//libhal_bsp.a(altera_up_avalon_character_lcd.o)
 .debug_pubnames
                0x00000446       0x2b bsp//libhal_bsp.a(alt_dcache_flush_all.o)
 .debug_pubnames
                0x00000471       0x63 bsp//libhal_bsp.a(alt_dev.o)
 .debug_pubnames
                0x000004d4       0x2b bsp//libhal_bsp.a(alt_dev_llist_insert.o)
 .debug_pubnames
                0x000004ff       0x20 bsp//libhal_bsp.a(alt_errno.o)
 .debug_pubnames
                0x0000051f       0x23 bsp//libhal_bsp.a(alt_find_dev.o)
 .debug_pubnames
                0x00000542       0x2b bsp//libhal_bsp.a(alt_icache_flush_all.o)
 .debug_pubnames
                0x0000056d       0x6e bsp//libhal_bsp.a(alt_iic.o)
 .debug_pubnames
                0x000005db       0x2b bsp//libhal_bsp.a(alt_iic_isr_register.o)
 .debug_pubnames
                0x00000606       0x32 bsp//libhal_bsp.a(alt_irq_handler.o)
 .debug_pubnames
                0x00000638       0x3b bsp//libhal_bsp.a(alt_irq_vars.o)
 .debug_pubnames
                0x00000673       0x68 bsp//libhal_bsp.a(alt_tick.o)
 .debug_pubnames
                0x000006db       0x31 bsp//libhal_bsp.a(altera_nios2_qsys_irq.o)
 .debug_pubnames
                0x0000070c       0x1d /opt/altera/13.0sp1/nios2eds/bin/gnu/H-i686-pc-linux-gnu/bin/../lib/gcc/nios2-elf/4.1.2/../../../../nios2-elf/lib/mno-hw-mul/libsmallc.a(lib_a-memcmp.o)
 .debug_pubnames
                0x00000729       0x1d /opt/altera/13.0sp1/nios2eds/bin/gnu/H-i686-pc-linux-gnu/bin/../lib/gcc/nios2-elf/4.1.2/../../../../nios2-elf/lib/mno-hw-mul/libsmallc.a(lib_a-strlen.o)

.debug_info     0x00000000     0x6b54
 *(.debug_info .gnu.linkonce.wi.*)
 .debug_info    0x00000000       0x6d bsp//obj/HAL/src/crt0.o
 .debug_info    0x0000006d      0x140 obj/default/lab1/main.o
 .debug_info    0x000001ad      0x18e obj/default/lab1/puthex.o
 .debug_info    0x0000033b      0xbf5 obj/default/lab1/puttime.o
 .debug_info    0x00000f30       0xb2 obj/default/lab1/tick.o
 .debug_info    0x00000fe2       0x6f obj/default/lab1/delay_asm.o
 .debug_info    0x00001051       0x70 obj/default/lab1/hexasc_asm.o
 .debug_info    0x000010c1      0x636 /opt/altera/13.0sp1/nios2eds/bin/gnu/H-i686-pc-linux-gnu/bin/../lib/gcc/nios2-elf/4.1.2/../../../../nios2-elf/lib/mno-hw-mul/libsmallc.a(lib_a-impure.o)
 .debug_info    0x000016f7      0x6b8 /opt/altera/13.0sp1/nios2eds/bin/gnu/H-i686-pc-linux-gnu/bin/../lib/gcc/nios2-elf/4.1.2/../../../../nios2-elf/lib/mno-hw-mul/libsmallc.a(lib_a-putc.o)
 .debug_info    0x00001daf      0x68e /opt/altera/13.0sp1/nios2eds/bin/gnu/H-i686-pc-linux-gnu/bin/../lib/gcc/nios2-elf/4.1.2/../../../../nios2-elf/lib/mno-hw-mul/libsmallc.a(lib_a-fvwrite_small_dev.o)
 .debug_info    0x0000243d      0x68c /opt/altera/13.0sp1/nios2eds/bin/gnu/H-i686-pc-linux-gnu/bin/../lib/gcc/nios2-elf/4.1.2/../../../../nios2-elf/lib/mno-hw-mul/libsmallc.a(lib_a-writer.o)
 .debug_info    0x00002ac9       0x8c /opt/altera/13.0sp1/nios2eds/bin/gnu/H-i686-pc-linux-gnu/bin/../lib/gcc/nios2-elf/4.1.2/../../../../nios2-elf/lib/mno-hw-mul/libsmallc.a(lib_a-int_errno.o)
 .debug_info    0x00002b55      0x27f bsp//libhal_bsp.a(alt_load.o)
 .debug_info    0x00002dd4      0x201 bsp//libhal_bsp.a(alt_main.o)
 .debug_info    0x00002fd5      0x26e bsp//libhal_bsp.a(alt_write.o)
 .debug_info    0x00003243      0x598 bsp//libhal_bsp.a(alt_sys_init.o)
 .debug_info    0x000037db      0x2d8 bsp//libhal_bsp.a(altera_avalon_jtag_uart_write.o)
 .debug_info    0x00003ab3      0x37d bsp//libhal_bsp.a(altera_avalon_timer_sc.o)
 .debug_info    0x00003e30      0x8db bsp//libhal_bsp.a(altera_up_avalon_character_lcd.o)
 .debug_info    0x0000470b      0x14e bsp//libhal_bsp.a(alt_dcache_flush_all.o)
 .debug_info    0x00004859      0x671 bsp//libhal_bsp.a(alt_dev.o)
 .debug_info    0x00004eca      0x2a9 bsp//libhal_bsp.a(alt_dev_llist_insert.o)
 .debug_info    0x00005173      0x156 bsp//libhal_bsp.a(alt_errno.o)
 .debug_info    0x000052c9      0x40a bsp//libhal_bsp.a(alt_find_dev.o)
 .debug_info    0x000056d3      0x14e bsp//libhal_bsp.a(alt_icache_flush_all.o)
 .debug_info    0x00005821      0x485 bsp//libhal_bsp.a(alt_iic.o)
 .debug_info    0x00005ca6      0x306 bsp//libhal_bsp.a(alt_iic_isr_register.o)
 .debug_info    0x00005fac       0x76 bsp//libhal_bsp.a(alt_irq_entry.o)
 .debug_info    0x00006022      0x267 bsp//libhal_bsp.a(alt_irq_handler.o)
 .debug_info    0x00006289      0x159 bsp//libhal_bsp.a(alt_irq_vars.o)
 .debug_info    0x000063e2      0x3f0 bsp//libhal_bsp.a(alt_tick.o)
 .debug_info    0x000067d2      0x155 bsp//libhal_bsp.a(altera_nios2_qsys_irq.o)
 .debug_info    0x00006927       0x7c bsp//libhal_bsp.a(alt_exception_entry.o)
 .debug_info    0x000069a3       0xef /opt/altera/13.0sp1/nios2eds/bin/gnu/H-i686-pc-linux-gnu/bin/../lib/gcc/nios2-elf/4.1.2/../../../../nios2-elf/lib/mno-hw-mul/libsmallc.a(lib_a-memcmp.o)
 .debug_info    0x00006a92       0xc2 /opt/altera/13.0sp1/nios2eds/bin/gnu/H-i686-pc-linux-gnu/bin/../lib/gcc/nios2-elf/4.1.2/../../../../nios2-elf/lib/mno-hw-mul/libsmallc.a(lib_a-strlen.o)

.debug_abbrev   0x00000000     0x18f7
 *(.debug_abbrev)
 .debug_abbrev  0x00000000       0x12 bsp//obj/HAL/src/crt0.o
 .debug_abbrev  0x00000012       0x50 obj/default/lab1/main.o
 .debug_abbrev  0x00000062       0x8a obj/default/lab1/puthex.o
 .debug_abbrev  0x000000ec      0x18c obj/default/lab1/puttime.o
 .debug_abbrev  0x00000278       0x5d obj/default/lab1/tick.o
 .debug_abbrev  0x000002d5       0x14 obj/default/lab1/delay_asm.o
 .debug_abbrev  0x000002e9       0x14 obj/default/lab1/hexasc_asm.o
 .debug_abbrev  0x000002fd      0x13f /opt/altera/13.0sp1/nios2eds/bin/gnu/H-i686-pc-linux-gnu/bin/../lib/gcc/nios2-elf/4.1.2/../../../../nios2-elf/lib/mno-hw-mul/libsmallc.a(lib_a-impure.o)
 .debug_abbrev  0x0000043c      0x167 /opt/altera/13.0sp1/nios2eds/bin/gnu/H-i686-pc-linux-gnu/bin/../lib/gcc/nios2-elf/4.1.2/../../../../nios2-elf/lib/mno-hw-mul/libsmallc.a(lib_a-putc.o)
 .debug_abbrev  0x000005a3      0x179 /opt/altera/13.0sp1/nios2eds/bin/gnu/H-i686-pc-linux-gnu/bin/../lib/gcc/nios2-elf/4.1.2/../../../../nios2-elf/lib/mno-hw-mul/libsmallc.a(lib_a-fvwrite_small_dev.o)
 .debug_abbrev  0x0000071c      0x16c /opt/altera/13.0sp1/nios2eds/bin/gnu/H-i686-pc-linux-gnu/bin/../lib/gcc/nios2-elf/4.1.2/../../../../nios2-elf/lib/mno-hw-mul/libsmallc.a(lib_a-writer.o)
 .debug_abbrev  0x00000888       0x3b /opt/altera/13.0sp1/nios2eds/bin/gnu/H-i686-pc-linux-gnu/bin/../lib/gcc/nios2-elf/4.1.2/../../../../nios2-elf/lib/mno-hw-mul/libsmallc.a(lib_a-int_errno.o)
 .debug_abbrev  0x000008c3       0x88 bsp//libhal_bsp.a(alt_load.o)
 .debug_abbrev  0x0000094b       0xa6 bsp//libhal_bsp.a(alt_main.o)
 .debug_abbrev  0x000009f1       0xc3 bsp//libhal_bsp.a(alt_write.o)
 .debug_abbrev  0x00000ab4      0x14e bsp//libhal_bsp.a(alt_sys_init.o)
 .debug_abbrev  0x00000c02       0xb4 bsp//libhal_bsp.a(altera_avalon_jtag_uart_write.o)
 .debug_abbrev  0x00000cb6      0x137 bsp//libhal_bsp.a(altera_avalon_timer_sc.o)
 .debug_abbrev  0x00000ded      0x127 bsp//libhal_bsp.a(altera_up_avalon_character_lcd.o)
 .debug_abbrev  0x00000f14       0x3f bsp//libhal_bsp.a(alt_dcache_flush_all.o)
 .debug_abbrev  0x00000f53       0xc7 bsp//libhal_bsp.a(alt_dev.o)
 .debug_abbrev  0x0000101a       0xf6 bsp//libhal_bsp.a(alt_dev_llist_insert.o)
 .debug_abbrev  0x00001110       0x5e bsp//libhal_bsp.a(alt_errno.o)
 .debug_abbrev  0x0000116e       0xcf bsp//libhal_bsp.a(alt_find_dev.o)
 .debug_abbrev  0x0000123d       0x3f bsp//libhal_bsp.a(alt_icache_flush_all.o)
 .debug_abbrev  0x0000127c      0x134 bsp//libhal_bsp.a(alt_iic.o)
 .debug_abbrev  0x000013b0      0x14e bsp//libhal_bsp.a(alt_iic_isr_register.o)
 .debug_abbrev  0x000014fe       0x12 bsp//libhal_bsp.a(alt_irq_entry.o)
 .debug_abbrev  0x00001510      0x10c bsp//libhal_bsp.a(alt_irq_handler.o)
 .debug_abbrev  0x0000161c       0x44 bsp//libhal_bsp.a(alt_irq_vars.o)
 .debug_abbrev  0x00001660      0x150 bsp//libhal_bsp.a(alt_tick.o)
 .debug_abbrev  0x000017b0       0x3f bsp//libhal_bsp.a(altera_nios2_qsys_irq.o)
 .debug_abbrev  0x000017ef       0x12 bsp//libhal_bsp.a(alt_exception_entry.o)
 .debug_abbrev  0x00001801       0x7c /opt/altera/13.0sp1/nios2eds/bin/gnu/H-i686-pc-linux-gnu/bin/../lib/gcc/nios2-elf/4.1.2/../../../../nios2-elf/lib/mno-hw-mul/libsmallc.a(lib_a-memcmp.o)
 .debug_abbrev  0x0000187d       0x7a /opt/altera/13.0sp1/nios2eds/bin/gnu/H-i686-pc-linux-gnu/bin/../lib/gcc/nios2-elf/4.1.2/../../../../nios2-elf/lib/mno-hw-mul/libsmallc.a(lib_a-strlen.o)

.debug_line     0x00000000     0x4672
 *(.debug_line)
 .debug_line    0x00000000       0x66 bsp//obj/HAL/src/crt0.o
 .debug_line    0x00000066      0x20a obj/default/lab1/main.o
 .debug_line    0x00000270       0xb0 obj/default/lab1/puthex.o
 .debug_line    0x00000320      0x201 obj/default/lab1/puttime.o
 .debug_line    0x00000521       0x98 obj/default/lab1/tick.o
 .debug_line    0x000005b9       0x45 obj/default/lab1/delay_asm.o
 .debug_line    0x000005fe       0x46 obj/default/lab1/hexasc_asm.o
 .debug_line    0x00000644      0x230 /opt/altera/13.0sp1/nios2eds/bin/gnu/H-i686-pc-linux-gnu/bin/../lib/gcc/nios2-elf/4.1.2/../../../../nios2-elf/lib/mno-hw-mul/libsmallc.a(lib_a-impure.o)
 .debug_line    0x00000874      0x2d2 /opt/altera/13.0sp1/nios2eds/bin/gnu/H-i686-pc-linux-gnu/bin/../lib/gcc/nios2-elf/4.1.2/../../../../nios2-elf/lib/mno-hw-mul/libsmallc.a(lib_a-putc.o)
 .debug_line    0x00000b46      0x2a9 /opt/altera/13.0sp1/nios2eds/bin/gnu/H-i686-pc-linux-gnu/bin/../lib/gcc/nios2-elf/4.1.2/../../../../nios2-elf/lib/mno-hw-mul/libsmallc.a(lib_a-fvwrite_small_dev.o)
 .debug_line    0x00000def      0x29d /opt/altera/13.0sp1/nios2eds/bin/gnu/H-i686-pc-linux-gnu/bin/../lib/gcc/nios2-elf/4.1.2/../../../../nios2-elf/lib/mno-hw-mul/libsmallc.a(lib_a-writer.o)
 .debug_line    0x0000108c      0x1e2 /opt/altera/13.0sp1/nios2eds/bin/gnu/H-i686-pc-linux-gnu/bin/../lib/gcc/nios2-elf/4.1.2/../../../../nios2-elf/lib/mno-hw-mul/libsmallc.a(lib_a-int_errno.o)
 .debug_line    0x0000126e      0x225 bsp//libhal_bsp.a(alt_load.o)
 .debug_line    0x00001493      0x2b8 bsp//libhal_bsp.a(alt_main.o)
 .debug_line    0x0000174b      0x2ad bsp//libhal_bsp.a(alt_write.o)
 .debug_line    0x000019f8      0x301 bsp//libhal_bsp.a(alt_sys_init.o)
 .debug_line    0x00001cf9      0x312 bsp//libhal_bsp.a(altera_avalon_jtag_uart_write.o)
 .debug_line    0x0000200b      0x2c1 bsp//libhal_bsp.a(altera_avalon_timer_sc.o)
 .debug_line    0x000022cc      0x494 bsp//libhal_bsp.a(altera_up_avalon_character_lcd.o)
 .debug_line    0x00002760      0x1c3 bsp//libhal_bsp.a(alt_dcache_flush_all.o)
 .debug_line    0x00002923      0x262 bsp//libhal_bsp.a(alt_dev.o)
 .debug_line    0x00002b85      0x268 bsp//libhal_bsp.a(alt_dev_llist_insert.o)
 .debug_line    0x00002ded      0x1b8 bsp//libhal_bsp.a(alt_errno.o)
 .debug_line    0x00002fa5      0x279 bsp//libhal_bsp.a(alt_find_dev.o)
 .debug_line    0x0000321e      0x1c3 bsp//libhal_bsp.a(alt_icache_flush_all.o)
 .debug_line    0x000033e1      0x2d6 bsp//libhal_bsp.a(alt_iic.o)
 .debug_line    0x000036b7      0x257 bsp//libhal_bsp.a(alt_iic_isr_register.o)
 .debug_line    0x0000390e       0x6b bsp//libhal_bsp.a(alt_irq_entry.o)
 .debug_line    0x00003979      0x256 bsp//libhal_bsp.a(alt_irq_handler.o)
 .debug_line    0x00003bcf       0x72 bsp//libhal_bsp.a(alt_irq_vars.o)
 .debug_line    0x00003c41      0x2ea bsp//libhal_bsp.a(alt_tick.o)
 .debug_line    0x00003f2b      0x1dc bsp//libhal_bsp.a(altera_nios2_qsys_irq.o)
 .debug_line    0x00004107       0xab bsp//libhal_bsp.a(alt_exception_entry.o)
 .debug_line    0x000041b2      0x270 /opt/altera/13.0sp1/nios2eds/bin/gnu/H-i686-pc-linux-gnu/bin/../lib/gcc/nios2-elf/4.1.2/../../../../nios2-elf/lib/mno-hw-mul/libsmallc.a(lib_a-memcmp.o)
 .debug_line    0x00004422      0x250 /opt/altera/13.0sp1/nios2eds/bin/gnu/H-i686-pc-linux-gnu/bin/../lib/gcc/nios2-elf/4.1.2/../../../../nios2-elf/lib/mno-hw-mul/libsmallc.a(lib_a-strlen.o)

.debug_frame    0x00000000      0x708
 *(.debug_frame)
 .debug_frame   0x00000000       0x2c obj/default/lab1/main.o
 .debug_frame   0x0000002c       0x4c obj/default/lab1/puthex.o
 .debug_frame   0x00000078       0x2c obj/default/lab1/puttime.o
 .debug_frame   0x000000a4       0x2c obj/default/lab1/tick.o
 .debug_frame   0x000000d0       0x48 /opt/altera/13.0sp1/nios2eds/bin/gnu/H-i686-pc-linux-gnu/bin/../lib/gcc/nios2-elf/4.1.2/../../../../nios2-elf/lib/mno-hw-mul/libsmallc.a(lib_a-putc.o)
 .debug_frame   0x00000118       0x30 /opt/altera/13.0sp1/nios2eds/bin/gnu/H-i686-pc-linux-gnu/bin/../lib/gcc/nios2-elf/4.1.2/../../../../nios2-elf/lib/mno-hw-mul/libsmallc.a(lib_a-fvwrite_small_dev.o)
 .debug_frame   0x00000148       0x2c /opt/altera/13.0sp1/nios2eds/bin/gnu/H-i686-pc-linux-gnu/bin/../lib/gcc/nios2-elf/4.1.2/../../../../nios2-elf/lib/mno-hw-mul/libsmallc.a(lib_a-writer.o)
 .debug_frame   0x00000174       0x48 bsp//libhal_bsp.a(alt_load.o)
 .debug_frame   0x000001bc       0x2c bsp//libhal_bsp.a(alt_main.o)
 .debug_frame   0x000001e8       0x48 bsp//libhal_bsp.a(alt_write.o)
 .debug_frame   0x00000230       0x64 bsp//libhal_bsp.a(alt_sys_init.o)
 .debug_frame   0x00000294       0x2c bsp//libhal_bsp.a(altera_avalon_jtag_uart_write.o)
 .debug_frame   0x000002c0       0x48 bsp//libhal_bsp.a(altera_avalon_timer_sc.o)
 .debug_frame   0x00000308      0x17c bsp//libhal_bsp.a(altera_up_avalon_character_lcd.o)
 .debug_frame   0x00000484       0x2c bsp//libhal_bsp.a(alt_dcache_flush_all.o)
 .debug_frame   0x000004b0       0x2c bsp//libhal_bsp.a(alt_dev.o)
 .debug_frame   0x000004dc       0x48 bsp//libhal_bsp.a(alt_dev_llist_insert.o)
 .debug_frame   0x00000524       0x2c bsp//libhal_bsp.a(alt_find_dev.o)
 .debug_frame   0x00000550       0x2c bsp//libhal_bsp.a(alt_icache_flush_all.o)
 .debug_frame   0x0000057c       0x80 bsp//libhal_bsp.a(alt_iic.o)
 .debug_frame   0x000005fc       0x2c bsp//libhal_bsp.a(alt_iic_isr_register.o)
 .debug_frame   0x00000628       0x2c bsp//libhal_bsp.a(alt_irq_handler.o)
 .debug_frame   0x00000654       0x48 bsp//libhal_bsp.a(alt_tick.o)
 .debug_frame   0x0000069c       0x2c bsp//libhal_bsp.a(altera_nios2_qsys_irq.o)
 .debug_frame   0x000006c8       0x20 /opt/altera/13.0sp1/nios2eds/bin/gnu/H-i686-pc-linux-gnu/bin/../lib/gcc/nios2-elf/4.1.2/../../../../nios2-elf/lib/mno-hw-mul/libsmallc.a(lib_a-memcmp.o)
 .debug_frame   0x000006e8       0x20 /opt/altera/13.0sp1/nios2eds/bin/gnu/H-i686-pc-linux-gnu/bin/../lib/gcc/nios2-elf/4.1.2/../../../../nios2-elf/lib/mno-hw-mul/libsmallc.a(lib_a-strlen.o)

.debug_str      0x00000000      0x925
 *(.debug_str)
 .debug_str     0x00000000       0x12 obj/default/lab1/main.o
 .debug_str     0x00000012       0x12 obj/default/lab1/puthex.o
 .debug_str     0x00000024       0x20 obj/default/lab1/puttime.o
 .debug_str     0x00000044      0x40a /opt/altera/13.0sp1/nios2eds/bin/gnu/H-i686-pc-linux-gnu/bin/../lib/gcc/nios2-elf/4.1.2/../../../../nios2-elf/lib/mno-hw-mul/libsmallc.a(lib_a-impure.o)
                                0x462 (size before relaxing)
 .debug_str     0x0000044e       0xf0 /opt/altera/13.0sp1/nios2eds/bin/gnu/H-i686-pc-linux-gnu/bin/../lib/gcc/nios2-elf/4.1.2/../../../../nios2-elf/lib/mno-hw-mul/libsmallc.a(lib_a-putc.o)
                                0x45a (size before relaxing)
 .debug_str     0x0000053e       0x70 /opt/altera/13.0sp1/nios2eds/bin/gnu/H-i686-pc-linux-gnu/bin/../lib/gcc/nios2-elf/4.1.2/../../../../nios2-elf/lib/mno-hw-mul/libsmallc.a(lib_a-fvwrite_small_dev.o)
                                0x46f (size before relaxing)
 .debug_str     0x000005ae       0x4f /opt/altera/13.0sp1/nios2eds/bin/gnu/H-i686-pc-linux-gnu/bin/../lib/gcc/nios2-elf/4.1.2/../../../../nios2-elf/lib/mno-hw-mul/libsmallc.a(lib_a-writer.o)
                                0x456 (size before relaxing)
 .debug_str     0x000005fd       0x40 /opt/altera/13.0sp1/nios2eds/bin/gnu/H-i686-pc-linux-gnu/bin/../lib/gcc/nios2-elf/4.1.2/../../../../nios2-elf/lib/mno-hw-mul/libsmallc.a(lib_a-int_errno.o)
                                0x17c (size before relaxing)
 .debug_str     0x0000063d       0x12 bsp//libhal_bsp.a(alt_load.o)
 .debug_str     0x0000064f       0x12 bsp//libhal_bsp.a(alt_main.o)
 .debug_str     0x00000661       0x12 bsp//libhal_bsp.a(alt_write.o)
 .debug_str     0x00000673       0x2b bsp//libhal_bsp.a(alt_sys_init.o)
 .debug_str     0x0000069e       0x12 bsp//libhal_bsp.a(altera_avalon_jtag_uart_write.o)
 .debug_str     0x000006b0       0x12 bsp//libhal_bsp.a(altera_avalon_timer_sc.o)
 .debug_str     0x000006c2       0x55 bsp//libhal_bsp.a(altera_up_avalon_character_lcd.o)
 .debug_str     0x00000717       0x12 bsp//libhal_bsp.a(alt_dcache_flush_all.o)
 .debug_str     0x00000729       0x12 bsp//libhal_bsp.a(alt_dev.o)
 .debug_str     0x0000073b       0x12 bsp//libhal_bsp.a(alt_dev_llist_insert.o)
 .debug_str     0x0000074d       0x12 bsp//libhal_bsp.a(alt_errno.o)
 .debug_str     0x0000075f       0x12 bsp//libhal_bsp.a(alt_find_dev.o)
 .debug_str     0x00000771       0x12 bsp//libhal_bsp.a(alt_icache_flush_all.o)
 .debug_str     0x00000783       0x18 bsp//libhal_bsp.a(alt_iic.o)
 .debug_str     0x0000079b       0x1a bsp//libhal_bsp.a(alt_iic_isr_register.o)
 .debug_str     0x000007b5       0x12 bsp//libhal_bsp.a(alt_irq_handler.o)
 .debug_str     0x000007c7       0x1a bsp//libhal_bsp.a(alt_tick.o)
 .debug_str     0x000007e1       0x12 bsp//libhal_bsp.a(altera_nios2_qsys_irq.o)
 .debug_str     0x000007f3       0xe7 /opt/altera/13.0sp1/nios2eds/bin/gnu/H-i686-pc-linux-gnu/bin/../lib/gcc/nios2-elf/4.1.2/../../../../nios2-elf/lib/mno-hw-mul/libsmallc.a(lib_a-memcmp.o)
                                0x183 (size before relaxing)
 .debug_str     0x000008da       0x4b /opt/altera/13.0sp1/nios2eds/bin/gnu/H-i686-pc-linux-gnu/bin/../lib/gcc/nios2-elf/4.1.2/../../../../nios2-elf/lib/mno-hw-mul/libsmallc.a(lib_a-strlen.o)
                                0x189 (size before relaxing)

.debug_loc      0x00000000      0xabf
 *(.debug_loc)
 .debug_loc     0x00000000       0x2b obj/default/lab1/main.o
 .debug_loc     0x0000002b       0x56 obj/default/lab1/puthex.o
 .debug_loc     0x00000081       0x2b obj/default/lab1/puttime.o
 .debug_loc     0x000000ac       0x2b obj/default/lab1/tick.o
 .debug_loc     0x000000d7       0xd4 /opt/altera/13.0sp1/nios2eds/bin/gnu/H-i686-pc-linux-gnu/bin/../lib/gcc/nios2-elf/4.1.2/../../../../nios2-elf/lib/mno-hw-mul/libsmallc.a(lib_a-putc.o)
 .debug_loc     0x000001ab      0x162 /opt/altera/13.0sp1/nios2eds/bin/gnu/H-i686-pc-linux-gnu/bin/../lib/gcc/nios2-elf/4.1.2/../../../../nios2-elf/lib/mno-hw-mul/libsmallc.a(lib_a-fvwrite_small_dev.o)
 .debug_loc     0x0000030d       0x97 /opt/altera/13.0sp1/nios2eds/bin/gnu/H-i686-pc-linux-gnu/bin/../lib/gcc/nios2-elf/4.1.2/../../../../nios2-elf/lib/mno-hw-mul/libsmallc.a(lib_a-writer.o)
 .debug_loc     0x000003a4       0x56 bsp//libhal_bsp.a(alt_load.o)
 .debug_loc     0x000003fa       0x2b bsp//libhal_bsp.a(alt_main.o)
 .debug_loc     0x00000425       0x56 bsp//libhal_bsp.a(alt_write.o)
 .debug_loc     0x0000047b       0x81 bsp//libhal_bsp.a(alt_sys_init.o)
 .debug_loc     0x000004fc       0x2b bsp//libhal_bsp.a(altera_avalon_jtag_uart_write.o)
 .debug_loc     0x00000527       0x56 bsp//libhal_bsp.a(altera_avalon_timer_sc.o)
 .debug_loc     0x0000057d      0x22f bsp//libhal_bsp.a(altera_up_avalon_character_lcd.o)
 .debug_loc     0x000007ac       0x2b bsp//libhal_bsp.a(alt_dcache_flush_all.o)
 .debug_loc     0x000007d7       0x2b bsp//libhal_bsp.a(alt_dev.o)
 .debug_loc     0x00000802       0x56 bsp//libhal_bsp.a(alt_dev_llist_insert.o)
 .debug_loc     0x00000858       0x2b bsp//libhal_bsp.a(alt_find_dev.o)
 .debug_loc     0x00000883       0x2b bsp//libhal_bsp.a(alt_icache_flush_all.o)
 .debug_loc     0x000008ae       0xac bsp//libhal_bsp.a(alt_iic.o)
 .debug_loc     0x0000095a       0x2b bsp//libhal_bsp.a(alt_iic_isr_register.o)
 .debug_loc     0x00000985       0x2b bsp//libhal_bsp.a(alt_irq_handler.o)
 .debug_loc     0x000009b0       0x56 bsp//libhal_bsp.a(alt_tick.o)
 .debug_loc     0x00000a06       0x2b bsp//libhal_bsp.a(altera_nios2_qsys_irq.o)
 .debug_loc     0x00000a31       0x70 /opt/altera/13.0sp1/nios2eds/bin/gnu/H-i686-pc-linux-gnu/bin/../lib/gcc/nios2-elf/4.1.2/../../../../nios2-elf/lib/mno-hw-mul/libsmallc.a(lib_a-memcmp.o)
 .debug_loc     0x00000aa1       0x1e /opt/altera/13.0sp1/nios2eds/bin/gnu/H-i686-pc-linux-gnu/bin/../lib/gcc/nios2-elf/4.1.2/../../../../nios2-elf/lib/mno-hw-mul/libsmallc.a(lib_a-strlen.o)

.debug_macinfo
 *(.debug_macinfo)

.debug_weaknames
 *(.debug_weaknames)

.debug_funcnames
 *(.debug_funcnames)

.debug_typenames
 *(.debug_typenames)

.debug_varnames
 *(.debug_varnames)

.debug_alt_sim_info
                0x00000000       0x10
 *(.debug_alt_sim_info)
 .debug_alt_sim_info
                0x00000000       0x10 bsp//obj/HAL/src/crt0.o
                0x01800000                __alt_data_end = 0x1800000
                0x01800000                PROVIDE (__alt_stack_pointer, __alt_data_end)
                0x01001cb0                PROVIDE (__alt_stack_limit, __alt_stack_base)
                0x01001cb0                PROVIDE (__alt_heap_start, end)
                0x01800000                PROVIDE (__alt_heap_limit, 0x1800000)
OUTPUT(lab1-io-sol1.elf elf32-littlenios2)

.debug_ranges   0x00000000       0x78
 .debug_ranges  0x00000000       0x20 bsp//obj/HAL/src/crt0.o
 .debug_ranges  0x00000020       0x28 bsp//libhal_bsp.a(alt_irq_entry.o)
 .debug_ranges  0x00000048       0x30 bsp//libhal_bsp.a(alt_exception_entry.o)
